[     0.0s] legolaselpelotero (STEEL) - THE BEETLE'S BALL (4,9). Gates first.
[     0.2s] BENCH modmul: runtime-% 207 Mops/s vs constexpr-% 212 Mops/s -> constexpr COMMITTED (acc 0)
[     0.2s] building Gram (4,3): 405 planes (raw int8 0 MB)
[     0.2s] Gram (4,3) built
[     0.2s]   [gate1] level 0 done: 19 divisors; residual 386x386
[     0.2s]   [gate1] level 1 done: 1 divisors; residual 385x385
[     0.2s]   [gate1] level 2 done: 1 divisors; residual 384x384
[     0.2s]   [gate1] level 3 done: 0 divisors; residual 384x384
GATE (4,3) at mod 3^17: {0: 19, 1: 1, 2: 1, 3: 0}
[     0.2s] GATE (4,3) -> PASS
[     0.2s] building Gram fam d=9: 729 planes (raw int8 1 MB)
[     0.2s] Gram fam d=9 built
[     0.3s]   [gate2] level 0 done: 23 divisors; residual 706x706
[     0.3s]   [gate2] level 1 done: 0 divisors; residual 706x706
[     0.3s]   [gate2] level 2 done: 147 divisors; residual 559x559
[     0.3s]   [gate2] level 3 done: 0 divisors; residual 559x559
[     0.4s]   [gate2] level 4 done: 343 divisors; residual 216x216
[     0.4s]   [gate2] level 5 done: 0 divisors; residual 216x216
GATE fam d=9: rank 513 heights {0: 23, 1: 0, 2: 147, 3: 0, 4: 343, 5: 0}
[     0.4s] GATE fam d=9 -> PASS
[     2.4s]   [bench] rank pass: 185 pivots (col 185/1500)
[     4.4s]   [bench] rank pass: 447 pivots (col 447/1500)
[     6.4s]   [bench] rank pass: 1112 pivots (col 1112/1500)
[     6.5s] BENCH elimination: 184 Mupd/s (n=1500 in 6.1s; gate2 729-elim 0.04s)
[     6.5s] PROJECTION (this machine, full speed, ASSUMING seal rank 8001): rank pass ~2322 s (~39 min);
[     6.5s] PROJECTION peel: comparable order (distribution unknown, below-clearing only). 25% throttle scales up. Measured, not promised.
[     6.5s] THE SHOT: (4,9), 10935 planes. SEAL ON THE TABLE: rank 8001. No profile committed.
[     6.5s] RAM ledger: raw Gram int8 = 0.11 GB
[     6.5s] building Gram (4,9): 10935 planes (raw int8 114 MB)
[     8.0s] Gram (4,9) built
[     8.0s] RAM ledger: bufA u32 = 0.45 GB (running total 0.56 GB)
[    10.2s]   [4,9] rank pass: 29 pivots (col 31/10935)
[    12.2s]   [4,9] rank pass: 68 pivots (col 84/10935)
[    14.3s]   [4,9] rank pass: 92 pivots (col 111/10935)
[    16.3s]   [4,9] rank pass: 117 pivots (col 139/10935)
[    18.4s]   [4,9] rank pass: 146 pivots (col 181/10935)
[    20.5s]   [4,9] rank pass: 164 pivots (col 201/10935)
[    22.5s]   [4,9] rank pass: 189 pivots (col 229/10935)
[    24.5s]   [4,9] rank pass: 212 pivots (col 264/10935)
[    26.6s]   [4,9] rank pass: 229 pivots (col 283/10935)
[    28.6s]   [4,9] rank pass: 252 pivots (col 309/10935)
[    30.6s]   [4,9] rank pass: 276 pivots (col 345/10935)
[    32.7s]   [4,9] rank pass: 293 pivots (col 364/10935)
[    34.7s]   [4,9] rank pass: 316 pivots (col 390/10935)
[    36.7s]   [4,9] rank pass: 342 pivots (col 428/10935)
[    38.8s]   [4,9] rank pass: 363 pivots (col 452/10935)
[    40.8s]   [4,9] rank pass: 394 pivots (col 496/10935)
[    42.8s]   [4,9] rank pass: 421 pivots (col 526/10935)
[    44.8s]   [4,9] rank pass: 458 pivots (col 577/10935)
[    46.8s]   [4,9] rank pass: 497 pivots (col 620/10935)
[    48.8s]   [4,9] rank pass: 534 pivots (col 752/10935)
[    50.8s]   [4,9] rank pass: 567 pivots (col 789/10935)
[    52.9s]   [4,9] rank pass: 594 pivots (col 838/10935)
[    55.0s]   [4,9] rank pass: 627 pivots (col 893/10935)
[    57.0s]   [4,9] rank pass: 651 pivots (col 920/10935)
[    59.1s]   [4,9] rank pass: 683 pivots (col 974/10935)
[    61.1s]   [4,9] rank pass: 707 pivots (col 1001/10935)
[    63.2s]   [4,9] rank pass: 738 pivots (col 1054/10935)
[    65.2s]   [4,9] rank pass: 763 pivots (col 1082/10935)
[    67.3s]   [4,9] rank pass: 795 pivots (col 1136/10935)
[    69.3s]   [4,9] rank pass: 821 pivots (col 1165/10935)
[    71.3s]   [4,9] rank pass: 857 pivots (col 1223/10935)
[    73.3s]   [4,9] rank pass: 884 pivots (col 1254/10935)
[    75.3s]   [4,9] rank pass: 925 pivots (col 1318/10935)
[    77.4s]   [4,9] rank pass: 966 pivots (col 1463/10935)
[    79.4s]   [4,9] rank pass: 1042 pivots (col 1576/10935)
[    81.4s]   [4,9] rank pass: 1117 pivots (col 1714/10935)
[    83.4s]   [4,9] rank pass: 1185 pivots (col 1817/10935)
[    85.4s]   [4,9] rank pass: 1263 pivots (col 1959/10935)
[    87.4s]   [4,9] rank pass: 1352 pivots (col 2194/10935)
[    89.4s]   [4,9] rank pass: 1383 pivots (col 2229/10935)
[    91.4s]   [4,9] rank pass: 1422 pivots (col 2282/10935)
[    93.6s]   [4,9] rank pass: 1443 pivots (col 2306/10935)
[    95.7s]   [4,9] rank pass: 1461 pivots (col 2326/10935)
[    97.7s]   [4,9] rank pass: 1480 pivots (col 2356/10935)
[    99.7s]   [4,9] rank pass: 1499 pivots (col 2378/10935)
[   101.7s]   [4,9] rank pass: 1518 pivots (col 2399/10935)
[   103.8s]   [4,9] rank pass: 1539 pivots (col 2432/10935)
[   105.8s]   [4,9] rank pass: 1560 pivots (col 2455/10935)
[   107.8s]   [4,9] rank pass: 1582 pivots (col 2480/10935)
[   109.9s]   [4,9] rank pass: 1606 pivots (col 2516/10935)
[   111.9s]   [4,9] rank pass: 1631 pivots (col 2544/10935)
[   113.9s]   [4,9] rank pass: 1659 pivots (col 2576/10935)
[   116.0s]   [4,9] rank pass: 1690 pivots (col 2620/10935)
[   118.0s]   [4,9] rank pass: 1724 pivots (col 2658/10935)
[   120.0s]   [4,9] rank pass: 1768 pivots (col 2716/10935)
[   122.1s]   [4,9] rank pass: 1816 pivots (col 2941/10935)
[   124.1s]   [4,9] rank pass: 1854 pivots (col 3002/10935)
[   126.1s]   [4,9] rank pass: 1877 pivots (col 3028/10935)
[   128.2s]   [4,9] rank pass: 1901 pivots (col 3055/10935)
[   130.2s]   [4,9] rank pass: 1927 pivots (col 3102/10935)
[   132.3s]   [4,9] rank pass: 1951 pivots (col 3129/10935)
[   134.3s]   [4,9] rank pass: 1979 pivots (col 3179/10935)
[   136.3s]   [4,9] rank pass: 2006 pivots (col 3209/10935)
[   138.3s]   [4,9] rank pass: 2036 pivots (col 3261/10935)
[   140.4s]   [4,9] rank pass: 2064 pivots (col 3292/10935)
[   142.4s]   [4,9] rank pass: 2097 pivots (col 3347/10935)
[   144.4s]   [4,9] rank pass: 2131 pivots (col 3404/10935)
[   146.5s]   [4,9] rank pass: 2173 pivots (col 3451/10935)
[   148.5s]   [4,9] rank pass: 2251 pivots (col 3746/10935)
[   150.5s]   [4,9] rank pass: 2304 pivots (col 3832/10935)
[   152.5s]   [4,9] rank pass: 2359 pivots (col 3921/10935)
[   154.6s]   [4,9] rank pass: 2419 pivots (col 4016/10935)
[   156.6s]   [4,9] rank pass: 2485 pivots (col 4144/10935)
[   158.6s]   [4,9] rank pass: 2567 pivots (col 4425/10935)
[   160.6s]   [4,9] rank pass: 2628 pivots (col 4503/10935)
[   162.7s]   [4,9] rank pass: 2685 pivots (col 4576/10935)
[   164.7s]   [4,9] rank pass: 2753 pivots (col 4661/10935)
[   166.7s]   [4,9] rank pass: 2853 pivots (col 4792/10935)
[   168.7s]   [4,9] rank pass: 2940 pivots (col 5142/10935)
[   170.7s]   [4,9] rank pass: 2984 pivots (col 5209/10935)
[   172.7s]   [4,9] rank pass: 3025 pivots (col 5273/10935)
[   174.8s]   [4,9] rank pass: 3069 pivots (col 5323/10935)
[   176.8s]   [4,9] rank pass: 3117 pivots (col 5395/10935)
[   178.8s]   [4,9] rank pass: 3169 pivots (col 5471/10935)
[   180.8s]   [4,9] rank pass: 3228 pivots (col 5556/10935)
[   182.8s]   [4,9] rank pass: 3341 pivots (col 5962/10935)
[   184.8s]   [4,9] rank pass: 3444 pivots (col 6159/10935)
[   186.8s]   [4,9] rank pass: 3566 pivots (col 6593/10935)
[   188.9s]   [4,9] rank pass: 3644 pivots (col 6690/10935)
[   190.9s]   [4,9] rank pass: 3734 pivots (col 6809/10935)
[   192.9s]   [4,9] rank pass: 3881 pivots (col 7298/10935)
[   194.9s]   [4,9] rank pass: 3998 pivots (col 7466/10935)
[   196.9s]   [4,9] rank pass: 4183 pivots (col 8043/10935)
[   198.9s]   [4,9] rank pass: 4480 pivots (col 8845/10935)
[   200.9s]   [4,9] rank pass: 4853 pivots (col 9697/10935)
[   201.3s] rank = 5121 (SEAL 8001: MISS - high information, do not dismiss; continuing to profile)
[   201.4s] RAM ledger: raw freed; bufB u32 = 0.45 GB (DECLARED PEAK 0.89 GB, guard 5.4)
[   203.4s]   [4,9] level 0: 25 pivots (col 28/10935, rows 10935)
[   205.5s]   [4,9] level 0: 42 pivots (col 95/10935, rows 10935)
[   207.7s]   [4,9] level 0: 48 pivots (col 103/10935, rows 10935)
[   209.8s]   [4,9] level 0: 53 pivots (col 127/10935, rows 10935)
[   212.0s]   [4,9] level 0: 59 pivots (col 166/10935, rows 10935)
[   214.2s]   [4,9] level 0: 65 pivots (col 174/10935, rows 10935)
[   216.5s]   [4,9] level 0: 72 pivots (col 184/10935, rows 10935)
[   218.5s]   [4,9] level 0: 80 pivots (col 406/10935, rows 10935)
[   220.9s]   [4,9] level 0: 87 pivots (col 734/10935, rows 10935)
[   223.0s]   [4,9] level 0: 91 pivots (col 739/10935, rows 10935)
[   225.1s]   [4,9] level 0: 95 pivots (col 743/10935, rows 10935)
[   227.1s]   [4,9] level 0: 99 pivots (col 749/10935, rows 10935)
[   229.6s]   [4,9] level 0: 104 pivots (col 766/10935, rows 10935)
[   232.0s]   [4,9] level 0: 109 pivots (col 813/10935, rows 10935)
[   234.4s]   [4,9] level 0: 114 pivots (col 818/10935, rows 10935)
[   236.5s]   [4,9] level 0: 118 pivots (col 823/10935, rows 10935)
[   238.5s]   [4,9] level 0: 122 pivots (col 829/10935, rows 10935)
[   240.5s]   [4,9] level 0: 126 pivots (col 833/10935, rows 10935)
[   242.5s]   [4,9] level 0: 130 pivots (col 865/10935, rows 10935)
[   245.0s]   [4,9] level 0: 135 pivots (col 896/10935, rows 10935)
[   247.5s]   [4,9] level 0: 140 pivots (col 903/10935, rows 10935)
[   250.0s]   [4,9] level 0: 145 pivots (col 912/10935, rows 10935)
[   252.4s]   [4,9] level 0: 150 pivots (col 973/10935, rows 10935)
[   254.9s]   [4,9] level 0: 155 pivots (col 1462/10935, rows 10935)
[   256.9s]   [4,9] level 0: 159 pivots (col 1468/10935, rows 10935)
[   259.0s]   [4,9] level 0: 163 pivots (col 1472/10935, rows 10935)
[   261.0s]   [4,9] level 0: 167 pivots (col 1480/10935, rows 10935)
[   263.0s]   [4,9] level 0: 171 pivots (col 1540/10935, rows 10935)
[   265.0s]   [4,9] level 0: 175 pivots (col 1544/10935, rows 10935)
[   267.0s]   [4,9] level 0: 179 pivots (col 1550/10935, rows 10935)
[   269.0s]   [4,9] level 0: 183 pivots (col 1558/10935, rows 10935)
[   271.5s]   [4,9] level 0: 188 pivots (col 1576/10935, rows 10935)
[   274.0s]   [4,9] level 0: 193 pivots (col 1624/10935, rows 10935)
[   276.5s]   [4,9] level 0: 198 pivots (col 1631/10935, rows 10935)
[   279.0s]   [4,9] level 0: 203 pivots (col 1640/10935, rows 10935)
[   281.4s]   [4,9] level 0: 208 pivots (col 1666/10935, rows 10935)
[   283.9s]   [4,9] level 0: 213 pivots (col 2190/10935, rows 10935)
[   286.0s]   [4,9] level 0: 217 pivots (col 2194/10935, rows 10935)
[   288.2s]   [4,9] level 0: 221 pivots (col 2199/10935, rows 10935)
[   290.3s]   [4,9] level 0: 225 pivots (col 2203/10935, rows 10935)
[   292.4s]   [4,9] level 0: 229 pivots (col 2209/10935, rows 10935)
[   294.6s]   [4,9] level 0: 233 pivots (col 2224/10935, rows 10935)
[   296.7s]   [4,9] level 0: 237 pivots (col 2269/10935, rows 10935)
[   298.9s]   [4,9] level 0: 241 pivots (col 2273/10935, rows 10935)
[   301.2s]   [4,9] level 0: 245 pivots (col 2279/10935, rows 10935)
[   303.4s]   [4,9] level 0: 249 pivots (col 2283/10935, rows 10935)
[   305.5s]   [4,9] level 0: 253 pivots (col 2290/10935, rows 10935)
[   307.6s]   [4,9] level 0: 257 pivots (col 2314/10935, rows 10935)
[   309.8s]   [4,9] level 0: 261 pivots (col 2352/10935, rows 10935)
[   311.9s]   [4,9] level 0: 265 pivots (col 2359/10935, rows 10935)
[   314.0s]   [4,9] level 0: 269 pivots (col 2363/10935, rows 10935)
[   316.2s]   [4,9] level 0: 273 pivots (col 2431/10935, rows 10935)
[   318.3s]   [4,9] level 0: 277 pivots (col 2917/10935, rows 10935)
[   320.5s]   [4,9] level 0: 281 pivots (col 2921/10935, rows 10935)
[   322.7s]   [4,9] level 0: 285 pivots (col 2926/10935, rows 10935)
[   324.9s]   [4,9] level 0: 289 pivots (col 2930/10935, rows 10935)
[   327.1s]   [4,9] level 0: 293 pivots (col 2936/10935, rows 10935)
[   329.2s]   [4,9] level 0: 297 pivots (col 2944/10935, rows 10935)
[   331.4s]   [4,9] level 0: 301 pivots (col 2998/10935, rows 10935)
[   333.5s]   [4,9] level 0: 305 pivots (col 3002/10935, rows 10935)
[   335.7s]   [4,9] level 0: 309 pivots (col 3008/10935, rows 10935)
[   337.8s]   [4,9] level 0: 313 pivots (col 3016/10935, rows 10935)
[   340.0s]   [4,9] level 0: 317 pivots (col 3020/10935, rows 10935)
[   342.1s]   [4,9] level 0: 321 pivots (col 3079/10935, rows 10935)
[   344.2s]   [4,9] level 0: 325 pivots (col 3083/10935, rows 10935)
[   346.4s]   [4,9] level 0: 329 pivots (col 3090/10935, rows 10935)
[   348.5s]   [4,9] level 0: 333 pivots (col 3106/10935, rows 10935)
[   350.7s]   [4,9] level 0: 337 pivots (col 3647/10935, rows 10935)
[   352.8s]   [4,9] level 0: 341 pivots (col 3651/10935, rows 10935)
[   354.9s]   [4,9] level 0: 345 pivots (col 3657/10935, rows 10935)
[   357.1s]   [4,9] level 0: 349 pivots (col 3665/10935, rows 10935)
[   359.2s]   [4,9] level 0: 353 pivots (col 3682/10935, rows 10935)
[   361.4s]   [4,9] level 0: 357 pivots (col 3729/10935, rows 10935)
[   363.5s]   [4,9] level 0: 361 pivots (col 3733/10935, rows 10935)
[   365.7s]   [4,9] level 0: 365 pivots (col 3739/10935, rows 10935)
[   367.8s]   [4,9] level 0: 369 pivots (col 3747/10935, rows 10935)
[   370.0s]   [4,9] level 0: 373 pivots (col 3772/10935, rows 10935)
[   372.1s]   [4,9] level 0: 377 pivots (col 3811/10935, rows 10935)
[   374.2s]   [4,9] level 0: 381 pivots (col 3819/10935, rows 10935)
[   376.3s]   [4,9] level 0: 385 pivots (col 3844/10935, rows 10935)
[   378.5s]   [4,9] level 0: 389 pivots (col 4377/10935, rows 10935)
[   380.6s]   [4,9] level 0: 393 pivots (col 4381/10935, rows 10935)
[   382.7s]   [4,9] level 0: 397 pivots (col 4387/10935, rows 10935)
[   384.8s]   [4,9] level 0: 401 pivots (col 4394/10935, rows 10935)
[   387.0s]   [4,9] level 0: 405 pivots (col 4402/10935, rows 10935)
[   389.1s]   [4,9] level 0: 409 pivots (col 4456/10935, rows 10935)
[   391.2s]   [4,9] level 0: 413 pivots (col 4460/10935, rows 10935)
[   393.3s]   [4,9] level 0: 417 pivots (col 4467/10935, rows 10935)
[   395.5s]   [4,9] level 0: 421 pivots (col 4475/10935, rows 10935)
[   397.6s]   [4,9] level 0: 425 pivots (col 4492/10935, rows 10935)
[   399.7s]   [4,9] level 0: 429 pivots (col 4540/10935, rows 10935)
[   401.8s]   [4,9] level 0: 433 pivots (col 4548/10935, rows 10935)
[   403.9s]   [4,9] level 0: 437 pivots (col 4618/10935, rows 10935)
[   406.1s]   [4,9] level 0: 441 pivots (col 5105/10935, rows 10935)
[   408.2s]   [4,9] level 0: 445 pivots (col 5109/10935, rows 10935)
[   410.3s]   [4,9] level 0: 449 pivots (col 5115/10935, rows 10935)
[   412.4s]   [4,9] level 0: 453 pivots (col 5122/10935, rows 10935)
[   414.6s]   [4,9] level 0: 457 pivots (col 5126/10935, rows 10935)
[   416.7s]   [4,9] level 0: 461 pivots (col 5158/10935, rows 10935)
[   418.8s]   [4,9] level 0: 465 pivots (col 5188/10935, rows 10935)
[   420.9s]   [4,9] level 0: 469 pivots (col 5195/10935, rows 10935)
[   423.0s]   [4,9] level 0: 473 pivots (col 5203/10935, rows 10935)
[   425.1s]   [4,9] level 0: 477 pivots (col 5212/10935, rows 10935)
[   427.2s]   [4,9] level 0: 481 pivots (col 5267/10935, rows 10935)
[   429.3s]   [4,9] level 0: 485 pivots (col 5275/10935, rows 10935)
[   431.4s]   [4,9] level 0: 489 pivots (col 5347/10935, rows 10935)
[   433.5s]   [4,9] level 0: 493 pivots (col 5836/10935, rows 10935)
[   435.6s]   [4,9] level 0: 497 pivots (col 5842/10935, rows 10935)
[   437.8s]   [4,9] level 0: 501 pivots (col 5846/10935, rows 10935)
[   439.9s]   [4,9] level 0: 505 pivots (col 5854/10935, rows 10935)
[   442.0s]   [4,9] level 0: 509 pivots (col 5914/10935, rows 10935)
[   444.0s]   [4,9] level 0: 513 pivots (col 5918/10935, rows 10935)
[   446.1s]   [4,9] level 0: 517 pivots (col 5925/10935, rows 10935)
[   448.2s]   [4,9] level 0: 521 pivots (col 5933/10935, rows 10935)
[   450.3s]   [4,9] level 0: 525 pivots (col 5950/10935, rows 10935)
[   452.4s]   [4,9] level 0: 529 pivots (col 5997/10935, rows 10935)
[   454.4s]   [4,9] level 0: 533 pivots (col 6006/10935, rows 10935)
[   456.6s]   [4,9] level 0: 537 pivots (col 6564/10935, rows 10935)
[   458.6s]   [4,9] level 0: 541 pivots (col 6568/10935, rows 10935)
[   460.7s]   [4,9] level 0: 545 pivots (col 6574/10935, rows 10935)
[   462.8s]   [4,9] level 0: 549 pivots (col 6582/10935, rows 10935)
[   464.8s]   [4,9] level 0: 553 pivots (col 6607/10935, rows 10935)
[   466.9s]   [4,9] level 0: 557 pivots (col 6646/10935, rows 10935)
[   469.0s]   [4,9] level 0: 561 pivots (col 6654/10935, rows 10935)
[   471.1s]   [4,9] level 0: 565 pivots (col 6663/10935, rows 10935)
[   473.1s]   [4,9] level 0: 569 pivots (col 6725/10935, rows 10935)
[   475.2s]   [4,9] level 0: 573 pivots (col 6734/10935, rows 10935)
[   477.3s]   [4,9] level 0: 577 pivots (col 6967/10935, rows 10935)
[   479.4s]   [4,9] level 0: 581 pivots (col 7294/10935, rows 10935)
[   481.4s]   [4,9] level 0: 585 pivots (col 7301/10935, rows 10935)
[   483.5s]   [4,9] level 0: 589 pivots (col 7309/10935, rows 10935)
[   485.6s]   [4,9] level 0: 593 pivots (col 7318/10935, rows 10935)
[   487.9s]   [4,9] level 0: 597 pivots (col 7373/10935, rows 10935)
[   490.0s]   [4,9] level 0: 601 pivots (col 7381/10935, rows 10935)
[   492.0s]   [4,9] level 0: 605 pivots (col 7390/10935, rows 10935)
[   494.1s]   [4,9] level 0: 609 pivots (col 7408/10935, rows 10935)
[   496.2s]   [4,9] level 0: 613 pivots (col 7456/10935, rows 10935)
[   498.2s]   [4,9] level 0: 617 pivots (col 7534/10935, rows 10935)
[   500.3s]   [4,9] level 0: 621 pivots (col 8023/10935, rows 10935)
[   502.3s]   [4,9] level 0: 625 pivots (col 8030/10935, rows 10935)
[   504.4s]   [4,9] level 0: 629 pivots (col 8038/10935, rows 10935)
[   506.4s]   [4,9] level 0: 633 pivots (col 8047/10935, rows 10935)
[   508.5s]   [4,9] level 0: 637 pivots (col 8102/10935, rows 10935)
[   510.5s]   [4,9] level 0: 641 pivots (col 8110/10935, rows 10935)
[   512.6s]   [4,9] level 0: 645 pivots (col 8119/10935, rows 10935)
[   514.6s]   [4,9] level 0: 649 pivots (col 8137/10935, rows 10935)
[   516.7s]   [4,9] level 0: 653 pivots (col 8185/10935, rows 10935)
[   518.8s]   [4,9] level 0: 657 pivots (col 8749/10935, rows 10935)
[   520.8s]   [4,9] level 0: 661 pivots (col 8753/10935, rows 10935)
[   522.9s]   [4,9] level 0: 665 pivots (col 8760/10935, rows 10935)
[   524.9s]   [4,9] level 0: 669 pivots (col 8768/10935, rows 10935)
[   527.0s]   [4,9] level 0: 673 pivots (col 8785/10935, rows 10935)
[   529.0s]   [4,9] level 0: 677 pivots (col 8832/10935, rows 10935)
[   531.1s]   [4,9] level 0: 681 pivots (col 8840/10935, rows 10935)
[   533.1s]   [4,9] level 0: 685 pivots (col 8849/10935, rows 10935)
[   535.2s]   [4,9] level 0: 689 pivots (col 8912/10935, rows 10935)
[   537.2s]   [4,9] level 0: 693 pivots (col 8921/10935, rows 10935)
[   539.3s]   [4,9] level 0: 697 pivots (col 9154/10935, rows 10935)
[   541.3s]   [4,9] level 0: 701 pivots (col 9481/10935, rows 10935)
[   543.3s]   [4,9] level 0: 705 pivots (col 9488/10935, rows 10935)
[   545.4s]   [4,9] level 0: 709 pivots (col 9496/10935, rows 10935)
[   547.4s]   [4,9] level 0: 713 pivots (col 9514/10935, rows 10935)
[   549.4s]   [4,9] level 0: 717 pivots (col 9562/10935, rows 10935)
[   551.5s]   [4,9] level 0: 721 pivots (col 9570/10935, rows 10935)
[   553.6s]   [4,9] level 0: 725 pivots (col 9579/10935, rows 10935)
[   555.7s]   [4,9] level 0: 729 pivots (col 9642/10935, rows 10935)
[   557.8s]   [4,9] level 0: 733 pivots (col 9721/10935, rows 10935)
[   559.8s]   [4,9] level 0: 737 pivots (col 10210/10935, rows 10935)
[   561.9s]   [4,9] level 0: 741 pivots (col 10218/10935, rows 10935)
[   564.0s]   [4,9] level 0: 745 pivots (col 10227/10935, rows 10935)
[   566.0s]   [4,9] level 0: 749 pivots (col 10289/10935, rows 10935)
[   568.1s]   [4,9] level 0: 753 pivots (col 10298/10935, rows 10935)
[   570.1s]   [4,9] level 0: 757 pivots (col 10307/10935, rows 10935)
[   572.1s]   [4,9] level 0: 761 pivots (col 10378/10935, rows 10935)
[   573.2s]   [4,9] level 0 done: 763 divisors; residual 10172x10172
[   575.5s]   [4,9] level 1: 5 pivots (col 651/10172, rows 10172)
[   577.9s]   [4,9] level 1: 10 pivots (col 768/10172, rows 10172)
[   580.3s]   [4,9] level 1: 15 pivots (col 1315/10172, rows 10172)
[   582.7s]   [4,9] level 1: 20 pivots (col 1377/10172, rows 10172)
[   585.2s]   [4,9] level 1: 25 pivots (col 1981/10172, rows 10172)
[   587.2s]   [4,9] level 1: 29 pivots (col 2092/10172, rows 10172)
[   589.6s]   [4,9] level 1: 34 pivots (col 2644/10172, rows 10172)
[   592.0s]   [4,9] level 1: 39 pivots (col 2759/10172, rows 10172)
[   594.5s]   [4,9] level 1: 44 pivots (col 3314/10172, rows 10172)
[   596.9s]   [4,9] level 1: 49 pivots (col 3376/10172, rows 10172)
[   599.3s]   [4,9] level 1: 54 pivots (col 3439/10172, rows 10172)
[   601.7s]   [4,9] level 1: 59 pivots (col 3994/10172, rows 10172)
[   604.1s]   [4,9] level 1: 64 pivots (col 4055/10172, rows 10172)
[   606.5s]   [4,9] level 1: 69 pivots (col 4112/10172, rows 10172)
[   608.9s]   [4,9] level 1: 74 pivots (col 4137/10172, rows 10172)
[   611.3s]   [4,9] level 1: 79 pivots (col 4670/10172, rows 10172)
[   613.7s]   [4,9] level 1: 84 pivots (col 4731/10172, rows 10172)
[   616.1s]   [4,9] level 1: 89 pivots (col 5346/10172, rows 10172)
[   618.5s]   [4,9] level 1: 94 pivots (col 5406/10172, rows 10172)
[   620.9s]   [4,9] level 1: 99 pivots (col 5469/10172, rows 10172)
[   623.4s]   [4,9] level 1: 104 pivots (col 6030/10172, rows 10172)
[   625.8s]   [4,9] level 1: 109 pivots (col 6063/10172, rows 10172)
[   627.9s]   [4,9] level 1: 113 pivots (col 6095/10172, rows 10172)
[   630.3s]   [4,9] level 1: 118 pivots (col 6102/10172, rows 10172)
[   632.6s]   [4,9] level 1: 123 pivots (col 6159/10172, rows 10172)
[   635.0s]   [4,9] level 1: 128 pivots (col 6717/10172, rows 10172)
[   637.4s]   [4,9] level 1: 133 pivots (col 6777/10172, rows 10172)
[   639.8s]   [4,9] level 1: 138 pivots (col 6786/10172, rows 10172)
[   642.2s]   [4,9] level 1: 143 pivots (col 6845/10172, rows 10172)
[   644.6s]   [4,9] level 1: 148 pivots (col 7406/10172, rows 10172)
[   647.0s]   [4,9] level 1: 153 pivots (col 7466/10172, rows 10172)
[   649.3s]   [4,9] level 1: 158 pivots (col 7475/10172, rows 10172)
[   651.7s]   [4,9] level 1: 163 pivots (col 7534/10172, rows 10172)
[   653.7s]   [4,9] level 1: 167 pivots (col 7541/10172, rows 10172)
[   656.1s]   [4,9] level 1: 172 pivots (col 8101/10172, rows 10172)
[   658.2s]   [4,9] level 1: 176 pivots (col 8157/10172, rows 10172)
[   660.5s]   [4,9] level 1: 180 pivots (col 8165/10172, rows 10172)
[   662.9s]   [4,9] level 1: 185 pivots (col 8188/10172, rows 10172)
[   664.9s]   [4,9] level 1: 189 pivots (col 8226/10172, rows 10172)
[   667.3s]   [4,9] level 1: 194 pivots (col 8784/10172, rows 10172)
[   669.6s]   [4,9] level 1: 199 pivots (col 8791/10172, rows 10172)
[   672.0s]   [4,9] level 1: 204 pivots (col 8851/10172, rows 10172)
[   674.3s]   [4,9] level 1: 209 pivots (col 8869/10172, rows 10172)
[   676.7s]   [4,9] level 1: 214 pivots (col 8920/10172, rows 10172)
[   679.1s]   [4,9] level 1: 219 pivots (col 9478/10172, rows 10172)
[   681.4s]   [4,9] level 1: 224 pivots (col 9485/10172, rows 10172)
[   683.8s]   [4,9] level 1: 229 pivots (col 9543/10172, rows 10172)
[   686.1s]   [4,9] level 1: 234 pivots (col 9552/10172, rows 10172)
[   688.5s]   [4,9] level 1: 239 pivots (col 9611/10172, rows 10172)
[   690.8s]   [4,9] level 1: 244 pivots (col 9619/10172, rows 10172)
[   691.9s]   [4,9] level 1 done: 246 divisors; residual 9926x9926
[   693.9s]   [4,9] level 2: 5 pivots (col 7/9926, rows 9926)
[   696.2s]   [4,9] level 2: 10 pivots (col 13/9926, rows 9926)
[   698.5s]   [4,9] level 2: 15 pivots (col 18/9926, rows 9926)
[   700.8s]   [4,9] level 2: 20 pivots (col 24/9926, rows 9926)
[   703.1s]   [4,9] level 2: 25 pivots (col 54/9926, rows 9926)
[   705.4s]   [4,9] level 2: 30 pivots (col 61/9926, rows 9926)
[   707.8s]   [4,9] level 2: 35 pivots (col 67/9926, rows 9926)
[   710.2s]   [4,9] level 2: 40 pivots (col 72/9926, rows 9926)
[   712.4s]   [4,9] level 2: 45 pivots (col 78/9926, rows 9926)
[   714.8s]   [4,9] level 2: 50 pivots (col 109/9926, rows 9926)
[   717.2s]   [4,9] level 2: 55 pivots (col 116/9926, rows 9926)
[   719.5s]   [4,9] level 2: 60 pivots (col 122/9926, rows 9926)
[   721.9s]   [4,9] level 2: 65 pivots (col 129/9926, rows 9926)
[   724.2s]   [4,9] level 2: 70 pivots (col 137/9926, rows 9926)
[   726.5s]   [4,9] level 2: 75 pivots (col 165/9926, rows 9926)
[   728.8s]   [4,9] level 2: 80 pivots (col 171/9926, rows 9926)
[   731.1s]   [4,9] level 2: 85 pivots (col 176/9926, rows 9926)
[   733.4s]   [4,9] level 2: 90 pivots (col 182/9926, rows 9926)
[   735.6s]   [4,9] level 2: 95 pivots (col 187/9926, rows 9926)
[   737.9s]   [4,9] level 2: 100 pivots (col 193/9926, rows 9926)
[   740.2s]   [4,9] level 2: 105 pivots (col 207/9926, rows 9926)
[   742.4s]   [4,9] level 2: 110 pivots (col 226/9926, rows 9926)
[   744.8s]   [4,9] level 2: 115 pivots (col 247/9926, rows 9926)
[   747.0s]   [4,9] level 2: 120 pivots (col 253/9926, rows 9926)
[   749.3s]   [4,9] level 2: 125 pivots (col 258/9926, rows 9926)
[   751.6s]   [4,9] level 2: 130 pivots (col 264/9926, rows 9926)
[   753.8s]   [4,9] level 2: 135 pivots (col 287/9926, rows 9926)
[   756.1s]   [4,9] level 2: 140 pivots (col 325/9926, rows 9926)
[   758.3s]   [4,9] level 2: 145 pivots (col 331/9926, rows 9926)
[   760.6s]   [4,9] level 2: 150 pivots (col 336/9926, rows 9926)
[   762.9s]   [4,9] level 2: 155 pivots (col 343/9926, rows 9926)
[   765.1s]   [4,9] level 2: 160 pivots (col 367/9926, rows 9926)
[   767.4s]   [4,9] level 2: 165 pivots (col 412/9926, rows 9926)
[   769.8s]   [4,9] level 2: 170 pivots (col 649/9926, rows 9926)
[   772.0s]   [4,9] level 2: 175 pivots (col 654/9926, rows 9926)
[   774.3s]   [4,9] level 2: 180 pivots (col 660/9926, rows 9926)
[   776.6s]   [4,9] level 2: 185 pivots (col 666/9926, rows 9926)
[   778.9s]   [4,9] level 2: 190 pivots (col 671/9926, rows 9926)
[   781.2s]   [4,9] level 2: 195 pivots (col 705/9926, rows 9926)
[   783.4s]   [4,9] level 2: 200 pivots (col 710/9926, rows 9926)
[   785.7s]   [4,9] level 2: 205 pivots (col 716/9926, rows 9926)
[   787.9s]   [4,9] level 2: 210 pivots (col 722/9926, rows 9926)
[   790.1s]   [4,9] level 2: 215 pivots (col 729/9926, rows 9926)
[   792.4s]   [4,9] level 2: 220 pivots (col 762/9926, rows 9926)
[   794.7s]   [4,9] level 2: 225 pivots (col 767/9926, rows 9926)
[   796.9s]   [4,9] level 2: 230 pivots (col 773/9926, rows 9926)
[   799.1s]   [4,9] level 2: 235 pivots (col 780/9926, rows 9926)
[   801.4s]   [4,9] level 2: 240 pivots (col 813/9926, rows 9926)
[   803.6s]   [4,9] level 2: 245 pivots (col 818/9926, rows 9926)
[   805.8s]   [4,9] level 2: 250 pivots (col 824/9926, rows 9926)
[   808.0s]   [4,9] level 2: 255 pivots (col 830/9926, rows 9926)
[   810.3s]   [4,9] level 2: 260 pivots (col 835/9926, rows 9926)
[   812.5s]   [4,9] level 2: 265 pivots (col 841/9926, rows 9926)
[   814.7s]   [4,9] level 2: 270 pivots (col 848/9926, rows 9926)
[   816.9s]   [4,9] level 2: 275 pivots (col 867/9926, rows 9926)
[   819.2s]   [4,9] level 2: 280 pivots (col 897/9926, rows 9926)
[   821.4s]   [4,9] level 2: 285 pivots (col 903/9926, rows 9926)
[   823.6s]   [4,9] level 2: 290 pivots (col 910/9926, rows 9926)
[   825.9s]   [4,9] level 2: 295 pivots (col 915/9926, rows 9926)
[   828.1s]   [4,9] level 2: 300 pivots (col 946/9926, rows 9926)
[   830.3s]   [4,9] level 2: 305 pivots (col 977/9926, rows 9926)
[   832.4s]   [4,9] level 2: 310 pivots (col 983/9926, rows 9926)
[   834.6s]   [4,9] level 2: 315 pivots (col 988/9926, rows 9926)
[   836.8s]   [4,9] level 2: 320 pivots (col 995/9926, rows 9926)
[   839.1s]   [4,9] level 2: 325 pivots (col 1054/9926, rows 9926)
[   841.4s]   [4,9] level 2: 330 pivots (col 1297/9926, rows 9926)
[   843.6s]   [4,9] level 2: 335 pivots (col 1305/9926, rows 9926)
[   845.8s]   [4,9] level 2: 340 pivots (col 1311/9926, rows 9926)
[   848.0s]   [4,9] level 2: 345 pivots (col 1316/9926, rows 9926)
[   850.2s]   [4,9] level 2: 350 pivots (col 1322/9926, rows 9926)
[   852.3s]   [4,9] level 2: 355 pivots (col 1356/9926, rows 9926)
[   854.5s]   [4,9] level 2: 360 pivots (col 1363/9926, rows 9926)
[   856.7s]   [4,9] level 2: 365 pivots (col 1369/9926, rows 9926)
[   858.9s]   [4,9] level 2: 370 pivots (col 1374/9926, rows 9926)
[   861.0s]   [4,9] level 2: 375 pivots (col 1380/9926, rows 9926)
[   863.2s]   [4,9] level 2: 380 pivots (col 1416/9926, rows 9926)
[   865.4s]   [4,9] level 2: 385 pivots (col 1422/9926, rows 9926)
[   867.5s]   [4,9] level 2: 390 pivots (col 1428/9926, rows 9926)
[   869.7s]   [4,9] level 2: 395 pivots (col 1435/9926, rows 9926)
[   871.9s]   [4,9] level 2: 400 pivots (col 1470/9926, rows 9926)
[   874.0s]   [4,9] level 2: 405 pivots (col 1475/9926, rows 9926)
[   876.2s]   [4,9] level 2: 410 pivots (col 1481/9926, rows 9926)
[   878.3s]   [4,9] level 2: 415 pivots (col 1487/9926, rows 9926)
[   880.5s]   [4,9] level 2: 420 pivots (col 1492/9926, rows 9926)
[   882.6s]   [4,9] level 2: 425 pivots (col 1498/9926, rows 9926)
[   884.8s]   [4,9] level 2: 430 pivots (col 1505/9926, rows 9926)
[   886.9s]   [4,9] level 2: 435 pivots (col 1551/9926, rows 9926)
[   889.1s]   [4,9] level 2: 440 pivots (col 1558/9926, rows 9926)
[   891.2s]   [4,9] level 2: 445 pivots (col 1563/9926, rows 9926)
[   893.3s]   [4,9] level 2: 450 pivots (col 1570/9926, rows 9926)
[   895.5s]   [4,9] level 2: 455 pivots (col 1585/9926, rows 9926)
[   897.6s]   [4,9] level 2: 460 pivots (col 1633/9926, rows 9926)
[   899.7s]   [4,9] level 2: 465 pivots (col 1640/9926, rows 9926)
[   901.9s]   [4,9] level 2: 470 pivots (col 1649/9926, rows 9926)
[   904.0s]   [4,9] level 2: 475 pivots (col 1675/9926, rows 9926)
[   906.1s]   [4,9] level 2: 480 pivots (col 1955/9926, rows 9926)
[   908.3s]   [4,9] level 2: 485 pivots (col 1962/9926, rows 9926)
[   910.4s]   [4,9] level 2: 490 pivots (col 1968/9926, rows 9926)
[   912.5s]   [4,9] level 2: 495 pivots (col 1973/9926, rows 9926)
[   914.7s]   [4,9] level 2: 500 pivots (col 1979/9926, rows 9926)
[   916.8s]   [4,9] level 2: 505 pivots (col 2008/9926, rows 9926)
[   918.9s]   [4,9] level 2: 510 pivots (col 2016/9926, rows 9926)
[   921.1s]   [4,9] level 2: 515 pivots (col 2022/9926, rows 9926)
[   923.2s]   [4,9] level 2: 520 pivots (col 2027/9926, rows 9926)
[   925.3s]   [4,9] level 2: 525 pivots (col 2033/9926, rows 9926)
[   927.5s]   [4,9] level 2: 530 pivots (col 2047/9926, rows 9926)
[   929.6s]   [4,9] level 2: 535 pivots (col 2070/9926, rows 9926)
[   931.7s]   [4,9] level 2: 540 pivots (col 2076/9926, rows 9926)
[   933.8s]   [4,9] level 2: 545 pivots (col 2081/9926, rows 9926)
[   935.9s]   [4,9] level 2: 550 pivots (col 2087/9926, rows 9926)
[   938.0s]   [4,9] level 2: 555 pivots (col 2094/9926, rows 9926)
[   940.1s]   [4,9] level 2: 560 pivots (col 2109/9926, rows 9926)
[   942.2s]   [4,9] level 2: 565 pivots (col 2130/9926, rows 9926)
[   944.3s]   [4,9] level 2: 570 pivots (col 2136/9926, rows 9926)
[   946.4s]   [4,9] level 2: 575 pivots (col 2141/9926, rows 9926)
[   948.5s]   [4,9] level 2: 580 pivots (col 2147/9926, rows 9926)
[   950.6s]   [4,9] level 2: 585 pivots (col 2161/9926, rows 9926)
[   952.7s]   [4,9] level 2: 590 pivots (col 2180/9926, rows 9926)
[   954.7s]   [4,9] level 2: 595 pivots (col 2208/9926, rows 9926)
[   956.8s]   [4,9] level 2: 600 pivots (col 2214/9926, rows 9926)
[   958.9s]   [4,9] level 2: 605 pivots (col 2219/9926, rows 9926)
[   961.0s]   [4,9] level 2: 610 pivots (col 2225/9926, rows 9926)
[   963.1s]   [4,9] level 2: 615 pivots (col 2233/9926, rows 9926)
[   965.2s]   [4,9] level 2: 620 pivots (col 2286/9926, rows 9926)
[   967.4s]   [4,9] level 2: 625 pivots (col 2291/9926, rows 9926)
[   969.4s]   [4,9] level 2: 630 pivots (col 2297/9926, rows 9926)
[   971.5s]   [4,9] level 2: 635 pivots (col 2312/9926, rows 9926)
[   973.6s]   [4,9] level 2: 640 pivots (col 2366/9926, rows 9926)
[   975.7s]   [4,9] level 2: 645 pivots (col 2613/9926, rows 9926)
[   977.7s]   [4,9] level 2: 650 pivots (col 2618/9926, rows 9926)
[   979.8s]   [4,9] level 2: 655 pivots (col 2624/9926, rows 9926)
[   981.9s]   [4,9] level 2: 660 pivots (col 2630/9926, rows 9926)
[   983.9s]   [4,9] level 2: 665 pivots (col 2635/9926, rows 9926)
[   986.0s]   [4,9] level 2: 670 pivots (col 2668/9926, rows 9926)
[   988.1s]   [4,9] level 2: 675 pivots (col 2674/9926, rows 9926)
[   990.1s]   [4,9] level 2: 680 pivots (col 2680/9926, rows 9926)
[   992.3s]   [4,9] level 2: 685 pivots (col 2686/9926, rows 9926)
[   994.3s]   [4,9] level 2: 690 pivots (col 2691/9926, rows 9926)
[   996.4s]   [4,9] level 2: 695 pivots (col 2725/9926, rows 9926)
[   998.5s]   [4,9] level 2: 700 pivots (col 2730/9926, rows 9926)
[  1000.6s]   [4,9] level 2: 705 pivots (col 2736/9926, rows 9926)
[  1002.7s]   [4,9] level 2: 710 pivots (col 2742/9926, rows 9926)
[  1004.8s]   [4,9] level 2: 715 pivots (col 2750/9926, rows 9926)
[  1006.9s]   [4,9] level 2: 720 pivots (col 2758/9926, rows 9926)
[  1008.9s]   [4,9] level 2: 725 pivots (col 2788/9926, rows 9926)
[  1011.0s]   [4,9] level 2: 730 pivots (col 2794/9926, rows 9926)
[  1013.2s]   [4,9] level 2: 735 pivots (col 2799/9926, rows 9926)
[  1015.2s]   [4,9] level 2: 740 pivots (col 2805/9926, rows 9926)
[  1017.2s]   [4,9] level 2: 745 pivots (col 2819/9926, rows 9926)
[  1019.3s]   [4,9] level 2: 750 pivots (col 2838/9926, rows 9926)
[  1021.4s]   [4,9] level 2: 755 pivots (col 2868/9926, rows 9926)
[  1023.4s]   [4,9] level 2: 760 pivots (col 2874/9926, rows 9926)
[  1025.4s]   [4,9] level 2: 765 pivots (col 2879/9926, rows 9926)
[  1027.5s]   [4,9] level 2: 770 pivots (col 2886/9926, rows 9926)
[  1029.5s]   [4,9] level 2: 775 pivots (col 2918/9926, rows 9926)
[  1031.5s]   [4,9] level 2: 780 pivots (col 2949/9926, rows 9926)
[  1033.6s]   [4,9] level 2: 785 pivots (col 2955/9926, rows 9926)
[  1035.6s]   [4,9] level 2: 790 pivots (col 2963/9926, rows 9926)
[  1037.6s]   [4,9] level 2: 795 pivots (col 3026/9926, rows 9926)
[  1039.7s]   [4,9] level 2: 800 pivots (col 3273/9926, rows 9926)
[  1041.7s]   [4,9] level 2: 805 pivots (col 3279/9926, rows 9926)
[  1043.7s]   [4,9] level 2: 810 pivots (col 3285/9926, rows 9926)
[  1045.7s]   [4,9] level 2: 815 pivots (col 3291/9926, rows 9926)
[  1047.7s]   [4,9] level 2: 820 pivots (col 3296/9926, rows 9926)
[  1049.7s]   [4,9] level 2: 825 pivots (col 3331/9926, rows 9926)
[  1051.7s]   [4,9] level 2: 830 pivots (col 3337/9926, rows 9926)
[  1053.7s]   [4,9] level 2: 835 pivots (col 3343/9926, rows 9926)
[  1055.7s]   [4,9] level 2: 840 pivots (col 3349/9926, rows 9926)
[  1058.1s]   [4,9] level 2: 846 pivots (col 3384/9926, rows 9926)
[  1060.5s]   [4,9] level 2: 852 pivots (col 3392/9926, rows 9926)
[  1062.9s]   [4,9] level 2: 858 pivots (col 3399/9926, rows 9926)
[  1065.3s]   [4,9] level 2: 864 pivots (col 3406/9926, rows 9926)
[  1067.7s]   [4,9] level 2: 870 pivots (col 3415/9926, rows 9926)
[  1070.1s]   [4,9] level 2: 876 pivots (col 3452/9926, rows 9926)
[  1072.5s]   [4,9] level 2: 882 pivots (col 3459/9926, rows 9926)
[  1074.8s]   [4,9] level 2: 888 pivots (col 3466/9926, rows 9926)
[  1077.2s]   [4,9] level 2: 894 pivots (col 3474/9926, rows 9926)
[  1079.6s]   [4,9] level 2: 900 pivots (col 3528/9926, rows 9926)
[  1081.9s]   [4,9] level 2: 906 pivots (col 3536/9926, rows 9926)
[  1084.3s]   [4,9] level 2: 912 pivots (col 3546/9926, rows 9926)
[  1086.7s]   [4,9] level 2: 918 pivots (col 3563/9926, rows 9926)
[  1089.0s]   [4,9] level 2: 924 pivots (col 3612/9926, rows 9926)
[  1091.4s]   [4,9] level 2: 930 pivots (col 3621/9926, rows 9926)
[  1093.8s]   [4,9] level 2: 936 pivots (col 3690/9926, rows 9926)
[  1095.8s]   [4,9] level 2: 941 pivots (col 3938/9926, rows 9926)
[  1098.2s]   [4,9] level 2: 947 pivots (col 3944/9926, rows 9926)
[  1100.6s]   [4,9] level 2: 953 pivots (col 3951/9926, rows 9926)
[  1102.9s]   [4,9] level 2: 959 pivots (col 3958/9926, rows 9926)
[  1105.3s]   [4,9] level 2: 965 pivots (col 3988/9926, rows 9926)
[  1107.3s]   [4,9] level 2: 970 pivots (col 3996/9926, rows 9926)
[  1109.4s]   [4,9] level 2: 975 pivots (col 4002/9926, rows 9926)
[  1111.4s]   [4,9] level 2: 980 pivots (col 4007/9926, rows 9926)
[  1113.7s]   [4,9] level 2: 986 pivots (col 4015/9926, rows 9926)
[  1116.1s]   [4,9] level 2: 992 pivots (col 4048/9926, rows 9926)
[  1118.4s]   [4,9] level 2: 998 pivots (col 4056/9926, rows 9926)
[  1120.8s]   [4,9] level 2: 1004 pivots (col 4064/9926, rows 9926)
[  1123.1s]   [4,9] level 2: 1010 pivots (col 4080/9926, rows 9926)
[  1125.4s]   [4,9] level 2: 1016 pivots (col 4109/9926, rows 9926)
[  1127.7s]   [4,9] level 2: 1022 pivots (col 4116/9926, rows 9926)
[  1130.1s]   [4,9] level 2: 1028 pivots (col 4123/9926, rows 9926)
[  1132.4s]   [4,9] level 2: 1034 pivots (col 4129/9926, rows 9926)
[  1134.7s]   [4,9] level 2: 1040 pivots (col 4151/9926, rows 9926)
[  1137.0s]   [4,9] level 2: 1046 pivots (col 4188/9926, rows 9926)
[  1139.3s]   [4,9] level 2: 1052 pivots (col 4195/9926, rows 9926)
[  1141.7s]   [4,9] level 2: 1058 pivots (col 4203/9926, rows 9926)
[  1144.0s]   [4,9] level 2: 1064 pivots (col 4248/9926, rows 9926)
[  1146.3s]   [4,9] level 2: 1070 pivots (col 4271/9926, rows 9926)
[  1148.6s]   [4,9] level 2: 1076 pivots (col 4278/9926, rows 9926)
[  1150.9s]   [4,9] level 2: 1082 pivots (col 4310/9926, rows 9926)
[  1153.2s]   [4,9] level 2: 1088 pivots (col 4595/9926, rows 9926)
[  1155.5s]   [4,9] level 2: 1094 pivots (col 4602/9926, rows 9926)
[  1157.8s]   [4,9] level 2: 1100 pivots (col 4608/9926, rows 9926)
[  1159.8s]   [4,9] level 2: 1105 pivots (col 4614/9926, rows 9926)
[  1162.1s]   [4,9] level 2: 1111 pivots (col 4648/9926, rows 9926)
[  1164.4s]   [4,9] level 2: 1117 pivots (col 4655/9926, rows 9926)
[  1166.8s]   [4,9] level 2: 1123 pivots (col 4662/9926, rows 9926)
[  1169.2s]   [4,9] level 2: 1129 pivots (col 4669/9926, rows 9926)
[  1171.5s]   [4,9] level 2: 1135 pivots (col 4703/9926, rows 9926)
[  1173.7s]   [4,9] level 2: 1141 pivots (col 4711/9926, rows 9926)
[  1176.1s]   [4,9] level 2: 1147 pivots (col 4719/9926, rows 9926)
[  1178.4s]   [4,9] level 2: 1153 pivots (col 4727/9926, rows 9926)
[  1180.7s]   [4,9] level 2: 1159 pivots (col 4744/9926, rows 9926)
[  1183.0s]   [4,9] level 2: 1165 pivots (col 4775/9926, rows 9926)
[  1185.2s]   [4,9] level 2: 1171 pivots (col 4782/9926, rows 9926)
[  1187.5s]   [4,9] level 2: 1177 pivots (col 4790/9926, rows 9926)
[  1189.8s]   [4,9] level 2: 1183 pivots (col 4815/9926, rows 9926)
[  1192.1s]   [4,9] level 2: 1189 pivots (col 4855/9926, rows 9926)
[  1194.4s]   [4,9] level 2: 1195 pivots (col 4862/9926, rows 9926)
[  1196.7s]   [4,9] level 2: 1201 pivots (col 4871/9926, rows 9926)
[  1199.1s]   [4,9] level 2: 1207 pivots (col 4905/9926, rows 9926)
[  1201.3s]   [4,9] level 2: 1213 pivots (col 4937/9926, rows 9926)
[  1203.6s]   [4,9] level 2: 1219 pivots (col 5014/9926, rows 9926)
[  1205.9s]   [4,9] level 2: 1225 pivots (col 5264/9926, rows 9926)
[  1208.3s]   [4,9] level 2: 1231 pivots (col 5271/9926, rows 9926)
[  1210.5s]   [4,9] level 2: 1237 pivots (col 5278/9926, rows 9926)
[  1212.8s]   [4,9] level 2: 1243 pivots (col 5284/9926, rows 9926)
[  1215.1s]   [4,9] level 2: 1249 pivots (col 5321/9926, rows 9926)
[  1217.3s]   [4,9] level 2: 1255 pivots (col 5328/9926, rows 9926)
[  1219.6s]   [4,9] level 2: 1261 pivots (col 5334/9926, rows 9926)
[  1221.9s]   [4,9] level 2: 1267 pivots (col 5371/9926, rows 9926)
[  1224.1s]   [4,9] level 2: 1273 pivots (col 5379/9926, rows 9926)
[  1226.3s]   [4,9] level 2: 1279 pivots (col 5387/9926, rows 9926)
[  1228.6s]   [4,9] level 2: 1285 pivots (col 5396/9926, rows 9926)
[  1230.8s]   [4,9] level 2: 1291 pivots (col 5440/9926, rows 9926)
[  1233.0s]   [4,9] level 2: 1297 pivots (col 5448/9926, rows 9926)
[  1235.2s]   [4,9] level 2: 1303 pivots (col 5458/9926, rows 9926)
[  1237.4s]   [4,9] level 2: 1309 pivots (col 5475/9926, rows 9926)
[  1239.6s]   [4,9] level 2: 1315 pivots (col 5524/9926, rows 9926)
[  1241.8s]   [4,9] level 2: 1321 pivots (col 5532/9926, rows 9926)
[  1244.0s]   [4,9] level 2: 1327 pivots (col 5542/9926, rows 9926)
[  1246.2s]   [4,9] level 2: 1333 pivots (col 5603/9926, rows 9926)
[  1248.4s]   [4,9] level 2: 1339 pivots (col 5619/9926, rows 9926)
[  1250.6s]   [4,9] level 2: 1345 pivots (col 5933/9926, rows 9926)
[  1252.8s]   [4,9] level 2: 1351 pivots (col 5940/9926, rows 9926)
[  1254.9s]   [4,9] level 2: 1357 pivots (col 5947/9926, rows 9926)
[  1257.1s]   [4,9] level 2: 1363 pivots (col 5955/9926, rows 9926)
[  1259.3s]   [4,9] level 2: 1369 pivots (col 5987/9926, rows 9926)
[  1261.5s]   [4,9] level 2: 1375 pivots (col 5995/9926, rows 9926)
[  1263.6s]   [4,9] level 2: 1381 pivots (col 6003/9926, rows 9926)
[  1265.8s]   [4,9] level 2: 1387 pivots (col 6020/9926, rows 9926)
[  1268.0s]   [4,9] level 2: 1393 pivots (col 6044/9926, rows 9926)
[  1270.1s]   [4,9] level 2: 1399 pivots (col 6052/9926, rows 9926)
[  1272.3s]   [4,9] level 2: 1405 pivots (col 6078/9926, rows 9926)
[  1274.4s]   [4,9] level 2: 1411 pivots (col 6108/9926, rows 9926)
[  1276.6s]   [4,9] level 2: 1417 pivots (col 6115/9926, rows 9926)
[  1278.7s]   [4,9] level 2: 1423 pivots (col 6122/9926, rows 9926)
[  1280.9s]   [4,9] level 2: 1429 pivots (col 6128/9926, rows 9926)
[  1283.0s]   [4,9] level 2: 1435 pivots (col 6167/9926, rows 9926)
[  1285.2s]   [4,9] level 2: 1441 pivots (col 6190/9926, rows 9926)
[  1287.3s]   [4,9] level 2: 1447 pivots (col 6197/9926, rows 9926)
[  1289.5s]   [4,9] level 2: 1453 pivots (col 6220/9926, rows 9926)
[  1291.6s]   [4,9] level 2: 1459 pivots (col 6273/9926, rows 9926)
[  1293.8s]   [4,9] level 2: 1465 pivots (col 6595/9926, rows 9926)
[  1295.9s]   [4,9] level 2: 1471 pivots (col 6602/9926, rows 9926)
[  1298.0s]   [4,9] level 2: 1477 pivots (col 6608/9926, rows 9926)
[  1300.1s]   [4,9] level 2: 1483 pivots (col 6615/9926, rows 9926)
[  1302.3s]   [4,9] level 2: 1489 pivots (col 6652/9926, rows 9926)
[  1304.4s]   [4,9] level 2: 1495 pivots (col 6660/9926, rows 9926)
[  1306.6s]   [4,9] level 2: 1501 pivots (col 6668/9926, rows 9926)
[  1308.7s]   [4,9] level 2: 1507 pivots (col 6704/9926, rows 9926)
[  1310.8s]   [4,9] level 2: 1513 pivots (col 6713/9926, rows 9926)
[  1312.9s]   [4,9] level 2: 1519 pivots (col 6728/9926, rows 9926)
[  1315.0s]   [4,9] level 2: 1525 pivots (col 6774/9926, rows 9926)
[  1317.1s]   [4,9] level 2: 1531 pivots (col 6781/9926, rows 9926)
[  1319.2s]   [4,9] level 2: 1537 pivots (col 6789/9926, rows 9926)
[  1321.3s]   [4,9] level 2: 1543 pivots (col 6799/9926, rows 9926)
[  1323.4s]   [4,9] level 2: 1549 pivots (col 6854/9926, rows 9926)
[  1325.5s]   [4,9] level 2: 1555 pivots (col 6861/9926, rows 9926)
[  1327.6s]   [4,9] level 2: 1561 pivots (col 6870/9926, rows 9926)
[  1329.7s]   [4,9] level 2: 1567 pivots (col 6934/9926, rows 9926)
[  1331.9s]   [4,9] level 2: 1573 pivots (col 7265/9926, rows 9926)
[  1334.0s]   [4,9] level 2: 1579 pivots (col 7272/9926, rows 9926)
[  1336.1s]   [4,9] level 2: 1585 pivots (col 7279/9926, rows 9926)
[  1338.2s]   [4,9] level 2: 1591 pivots (col 7314/9926, rows 9926)
[  1340.2s]   [4,9] level 2: 1597 pivots (col 7324/9926, rows 9926)
[  1342.3s]   [4,9] level 2: 1603 pivots (col 7332/9926, rows 9926)
[  1344.4s]   [4,9] level 2: 1609 pivots (col 7378/9926, rows 9926)
[  1346.5s]   [4,9] level 2: 1615 pivots (col 7388/9926, rows 9926)
[  1348.6s]   [4,9] level 2: 1621 pivots (col 7405/9926, rows 9926)
[  1350.6s]   [4,9] level 2: 1627 pivots (col 7446/9926, rows 9926)
[  1352.7s]   [4,9] level 2: 1633 pivots (col 7458/9926, rows 9926)
[  1354.7s]   [4,9] level 2: 1639 pivots (col 7476/9926, rows 9926)
[  1356.8s]   [4,9] level 2: 1645 pivots (col 7525/9926, rows 9926)
[  1358.9s]   [4,9] level 2: 1651 pivots (col 7534/9926, rows 9926)
[  1360.9s]   [4,9] level 2: 1657 pivots (col 7928/9926, rows 9926)
[  1363.0s]   [4,9] level 2: 1663 pivots (col 7936/9926, rows 9926)
[  1365.0s]   [4,9] level 2: 1669 pivots (col 7943/9926, rows 9926)
[  1367.0s]   [4,9] level 2: 1675 pivots (col 7951/9926, rows 9926)
[  1369.1s]   [4,9] level 2: 1681 pivots (col 7988/9926, rows 9926)
[  1371.2s]   [4,9] level 2: 1687 pivots (col 8004/9926, rows 9926)
[  1373.2s]   [4,9] level 2: 1693 pivots (col 8043/9926, rows 9926)
[  1375.2s]   [4,9] level 2: 1699 pivots (col 8049/9926, rows 9926)
[  1377.3s]   [4,9] level 2: 1705 pivots (col 8088/9926, rows 9926)
[  1379.4s]   [4,9] level 2: 1711 pivots (col 8111/9926, rows 9926)
[  1381.4s]   [4,9] level 2: 1717 pivots (col 8118/9926, rows 9926)
[  1383.5s]   [4,9] level 2: 1723 pivots (col 8125/9926, rows 9926)
[  1385.5s]   [4,9] level 2: 1729 pivots (col 8141/9926, rows 9926)
[  1387.5s]   [4,9] level 2: 1735 pivots (col 8194/9926, rows 9926)
[  1389.5s]   [4,9] level 2: 1741 pivots (col 8591/9926, rows 9926)
[  1391.6s]   [4,9] level 2: 1747 pivots (col 8599/9926, rows 9926)
[  1393.8s]   [4,9] level 2: 1753 pivots (col 8607/9926, rows 9926)
[  1395.8s]   [4,9] level 2: 1759 pivots (col 8619/9926, rows 9926)
[  1397.8s]   [4,9] level 2: 1765 pivots (col 8655/9926, rows 9926)
[  1399.9s]   [4,9] level 2: 1771 pivots (col 8704/9926, rows 9926)
[  1402.0s]   [4,9] level 2: 1777 pivots (col 8713/9926, rows 9926)
[  1404.0s]   [4,9] level 2: 1783 pivots (col 8746/9926, rows 9926)
[  1406.0s]   [4,9] level 2: 1789 pivots (col 8778/9926, rows 9926)
[  1408.1s]   [4,9] level 2: 1795 pivots (col 8785/9926, rows 9926)
[  1410.4s]   [4,9] level 2: 1802 pivots (col 8794/9926, rows 9926)
[  1412.7s]   [4,9] level 2: 1809 pivots (col 8855/9926, rows 9926)
[  1415.0s]   [4,9] level 2: 1816 pivots (col 9265/9926, rows 9926)
[  1417.4s]   [4,9] level 2: 1823 pivots (col 9274/9926, rows 9926)
[  1419.7s]   [4,9] level 2: 1830 pivots (col 9283/9926, rows 9926)
[  1422.0s]   [4,9] level 2: 1837 pivots (col 9338/9926, rows 9926)
[  1424.0s]   [4,9] level 2: 1843 pivots (col 9383/9926, rows 9926)
[  1426.3s]   [4,9] level 2: 1850 pivots (col 9444/9926, rows 9926)
[  1428.6s]   [4,9] level 2: 1857 pivots (col 9453/9926, rows 9926)
[  1430.9s]   [4,9] level 2: 1864 pivots (col 9468/9926, rows 9926)
[  1431.6s]   [4,9] level 2 done: 1866 divisors; residual 8060x8060
[  1433.9s]   [4,9] level 3: 8 pivots (col 37/8060, rows 8060)
[  1436.0s]   [4,9] level 3: 15 pivots (col 94/8060, rows 8060)
[  1438.1s]   [4,9] level 3: 22 pivots (col 138/8060, rows 8060)
[  1440.2s]   [4,9] level 3: 29 pivots (col 187/8060, rows 8060)
[  1442.3s]   [4,9] level 3: 36 pivots (col 255/8060, rows 8060)
[  1444.4s]   [4,9] level 3: 43 pivots (col 325/8060, rows 8060)
[  1446.5s]   [4,9] level 3: 50 pivots (col 513/8060, rows 8060)
[  1448.6s]   [4,9] level 3: 57 pivots (col 579/8060, rows 8060)
[  1450.7s]   [4,9] level 3: 64 pivots (col 626/8060, rows 8060)
[  1452.8s]   [4,9] level 3: 71 pivots (col 732/8060, rows 8060)
[  1454.9s]   [4,9] level 3: 78 pivots (col 754/8060, rows 8060)
[  1456.9s]   [4,9] level 3: 85 pivots (col 824/8060, rows 8060)
[  1459.0s]   [4,9] level 3: 92 pivots (col 1083/8060, rows 8060)
[  1461.1s]   [4,9] level 3: 99 pivots (col 1180/8060, rows 8060)
[  1463.2s]   [4,9] level 3: 106 pivots (col 1251/8060, rows 8060)
[  1465.3s]   [4,9] level 3: 113 pivots (col 1316/8060, rows 8060)
[  1467.4s]   [4,9] level 3: 120 pivots (col 1481/8060, rows 8060)
[  1469.5s]   [4,9] level 3: 127 pivots (col 1538/8060, rows 8060)
[  1471.5s]   [4,9] level 3: 134 pivots (col 1577/8060, rows 8060)
[  1473.6s]   [4,9] level 3: 141 pivots (col 1670/8060, rows 8060)
[  1475.7s]   [4,9] level 3: 148 pivots (col 1742/8060, rows 8060)
[  1477.8s]   [4,9] level 3: 155 pivots (col 2005/8060, rows 8060)
[  1479.8s]   [4,9] level 3: 162 pivots (col 2076/8060, rows 8060)
[  1481.9s]   [4,9] level 3: 169 pivots (col 2174/8060, rows 8060)
[  1484.0s]   [4,9] level 3: 176 pivots (col 2247/8060, rows 8060)
[  1486.0s]   [4,9] level 3: 183 pivots (col 2582/8060, rows 8060)
[  1488.1s]   [4,9] level 3: 190 pivots (col 2646/8060, rows 8060)
[  1490.1s]   [4,9] level 3: 197 pivots (col 2756/8060, rows 8060)
[  1492.2s]   [4,9] level 3: 204 pivots (col 3002/8060, rows 8060)
[  1494.3s]   [4,9] level 3: 211 pivots (col 3061/8060, rows 8060)
[  1496.3s]   [4,9] level 3: 218 pivots (col 3144/8060, rows 8060)
[  1498.4s]   [4,9] level 3: 225 pivots (col 3206/8060, rows 8060)
[  1500.4s]   [4,9] level 3: 232 pivots (col 3575/8060, rows 8060)
[  1502.4s]   [4,9] level 3: 239 pivots (col 3625/8060, rows 8060)
[  1504.5s]   [4,9] level 3: 246 pivots (col 3676/8060, rows 8060)
[  1506.5s]   [4,9] level 3: 253 pivots (col 3796/8060, rows 8060)
[  1508.5s]   [4,9] level 3: 260 pivots (col 4116/8060, rows 8060)
[  1510.6s]   [4,9] level 3: 267 pivots (col 4167/8060, rows 8060)
[  1512.6s]   [4,9] level 3: 274 pivots (col 4281/8060, rows 8060)
[  1514.6s]   [4,9] level 3: 281 pivots (col 4621/8060, rows 8060)
[  1516.7s]   [4,9] level 3: 288 pivots (col 4681/8060, rows 8060)
[  1518.7s]   [4,9] level 3: 295 pivots (col 4809/8060, rows 8060)
[  1520.7s]   [4,9] level 3: 302 pivots (col 5168/8060, rows 8060)
[  1522.7s]   [4,9] level 3: 309 pivots (col 5224/8060, rows 8060)
[  1524.8s]   [4,9] level 3: 316 pivots (col 5311/8060, rows 8060)
[  1526.8s]   [4,9] level 3: 323 pivots (col 5733/8060, rows 8060)
[  1528.8s]   [4,9] level 3: 330 pivots (col 5775/8060, rows 8060)
[  1530.8s]   [4,9] level 3: 337 pivots (col 5830/8060, rows 8060)
[  1533.1s]   [4,9] level 3: 345 pivots (col 6275/8060, rows 8060)
[  1535.4s]   [4,9] level 3: 353 pivots (col 6312/8060, rows 8060)
[  1537.6s]   [4,9] level 3: 361 pivots (col 6406/8060, rows 8060)
[  1539.9s]   [4,9] level 3: 369 pivots (col 6855/8060, rows 8060)
[  1542.2s]   [4,9] level 3: 377 pivots (col 6893/8060, rows 8060)
[  1544.5s]   [4,9] level 3: 385 pivots (col 6993/8060, rows 8060)
[  1546.7s]   [4,9] level 3: 393 pivots (col 7455/8060, rows 8060)
[  1548.8s]   [4,9] level 3: 400 pivots (col 7495/8060, rows 8060)
[  1551.0s]   [4,9] level 3: 408 pivots (col 7598/8060, rows 8060)
[  1551.9s]   [4,9] level 3 done: 411 divisors; residual 7649x7649
[  1554.0s]   [4,9] level 4: 8 pivots (col 30/7649, rows 7649)
[  1556.1s]   [4,9] level 4: 16 pivots (col 39/7649, rows 7649)
[  1558.3s]   [4,9] level 4: 24 pivots (col 64/7649, rows 7649)
[  1560.5s]   [4,9] level 4: 32 pivots (col 87/7649, rows 7649)
[  1562.6s]   [4,9] level 4: 40 pivots (col 97/7649, rows 7649)
[  1564.8s]   [4,9] level 4: 48 pivots (col 118/7649, rows 7649)
[  1567.0s]   [4,9] level 4: 56 pivots (col 128/7649, rows 7649)
[  1569.1s]   [4,9] level 4: 64 pivots (col 137/7649, rows 7649)
[  1571.3s]   [4,9] level 4: 72 pivots (col 162/7649, rows 7649)
[  1573.4s]   [4,9] level 4: 80 pivots (col 171/7649, rows 7649)
[  1575.6s]   [4,9] level 4: 88 pivots (col 180/7649, rows 7649)
[  1577.8s]   [4,9] level 4: 96 pivots (col 213/7649, rows 7649)
[  1580.0s]   [4,9] level 4: 104 pivots (col 223/7649, rows 7649)
[  1582.1s]   [4,9] level 4: 112 pivots (col 235/7649, rows 7649)
[  1584.3s]   [4,9] level 4: 120 pivots (col 278/7649, rows 7649)
[  1586.4s]   [4,9] level 4: 128 pivots (col 289/7649, rows 7649)
[  1588.5s]   [4,9] level 4: 136 pivots (col 299/7649, rows 7649)
[  1590.7s]   [4,9] level 4: 144 pivots (col 309/7649, rows 7649)
[  1592.8s]   [4,9] level 4: 152 pivots (col 465/7649, rows 7649)
[  1594.9s]   [4,9] level 4: 160 pivots (col 498/7649, rows 7649)
[  1597.0s]   [4,9] level 4: 168 pivots (col 530/7649, rows 7649)
[  1599.2s]   [4,9] level 4: 176 pivots (col 559/7649, rows 7649)
[  1601.3s]   [4,9] level 4: 184 pivots (col 570/7649, rows 7649)
[  1603.4s]   [4,9] level 4: 192 pivots (col 580/7649, rows 7649)
[  1605.5s]   [4,9] level 4: 200 pivots (col 612/7649, rows 7649)
[  1607.6s]   [4,9] level 4: 208 pivots (col 621/7649, rows 7649)
[  1609.7s]   [4,9] level 4: 216 pivots (col 630/7649, rows 7649)
[  1611.8s]   [4,9] level 4: 224 pivots (col 667/7649, rows 7649)
[  1613.9s]   [4,9] level 4: 232 pivots (col 679/7649, rows 7649)
[  1616.0s]   [4,9] level 4: 240 pivots (col 689/7649, rows 7649)
[  1618.0s]   [4,9] level 4: 248 pivots (col 735/7649, rows 7649)
[  1620.1s]   [4,9] level 4: 256 pivots (col 747/7649, rows 7649)
[  1622.2s]   [4,9] level 4: 264 pivots (col 757/7649, rows 7649)
[  1624.3s]   [4,9] level 4: 272 pivots (col 986/7649, rows 7649)
[  1626.4s]   [4,9] level 4: 280 pivots (col 996/7649, rows 7649)
[  1628.4s]   [4,9] level 4: 288 pivots (col 1035/7649, rows 7649)
[  1630.5s]   [4,9] level 4: 296 pivots (col 1045/7649, rows 7649)
[  1632.5s]   [4,9] level 4: 304 pivots (col 1083/7649, rows 7649)
[  1634.6s]   [4,9] level 4: 312 pivots (col 1093/7649, rows 7649)
[  1636.7s]   [4,9] level 4: 320 pivots (col 1103/7649, rows 7649)
[  1638.7s]   [4,9] level 4: 328 pivots (col 1143/7649, rows 7649)
[  1640.8s]   [4,9] level 4: 336 pivots (col 1155/7649, rows 7649)
[  1642.8s]   [4,9] level 4: 344 pivots (col 1168/7649, rows 7649)
[  1644.9s]   [4,9] level 4: 352 pivots (col 1215/7649, rows 7649)
[  1646.9s]   [4,9] level 4: 360 pivots (col 1225/7649, rows 7649)
[  1648.9s]   [4,9] level 4: 368 pivots (col 1362/7649, rows 7649)
[  1651.0s]   [4,9] level 4: 376 pivots (col 1371/7649, rows 7649)
[  1653.0s]   [4,9] level 4: 384 pivots (col 1396/7649, rows 7649)
[  1655.0s]   [4,9] level 4: 392 pivots (col 1421/7649, rows 7649)
[  1657.1s]   [4,9] level 4: 400 pivots (col 1442/7649, rows 7649)
[  1659.1s]   [4,9] level 4: 408 pivots (col 1452/7649, rows 7649)
[  1661.1s]   [4,9] level 4: 416 pivots (col 1462/7649, rows 7649)
[  1663.1s]   [4,9] level 4: 424 pivots (col 1485/7649, rows 7649)
[  1665.1s]   [4,9] level 4: 432 pivots (col 1495/7649, rows 7649)
[  1667.4s]   [4,9] level 4: 441 pivots (col 1531/7649, rows 7649)
[  1669.6s]   [4,9] level 4: 450 pivots (col 1541/7649, rows 7649)
[  1671.8s]   [4,9] level 4: 459 pivots (col 1567/7649, rows 7649)
[  1674.1s]   [4,9] level 4: 468 pivots (col 1593/7649, rows 7649)
[  1676.3s]   [4,9] level 4: 477 pivots (col 1605/7649, rows 7649)
[  1678.5s]   [4,9] level 4: 486 pivots (col 1627/7649, rows 7649)
[  1680.7s]   [4,9] level 4: 495 pivots (col 1854/7649, rows 7649)
[  1683.0s]   [4,9] level 4: 504 pivots (col 1888/7649, rows 7649)
[  1685.2s]   [4,9] level 4: 513 pivots (col 1921/7649, rows 7649)
[  1687.4s]   [4,9] level 4: 522 pivots (col 1952/7649, rows 7649)
[  1689.6s]   [4,9] level 4: 531 pivots (col 1964/7649, rows 7649)
[  1691.8s]   [4,9] level 4: 540 pivots (col 1974/7649, rows 7649)
[  1693.9s]   [4,9] level 4: 549 pivots (col 2013/7649, rows 7649)
[  1696.1s]   [4,9] level 4: 558 pivots (col 2023/7649, rows 7649)
[  1698.3s]   [4,9] level 4: 567 pivots (col 2067/7649, rows 7649)
[  1700.5s]   [4,9] level 4: 576 pivots (col 2080/7649, rows 7649)
[  1702.7s]   [4,9] level 4: 585 pivots (col 2091/7649, rows 7649)
[  1704.9s]   [4,9] level 4: 594 pivots (col 2401/7649, rows 7649)
[  1707.1s]   [4,9] level 4: 603 pivots (col 2412/7649, rows 7649)
[  1709.3s]   [4,9] level 4: 612 pivots (col 2452/7649, rows 7649)
[  1711.4s]   [4,9] level 4: 621 pivots (col 2462/7649, rows 7649)
[  1713.6s]   [4,9] level 4: 630 pivots (col 2503/7649, rows 7649)
[  1715.7s]   [4,9] level 4: 639 pivots (col 2513/7649, rows 7649)
[  1717.8s]   [4,9] level 4: 648 pivots (col 2525/7649, rows 7649)
[  1720.0s]   [4,9] level 4: 657 pivots (col 2572/7649, rows 7649)
[  1722.1s]   [4,9] level 4: 666 pivots (col 2583/7649, rows 7649)
[  1724.2s]   [4,9] level 4: 675 pivots (col 2800/7649, rows 7649)
[  1726.3s]   [4,9] level 4: 684 pivots (col 2826/7649, rows 7649)
[  1728.4s]   [4,9] level 4: 693 pivots (col 2836/7649, rows 7649)
[  1730.6s]   [4,9] level 4: 702 pivots (col 2861/7649, rows 7649)
[  1732.7s]   [4,9] level 4: 711 pivots (col 2885/7649, rows 7649)
[  1734.8s]   [4,9] level 4: 720 pivots (col 2896/7649, rows 7649)
[  1736.9s]   [4,9] level 4: 729 pivots (col 2931/7649, rows 7649)
[  1739.0s]   [4,9] level 4: 738 pivots (col 2942/7649, rows 7649)
[  1741.1s]   [4,9] level 4: 747 pivots (col 2985/7649, rows 7649)
[  1743.1s]   [4,9] level 4: 756 pivots (col 2997/7649, rows 7649)
[  1745.2s]   [4,9] level 4: 765 pivots (col 3287/7649, rows 7649)
[  1747.3s]   [4,9] level 4: 774 pivots (col 3344/7649, rows 7649)
[  1749.4s]   [4,9] level 4: 783 pivots (col 3355/7649, rows 7649)
[  1751.6s]   [4,9] level 4: 792 pivots (col 3387/7649, rows 7649)
[  1753.6s]   [4,9] level 4: 801 pivots (col 3397/7649, rows 7649)
[  1755.7s]   [4,9] level 4: 810 pivots (col 3431/7649, rows 7649)
[  1757.7s]   [4,9] level 4: 819 pivots (col 3441/7649, rows 7649)
[  1759.9s]   [4,9] level 4: 828 pivots (col 3481/7649, rows 7649)
[  1761.9s]   [4,9] level 4: 837 pivots (col 3494/7649, rows 7649)
[  1763.9s]   [4,9] level 4: 846 pivots (col 3505/7649, rows 7649)
[  1765.9s]   [4,9] level 4: 855 pivots (col 3855/7649, rows 7649)
[  1767.9s]   [4,9] level 4: 864 pivots (col 3896/7649, rows 7649)
[  1769.9s]   [4,9] level 4: 873 pivots (col 3906/7649, rows 7649)
[  1772.0s]   [4,9] level 4: 882 pivots (col 3945/7649, rows 7649)
[  1774.0s]   [4,9] level 4: 891 pivots (col 3957/7649, rows 7649)
[  1776.0s]   [4,9] level 4: 900 pivots (col 3968/7649, rows 7649)
[  1778.2s]   [4,9] level 4: 910 pivots (col 4014/7649, rows 7649)
[  1780.3s]   [4,9] level 4: 919 pivots (col 4025/7649, rows 7649)
[  1782.5s]   [4,9] level 4: 929 pivots (col 4323/7649, rows 7649)
[  1784.7s]   [4,9] level 4: 939 pivots (col 4350/7649, rows 7649)
[  1786.7s]   [4,9] level 4: 948 pivots (col 4374/7649, rows 7649)
[  1788.9s]   [4,9] level 4: 958 pivots (col 4385/7649, rows 7649)
[  1791.1s]   [4,9] level 4: 968 pivots (col 4412/7649, rows 7649)
[  1793.3s]   [4,9] level 4: 978 pivots (col 4424/7649, rows 7649)
[  1795.4s]   [4,9] level 4: 988 pivots (col 4443/7649, rows 7649)
[  1797.6s]   [4,9] level 4: 998 pivots (col 4472/7649, rows 7649)
[  1799.7s]   [4,9] level 4: 1008 pivots (col 4515/7649, rows 7649)
[  1801.9s]   [4,9] level 4: 1018 pivots (col 4839/7649, rows 7649)
[  1804.0s]   [4,9] level 4: 1028 pivots (col 4874/7649, rows 7649)
[  1806.2s]   [4,9] level 4: 1038 pivots (col 4907/7649, rows 7649)
[  1808.3s]   [4,9] level 4: 1048 pivots (col 4919/7649, rows 7649)
[  1810.4s]   [4,9] level 4: 1058 pivots (col 4953/7649, rows 7649)
[  1812.6s]   [4,9] level 4: 1068 pivots (col 4964/7649, rows 7649)
[  1814.7s]   [4,9] level 4: 1078 pivots (col 5003/7649, rows 7649)
[  1816.8s]   [4,9] level 4: 1088 pivots (col 5014/7649, rows 7649)
[  1818.9s]   [4,9] level 4: 1098 pivots (col 5440/7649, rows 7649)
[  1821.0s]   [4,9] level 4: 1108 pivots (col 5455/7649, rows 7649)
[  1823.0s]   [4,9] level 4: 1118 pivots (col 5496/7649, rows 7649)
[  1825.1s]   [4,9] level 4: 1128 pivots (col 5508/7649, rows 7649)
[  1827.2s]   [4,9] level 4: 1138 pivots (col 5552/7649, rows 7649)
[  1829.3s]   [4,9] level 4: 1148 pivots (col 5564/7649, rows 7649)
[  1831.3s]   [4,9] level 4: 1158 pivots (col 5936/7649, rows 7649)
[  1833.4s]   [4,9] level 4: 1168 pivots (col 5961/7649, rows 7649)
[  1835.4s]   [4,9] level 4: 1178 pivots (col 5973/7649, rows 7649)
[  1837.4s]   [4,9] level 4: 1188 pivots (col 6000/7649, rows 7649)
[  1839.5s]   [4,9] level 4: 1198 pivots (col 6012/7649, rows 7649)
[  1841.5s]   [4,9] level 4: 1208 pivots (col 6025/7649, rows 7649)
[  1843.5s]   [4,9] level 4: 1218 pivots (col 6050/7649, rows 7649)
[  1845.5s]   [4,9] level 4: 1228 pivots (col 6062/7649, rows 7649)
[  1847.5s]   [4,9] level 4: 1238 pivots (col 6097/7649, rows 7649)
[  1849.5s]   [4,9] level 4: 1248 pivots (col 6172/7649, rows 7649)
[  1851.7s]   [4,9] level 4: 1259 pivots (col 6519/7649, rows 7649)
[  1853.9s]   [4,9] level 4: 1270 pivots (col 6532/7649, rows 7649)
[  1856.1s]   [4,9] level 4: 1281 pivots (col 6567/7649, rows 7649)
[  1858.2s]   [4,9] level 4: 1292 pivots (col 6580/7649, rows 7649)
[  1860.4s]   [4,9] level 4: 1303 pivots (col 6615/7649, rows 7649)
[  1862.5s]   [4,9] level 4: 1314 pivots (col 6628/7649, rows 7649)
[  1864.7s]   [4,9] level 4: 1325 pivots (col 6738/7649, rows 7649)
[  1866.8s]   [4,9] level 4: 1336 pivots (col 7103/7649, rows 7649)
[  1869.0s]   [4,9] level 4: 1347 pivots (col 7145/7649, rows 7649)
[  1871.1s]   [4,9] level 4: 1358 pivots (col 7158/7649, rows 7649)
[  1873.2s]   [4,9] level 4: 1369 pivots (col 7200/7649, rows 7649)
[  1875.2s]   [4,9] level 4: 1380 pivots (col 7213/7649, rows 7649)
[  1875.9s]   [4,9] level 4 done: 1383 divisors; residual 6266x6266
[  1877.9s]   [4,9] level 5: 12 pivots (col 128/6266, rows 6266)
[  1880.0s]   [4,9] level 5: 24 pivots (col 390/6266, rows 6266)
[  1882.1s]   [4,9] level 5: 36 pivots (col 488/6266, rows 6266)
[  1884.3s]   [4,9] level 5: 48 pivots (col 825/6266, rows 6266)
[  1886.4s]   [4,9] level 5: 60 pivots (col 1066/6266, rows 6266)
[  1888.4s]   [4,9] level 5: 72 pivots (col 1109/6266, rows 6266)
[  1890.5s]   [4,9] level 5: 84 pivots (col 1466/6266, rows 6266)
[  1892.6s]   [4,9] level 5: 96 pivots (col 1843/6266, rows 6266)
[  1894.7s]   [4,9] level 5: 108 pivots (col 2180/6266, rows 6266)
[  1896.7s]   [4,9] level 5: 120 pivots (col 2240/6266, rows 6266)
[  1898.8s]   [4,9] level 5: 132 pivots (col 2628/6266, rows 6266)
[  1900.8s]   [4,9] level 5: 144 pivots (col 3101/6266, rows 6266)
[  1902.9s]   [4,9] level 5: 156 pivots (col 3456/6266, rows 6266)
[  1904.9s]   [4,9] level 5: 168 pivots (col 3927/6266, rows 6266)
[  1906.9s]   [4,9] level 5: 180 pivots (col 4818/6266, rows 6266)
[  1908.8s]   [4,9] level 5 done: 191 divisors; residual 6075x6075
[  1910.9s]   [4,9] level 6: 13 pivots (col 119/6075, rows 6075)
[  1913.0s]   [4,9] level 6: 26 pivots (col 418/6075, rows 6075)
[  1915.1s]   [4,9] level 6: 39 pivots (col 464/6075, rows 6075)
[  1917.2s]   [4,9] level 6: 52 pivots (col 820/6075, rows 6075)
[  1919.3s]   [4,9] level 6: 65 pivots (col 1032/6075, rows 6075)
[  1921.4s]   [4,9] level 6: 78 pivots (col 1062/6075, rows 6075)
[  1923.4s]   [4,9] level 6: 91 pivots (col 1413/6075, rows 6075)
[  1925.5s]   [4,9] level 6: 104 pivots (col 1819/6075, rows 6075)
[  1927.5s]   [4,9] level 6: 117 pivots (col 2096/6075, rows 6075)
[  1929.5s]   [4,9] level 6: 130 pivots (col 2126/6075, rows 6075)
[  1931.5s]   [4,9] level 6: 143 pivots (col 2522/6075, rows 6075)
[  1933.5s]   [4,9] level 6: 156 pivots (col 2968/6075, rows 6075)
[  1935.7s]   [4,9] level 6: 170 pivots (col 3327/6075, rows 6075)
[  1937.8s]   [4,9] level 6: 184 pivots (col 3766/6075, rows 6075)
[  1939.9s]   [4,9] level 6: 198 pivots (col 4662/6075, rows 6075)
[  1940.5s]   [4,9] level 6 done: 202 divisors; residual 5873x5873
[  1942.6s]   [4,9] level 7: 15 pivots (col 139/5873, rows 5873)
[  1944.7s]   [4,9] level 7: 30 pivots (col 428/5873, rows 5873)
[  1946.8s]   [4,9] level 7: 45 pivots (col 997/5873, rows 5873)
[  1948.3s]   [4,9] level 7 done: 56 divisors; residual 5817x5817
[  1948.8s]   [4,9] level 8 done: 3 divisors; residual 5814x5814
[  1948.9s]   [4,9] level 9 done: 0 divisors; residual 5814x5814
[  1949.0s]   [4,9] level 10 done: 0 divisors; residual 5814x5814
[  1949.1s]   [4,9] level 11 done: 0 divisors; residual 5814x5814
======================================================================
VERDICT (4,9): rank = 5121 (SEAL 8001: MISS)
  3-adic height counts: {0: 763, 1: 246, 2: 1866, 3: 411, 4: 1383, 5: 191, 6: 202, 7: 56, 8: 3, 9: 0, 10: 0, 11: 0}
  unaccounted beyond height 11: 0 (residual rows 5814)
  3-adic exponent E = 13326
Done. PMC.
