[   0.0s] GANDALF ELIMINATOR: m=39 (n=4563 lines), p=13, K=8 (mod 815730721)
[   0.1s] Gram built
[   3.1s] pivot 42/4563 shift=0
[   6.2s] pivot 82/4563 shift=0
[   9.2s] pivot 128/4563 shift=0
[  12.2s] pivot 167/4563 shift=0
[  15.3s] pivot 191/4563 shift=0
[  18.4s] pivot 214/4563 shift=0
[  21.5s] pivot 238/4563 shift=0
[  24.5s] pivot 263/4563 shift=0
[  27.6s] pivot 289/4563 shift=0
[  30.7s] pivot 313/4563 shift=0
[  33.7s] pivot 336/4563 shift=0
[  36.7s] pivot 359/4563 shift=0
[  39.8s] pivot 383/4563 shift=0
[  42.8s] pivot 407/4563 shift=0
[  45.9s] pivot 431/4563 shift=0
[  48.9s] pivot 457/4563 shift=1
[  52.0s] pivot 484/4563 shift=1
[  55.1s] pivot 511/4563 shift=1
[  58.2s] pivot 538/4563 shift=1
[  61.2s] pivot 565/4563 shift=1
[  64.3s] pivot 593/4563 shift=1
[  67.4s] pivot 621/4563 shift=1
[  70.4s] pivot 649/4563 shift=1
[  73.5s] pivot 678/4563 shift=1
[  76.6s] pivot 709/4563 shift=1
[  79.6s] pivot 736/4563 shift=1
[  82.7s] pivot 765/4563 shift=1
[  85.7s] pivot 794/4563 shift=1
[  88.8s] pivot 824/4563 shift=1
[  91.8s] pivot 855/4563 shift=1
[  94.9s] pivot 886/4563 shift=1
[  98.0s] pivot 918/4563 shift=1
[ 101.0s] pivot 948/4563 shift=1
[ 104.0s] pivot 979/4563 shift=1
[ 107.1s] pivot 1011/4563 shift=1
[ 110.1s] pivot 1044/4563 shift=1
[ 113.1s] pivot 1077/4563 shift=1
[ 116.2s] pivot 1111/4563 shift=1
[ 119.2s] pivot 1146/4563 shift=1
[ 122.3s] pivot 1182/4563 shift=1
[ 125.3s] pivot 1218/4563 shift=1
[ 128.4s] pivot 1256/4563 shift=1
[ 131.4s] pivot 1293/4563 shift=1
[ 134.5s] pivot 1330/4563 shift=1
[ 137.5s] pivot 1372/4563 shift=1
[ 140.5s] pivot 1409/4563 shift=1
[ 143.5s] pivot 1447/4563 shift=1
[ 146.6s] pivot 1488/4563 shift=1
[ 149.6s] pivot 1530/4563 shift=1
[ 152.6s] pivot 1569/4563 shift=1
[ 155.6s] pivot 1614/4563 shift=1
[ 158.6s] pivot 1655/4563 shift=1
[ 161.7s] pivot 1701/4563 shift=1
[ 164.8s] pivot 1744/4563 shift=1
[ 167.8s] pivot 1791/4563 shift=1
[ 170.8s] pivot 1842/4563 shift=1
[ 173.8s] pivot 1898/4563 shift=1
[ 176.9s] pivot 1958/4563 shift=1
[ 179.9s] pivot 2021/4563 shift=1
[ 182.9s] pivot 2087/4563 shift=1
[ 185.9s] pivot 2159/4563 shift=1
[ 189.0s] pivot 2239/4563 shift=1
[ 192.0s] pivot 2328/4563 shift=1
[ 195.0s] pivot 2429/4563 shift=1
[ 198.0s] pivot 2554/4563 shift=1
[ 201.0s] pivot 2720/4563 shift=1
[ 204.0s] pivot 3008/4563 shift=1
[ 207.0s] pivot 3660/4563 shift=1
RESULT m=39 p=13: profile { 0:432 1:3686 2:101 } rank 4219 exp 3888
