[   0.0s] GANDALF ELIMINATOR: m=49 (n=7203 lines), p=7, K=11 (mod 1977326743)
[   0.2s] Gram built
[   3.3s] pivot 32/7203 shift=0
[   6.3s] pivot 46/7203 shift=0
[   9.5s] pivot 59/7203 shift=0
[  12.5s] pivot 75/7203 shift=0
[  15.5s] pivot 101/7203 shift=0
[  18.6s] pivot 120/7203 shift=0
[  21.6s] pivot 143/7203 shift=0
[  24.7s] pivot 171/7203 shift=0
[  27.8s] pivot 196/7203 shift=0
[  31.0s] pivot 210/7203 shift=0
[  34.1s] pivot 222/7203 shift=0
[  37.2s] pivot 234/7203 shift=0
[  40.3s] pivot 246/7203 shift=0
[  43.5s] pivot 258/7203 shift=0
[  46.7s] pivot 270/7203 shift=0
[  49.9s] pivot 282/7203 shift=0
[  53.0s] pivot 294/7203 shift=0
[  56.1s] pivot 306/7203 shift=0
[  59.1s] pivot 318/7203 shift=0
[  62.2s] pivot 331/7203 shift=0
[  65.3s] pivot 344/7203 shift=0
[  68.5s] pivot 358/7203 shift=0
[  71.7s] pivot 372/7203 shift=0
[  74.9s] pivot 384/7203 shift=0
[  78.0s] pivot 396/7203 shift=0
[  81.1s] pivot 408/7203 shift=0
[  84.3s] pivot 420/7203 shift=0
[  87.5s] pivot 432/7203 shift=0
[  90.7s] pivot 444/7203 shift=0
[  93.9s] pivot 456/7203 shift=0
[  97.0s] pivot 468/7203 shift=0
[ 100.1s] pivot 480/7203 shift=0
[ 103.3s] pivot 492/7203 shift=0
[ 106.4s] pivot 504/7203 shift=0
[ 109.6s] pivot 516/7203 shift=0
[ 112.8s] pivot 528/7203 shift=0
[ 116.0s] pivot 540/7203 shift=0
[ 119.3s] pivot 552/7203 shift=0
[ 122.3s] pivot 564/7203 shift=2
[ 125.5s] pivot 577/7203 shift=2
[ 128.7s] pivot 590/7203 shift=2
[ 131.9s] pivot 603/7203 shift=2
[ 135.1s] pivot 616/7203 shift=2
[ 138.3s] pivot 629/7203 shift=2
[ 141.6s] pivot 642/7203 shift=2
[ 144.6s] pivot 654/7203 shift=2
[ 147.8s] pivot 667/7203 shift=2
[ 151.0s] pivot 680/7203 shift=2
[ 154.0s] pivot 692/7203 shift=2
[ 157.2s] pivot 705/7203 shift=2
[ 160.4s] pivot 718/7203 shift=2
[ 163.6s] pivot 731/7203 shift=2
[ 166.8s] pivot 744/7203 shift=2
[ 170.0s] pivot 757/7203 shift=2
[ 173.1s] pivot 770/7203 shift=2
[ 176.4s] pivot 783/7203 shift=2
[ 179.6s] pivot 796/7203 shift=2
[ 182.7s] pivot 809/7203 shift=2
[ 185.9s] pivot 822/7203 shift=2
[ 189.1s] pivot 835/7203 shift=2
[ 192.2s] pivot 848/7203 shift=2
[ 195.4s] pivot 861/7203 shift=2
[ 198.7s] pivot 874/7203 shift=2
[ 201.9s] pivot 886/7203 shift=2
[ 205.1s] pivot 899/7203 shift=2
[ 208.2s] pivot 912/7203 shift=2
[ 211.5s] pivot 924/7203 shift=2
[ 214.5s] pivot 936/7203 shift=2
[ 217.8s] pivot 949/7203 shift=2
[ 221.0s] pivot 961/7203 shift=2
[ 224.2s] pivot 973/7203 shift=2
[ 227.3s] pivot 985/7203 shift=2
[ 230.4s] pivot 997/7203 shift=2
[ 233.5s] pivot 1009/7203 shift=2
[ 236.5s] pivot 1021/7203 shift=2
[ 239.7s] pivot 1034/7203 shift=2
[ 240.3s] checkpoint written (r=1036)
[ 242.7s] pivot 1044/7203 shift=2
[ 245.8s] pivot 1056/7203 shift=2
[ 248.9s] pivot 1067/7203 shift=2
[ 252.0s] pivot 1079/7203 shift=2
[ 255.1s] pivot 1091/7203 shift=2
[ 258.2s] pivot 1103/7203 shift=2
[ 261.3s] pivot 1115/7203 shift=2
[ 264.4s] pivot 1127/7203 shift=2
[ 267.4s] pivot 1139/7203 shift=2
[ 270.5s] pivot 1151/7203 shift=2
[ 273.6s] pivot 1163/7203 shift=2
[ 276.7s] pivot 1175/7203 shift=2
[ 279.8s] pivot 1187/7203 shift=2
[ 282.9s] pivot 1199/7203 shift=2
[ 286.0s] pivot 1211/7203 shift=2
[ 289.1s] pivot 1223/7203 shift=2
[ 292.1s] pivot 1235/7203 shift=2
[ 295.2s] pivot 1247/7203 shift=2
[ 298.3s] pivot 1259/7203 shift=2
[ 301.4s] pivot 1271/7203 shift=2
[ 304.5s] pivot 1283/7203 shift=2
[ 307.8s] pivot 1295/7203 shift=2
[ 311.0s] pivot 1307/7203 shift=2
[ 314.2s] pivot 1319/7203 shift=2
[ 317.4s] pivot 1331/7203 shift=2
[ 320.5s] pivot 1343/7203 shift=2
[ 323.6s] pivot 1355/7203 shift=2
[ 326.7s] pivot 1367/7203 shift=2
[ 329.8s] pivot 1379/7203 shift=2
[ 333.0s] pivot 1391/7203 shift=2
[ 336.0s] pivot 1402/7203 shift=2
[ 339.1s] pivot 1412/7203 shift=2
[ 342.3s] pivot 1423/7203 shift=2
[ 345.3s] pivot 1434/7203 shift=2
[ 348.4s] pivot 1445/7203 shift=2
[ 351.4s] pivot 1457/7203 shift=2
[ 354.6s] pivot 1469/7203 shift=2
[ 357.6s] pivot 1481/7203 shift=2
[ 360.7s] pivot 1493/7203 shift=2
[ 363.8s] pivot 1505/7203 shift=2
[ 366.9s] pivot 1517/7203 shift=2
[ 369.9s] pivot 1529/7203 shift=2
[ 373.1s] pivot 1542/7203 shift=2
[ 376.3s] pivot 1555/7203 shift=2
[ 379.6s] pivot 1568/7203 shift=2
[ 382.7s] pivot 1581/7203 shift=2
[ 385.9s] pivot 1594/7203 shift=2
[ 389.1s] pivot 1607/7203 shift=2
[ 392.2s] pivot 1620/7203 shift=2
[ 395.4s] pivot 1633/7203 shift=2
[ 398.5s] pivot 1646/7203 shift=2
[ 401.5s] pivot 1659/7203 shift=2
[ 404.6s] pivot 1672/7203 shift=2
[ 407.8s] pivot 1686/7203 shift=2
[ 411.0s] pivot 1700/7203 shift=2
[ 414.2s] pivot 1714/7203 shift=2
[ 417.3s] pivot 1728/7203 shift=2
[ 420.5s] pivot 1742/7203 shift=2
[ 423.6s] pivot 1756/7203 shift=2
[ 426.7s] pivot 1770/7203 shift=2
[ 429.7s] pivot 1784/7203 shift=2
[ 432.8s] pivot 1798/7203 shift=2
[ 435.8s] pivot 1812/7203 shift=2
[ 439.0s] pivot 1827/7203 shift=2
[ 442.2s] pivot 1842/7203 shift=2
[ 445.3s] pivot 1857/7203 shift=2
[ 448.4s] pivot 1872/7203 shift=2
[ 451.5s] pivot 1887/7203 shift=2
[ 454.6s] pivot 1902/7203 shift=2
[ 457.6s] pivot 1917/7203 shift=2
[ 460.6s] pivot 1932/7203 shift=2
[ 463.8s] pivot 1948/7203 shift=2
[ 467.0s] pivot 1964/7203 shift=2
[ 470.1s] pivot 1980/7203 shift=2
[ 473.2s] pivot 1996/7203 shift=2
[ 476.2s] pivot 2012/7203 shift=2
[ 479.3s] pivot 2028/7203 shift=2
[ 480.5s] checkpoint written (r=2034)
[ 482.3s] pivot 2043/7203 shift=2
[ 485.4s] pivot 2059/7203 shift=2
[ 488.4s] pivot 2075/7203 shift=2
[ 491.5s] pivot 2091/7203 shift=2
[ 494.6s] pivot 2108/7203 shift=2
[ 497.7s] pivot 2125/7203 shift=2
[ 500.8s] pivot 2142/7203 shift=2
[ 503.9s] pivot 2160/7203 shift=2
[ 507.1s] pivot 2178/7203 shift=2
[ 510.2s] pivot 2196/7203 shift=2
[ 513.3s] pivot 2214/7203 shift=2
[ 516.3s] pivot 2232/7203 shift=2
[ 519.3s] pivot 2250/7203 shift=2
[ 522.5s] pivot 2269/7203 shift=2
[ 525.6s] pivot 2288/7203 shift=2
[ 528.6s] pivot 2307/7203 shift=2
[ 531.7s] pivot 2326/7203 shift=2
[ 534.7s] pivot 2345/7203 shift=2
[ 537.9s] pivot 2365/7203 shift=2
[ 540.9s] pivot 2385/7203 shift=2
[ 544.0s] pivot 2405/7203 shift=2
[ 547.1s] pivot 2425/7203 shift=2
[ 550.1s] pivot 2445/7203 shift=2
[ 553.3s] pivot 2466/7203 shift=2
[ 556.3s] pivot 2487/7203 shift=2
[ 559.3s] pivot 2508/7203 shift=2
[ 562.5s] pivot 2530/7203 shift=2
[ 565.5s] pivot 2552/7203 shift=2
[ 568.6s] pivot 2574/7203 shift=2
[ 571.7s] pivot 2596/7203 shift=2
[ 574.8s] pivot 2619/7203 shift=2
[ 577.8s] pivot 2642/7203 shift=2
[ 580.9s] pivot 2665/7203 shift=2
[ 583.9s] pivot 2688/7203 shift=2
[ 587.0s] pivot 2712/7203 shift=2
[ 590.1s] pivot 2736/7203 shift=2
[ 593.1s] pivot 2760/7203 shift=2
[ 596.1s] pivot 2785/7203 shift=2
[ 599.2s] pivot 2810/7203 shift=2
[ 602.3s] pivot 2835/7203 shift=2
[ 605.4s] pivot 2861/7203 shift=2
[ 608.5s] pivot 2887/7203 shift=2
[ 611.5s] pivot 2913/7203 shift=2
[ 614.6s] pivot 2940/7203 shift=2
[ 617.7s] pivot 2967/7203 shift=2
[ 620.7s] pivot 2994/7203 shift=2
[ 623.7s] pivot 3022/7203 shift=2
[ 626.8s] pivot 3050/7203 shift=2
[ 629.9s] pivot 3079/7203 shift=2
[ 632.9s] pivot 3108/7203 shift=2
[ 636.0s] pivot 3138/7203 shift=2
[ 639.0s] pivot 3168/7203 shift=2
[ 642.1s] pivot 3199/7203 shift=2
[ 645.1s] pivot 3230/7203 shift=2
[ 648.1s] pivot 3261/7203 shift=2
[ 651.2s] pivot 3293/7203 shift=2
[ 654.2s] pivot 3326/7203 shift=2
[ 657.2s] pivot 3359/7203 shift=2
[ 660.3s] pivot 3393/7203 shift=2
[ 663.3s] pivot 3427/7203 shift=2
[ 666.3s] pivot 3462/7203 shift=2
[ 669.4s] pivot 3498/7203 shift=2
[ 672.4s] pivot 3535/7203 shift=2
[ 675.4s] pivot 3572/7203 shift=2
[ 678.5s] pivot 3610/7203 shift=2
[ 681.5s] pivot 3649/7203 shift=2
[ 684.5s] pivot 3689/7203 shift=2
[ 687.6s] pivot 3731/7203 shift=2
[ 690.6s] pivot 3773/7203 shift=2
[ 693.6s] pivot 3816/7203 shift=2
[ 696.6s] pivot 3860/7203 shift=2
[ 699.7s] pivot 3906/7203 shift=2
[ 702.7s] pivot 3954/7203 shift=2
[ 705.8s] pivot 4003/7203 shift=2
[ 708.8s] pivot 4054/7203 shift=2
[ 711.8s] pivot 4106/7203 shift=2
[ 714.8s] pivot 4160/7203 shift=2
[ 717.8s] pivot 4217/7203 shift=2
[ 720.6s] checkpoint written (r=4270)
[ 720.9s] pivot 4275/7203 shift=2
[ 723.9s] pivot 4335/7203 shift=2
[ 726.9s] pivot 4401/7203 shift=2
[ 729.9s] pivot 4470/7203 shift=2
[ 732.9s] pivot 4544/7203 shift=2
[ 736.0s] pivot 4623/7203 shift=2
[ 739.0s] pivot 4709/7203 shift=2
[ 742.0s] pivot 4803/7203 shift=2
[ 745.0s] pivot 4909/7203 shift=2
[ 748.0s] pivot 5031/7203 shift=2
[ 751.0s] pivot 5180/7203 shift=2
[ 754.0s] pivot 5386/7203 shift=2
[ 757.0s] pivot 5763/7203 shift=2
RESULT m=49 p=7: profile { 0:552 2:6086 4:131 } rank 6769 exp 12696
