[   0.0s] GANDALF ELIMINATOR: m=39 (n=4563 lines), p=3, K=19 (mod 1162261467)
[   0.1s] Gram built
[   3.2s] pivot 45/4563 shift=0
[   6.2s] pivot 92/4563 shift=0
[   9.2s] pivot 150/4563 shift=0
[  12.3s] pivot 181/4563 shift=0
[  15.3s] pivot 208/4563 shift=0
[  18.4s] pivot 236/4563 shift=0
[  21.4s] pivot 266/4563 shift=0
[  24.4s] pivot 297/4563 shift=0
[  27.4s] pivot 325/4563 shift=0
[  30.5s] pivot 354/4563 shift=0
[  33.6s] pivot 383/4563 shift=0
[  36.6s] pivot 412/4563 shift=0
[  39.6s] pivot 441/4563 shift=1
[  42.7s] pivot 472/4563 shift=1
[  45.7s] pivot 504/4563 shift=1
[  48.8s] pivot 537/4563 shift=1
[  51.8s] pivot 570/4563 shift=1
[  54.8s] pivot 603/4563 shift=1
[  57.9s] pivot 636/4563 shift=1
[  60.9s] pivot 671/4563 shift=1
[  63.9s] pivot 707/4563 shift=1
[  67.0s] pivot 744/4563 shift=1
[  70.1s] pivot 781/4563 shift=1
[  73.1s] pivot 817/4563 shift=1
[  76.2s] pivot 854/4563 shift=1
[  79.2s] pivot 891/4563 shift=1
[  82.2s] pivot 929/4563 shift=1
[  85.3s] pivot 968/4563 shift=1
[  88.3s] pivot 1007/4563 shift=1
[  91.3s] pivot 1047/4563 shift=1
[  94.3s] pivot 1088/4563 shift=1
[  97.4s] pivot 1130/4563 shift=1
[ 100.4s] pivot 1173/4563 shift=1
[ 103.4s] pivot 1217/4563 shift=1
[ 106.4s] pivot 1262/4563 shift=1
[ 109.5s] pivot 1309/4563 shift=1
[ 112.5s] pivot 1356/4563 shift=1
[ 115.5s] pivot 1404/4563 shift=1
[ 118.6s] pivot 1454/4563 shift=1
[ 121.6s] pivot 1506/4563 shift=1
[ 124.6s] pivot 1560/4563 shift=1
[ 127.6s] pivot 1616/4563 shift=1
[ 130.7s] pivot 1674/4563 shift=1
[ 133.7s] pivot 1735/4563 shift=1
[ 136.7s] pivot 1799/4563 shift=1
[ 139.7s] pivot 1866/4563 shift=1
[ 142.7s] pivot 1937/4563 shift=1
[ 145.7s] pivot 2015/4563 shift=1
[ 148.7s] pivot 2099/4563 shift=1
[ 151.8s] pivot 2190/4563 shift=1
[ 154.8s] pivot 2292/4563 shift=1
[ 157.8s] pivot 2409/4563 shift=1
[ 160.8s] pivot 2557/4563 shift=1
[ 163.8s] pivot 2770/4563 shift=1
[ 166.8s] pivot 3210/4563 shift=1
RESULT m=39 p=3: profile { 0:439 1:3672 2:108 } rank 4219 exp 3888
