[   0.0s] GANDALF ELIMINATOR: m=55 (n=9075 lines), p=11, K=9 (mod 2357947691)
[   0.3s] Gram built
[   3.5s] pivot 26/9075 shift=0
[   6.8s] pivot 38/9075 shift=0
[  10.0s] pivot 47/9075 shift=0
[  13.2s] pivot 55/9075 shift=0
[  16.3s] pivot 62/9075 shift=0
[  19.3s] pivot 70/9075 shift=0
[  22.5s] pivot 80/9075 shift=0
[  25.7s] pivot 93/9075 shift=0
[  28.9s] pivot 112/9075 shift=0
[  31.9s] pivot 122/9075 shift=0
[  34.9s] pivot 132/9075 shift=0
[  38.0s] pivot 144/9075 shift=0
[  41.2s] pivot 158/9075 shift=0
[  44.3s] pivot 174/9075 shift=0
[  47.5s] pivot 192/9075 shift=0
[  50.6s] pivot 212/9075 shift=0
[  53.7s] pivot 221/9075 shift=0
[  56.7s] pivot 229/9075 shift=0
[  60.0s] pivot 237/9075 shift=0
[  63.4s] pivot 245/9075 shift=0
[  66.4s] pivot 252/9075 shift=0
[  69.6s] pivot 259/9075 shift=0
[  72.8s] pivot 266/9075 shift=0
[  75.9s] pivot 273/9075 shift=0
[  79.1s] pivot 280/9075 shift=0
[  82.2s] pivot 287/9075 shift=0
[  85.3s] pivot 294/9075 shift=0
[  88.5s] pivot 301/9075 shift=0
[  91.6s] pivot 308/9075 shift=0
[  94.7s] pivot 315/9075 shift=0
[  97.8s] pivot 322/9075 shift=0
[ 100.9s] pivot 329/9075 shift=0
[ 104.0s] pivot 336/9075 shift=0
[ 107.3s] pivot 343/9075 shift=0
[ 110.4s] pivot 350/9075 shift=0
[ 113.7s] pivot 358/9075 shift=0
[ 116.7s] pivot 365/9075 shift=0
[ 120.0s] pivot 373/9075 shift=0
[ 123.2s] pivot 381/9075 shift=0
[ 126.4s] pivot 389/9075 shift=0
[ 129.6s] pivot 397/9075 shift=0
[ 132.8s] pivot 405/9075 shift=0
[ 136.1s] pivot 413/9075 shift=0
[ 139.4s] pivot 421/9075 shift=0
[ 142.6s] pivot 428/9075 shift=0
[ 145.8s] pivot 435/9075 shift=0
[ 149.0s] pivot 442/9075 shift=0
[ 152.2s] pivot 449/9075 shift=0
[ 155.4s] pivot 456/9075 shift=0
[ 158.6s] pivot 463/9075 shift=0
[ 161.7s] pivot 470/9075 shift=0
[ 164.9s] pivot 477/9075 shift=0
[ 168.1s] pivot 484/9075 shift=0
[ 171.3s] pivot 491/9075 shift=0
[ 174.4s] pivot 498/9075 shift=0
[ 177.6s] pivot 505/9075 shift=0
[ 180.7s] pivot 512/9075 shift=0
[ 183.9s] pivot 519/9075 shift=0
[ 187.1s] pivot 526/9075 shift=0
[ 190.3s] pivot 533/9075 shift=0
[ 193.4s] pivot 540/9075 shift=0
[ 196.5s] pivot 547/9075 shift=0
[ 199.7s] pivot 554/9075 shift=0
[ 202.9s] pivot 561/9075 shift=0
[ 206.1s] pivot 568/9075 shift=0
[ 209.5s] pivot 575/9075 shift=0
[ 212.7s] pivot 582/9075 shift=0
[ 215.9s] pivot 589/9075 shift=0
[ 219.1s] pivot 596/9075 shift=0
[ 222.3s] pivot 603/9075 shift=0
[ 225.5s] pivot 610/9075 shift=0
[ 228.9s] pivot 617/9075 shift=0
[ 232.1s] pivot 624/9075 shift=0
[ 235.2s] pivot 631/9075 shift=1
[ 238.6s] pivot 639/9075 shift=1
[ 240.8s] checkpoint written (r=644)
[ 241.6s] pivot 646/9075 shift=1
[ 244.7s] pivot 653/9075 shift=1
[ 247.9s] pivot 660/9075 shift=1
[ 250.9s] pivot 667/9075 shift=1
[ 254.3s] pivot 675/9075 shift=1
[ 257.6s] pivot 683/9075 shift=1
[ 261.0s] pivot 691/9075 shift=1
[ 264.4s] pivot 699/9075 shift=1
[ 267.7s] pivot 707/9075 shift=1
[ 271.1s] pivot 715/9075 shift=1
[ 274.5s] pivot 723/9075 shift=1
[ 277.9s] pivot 731/9075 shift=1
[ 281.3s] pivot 739/9075 shift=1
[ 284.6s] pivot 747/9075 shift=1
[ 288.0s] pivot 755/9075 shift=1
[ 291.4s] pivot 763/9075 shift=1
[ 294.7s] pivot 771/9075 shift=1
[ 298.1s] pivot 779/9075 shift=1
[ 301.4s] pivot 787/9075 shift=1
[ 304.8s] pivot 795/9075 shift=1
[ 308.1s] pivot 803/9075 shift=1
[ 311.5s] pivot 811/9075 shift=1
[ 314.9s] pivot 819/9075 shift=1
[ 318.2s] pivot 827/9075 shift=1
[ 321.3s] pivot 834/9075 shift=1
[ 324.6s] pivot 842/9075 shift=1
[ 327.6s] pivot 849/9075 shift=1
[ 330.7s] pivot 856/9075 shift=1
[ 334.0s] pivot 864/9075 shift=1
[ 337.4s] pivot 872/9075 shift=1
[ 340.8s] pivot 880/9075 shift=1
[ 344.1s] pivot 888/9075 shift=1
[ 347.5s] pivot 896/9075 shift=1
[ 350.8s] pivot 904/9075 shift=1
[ 354.1s] pivot 912/9075 shift=1
[ 357.5s] pivot 920/9075 shift=1
[ 360.9s] pivot 928/9075 shift=1
[ 364.2s] pivot 936/9075 shift=1
[ 367.5s] pivot 944/9075 shift=1
[ 370.9s] pivot 952/9075 shift=1
[ 374.2s] pivot 960/9075 shift=1
[ 377.5s] pivot 968/9075 shift=1
[ 380.8s] pivot 976/9075 shift=1
[ 384.1s] pivot 984/9075 shift=1
[ 387.4s] pivot 992/9075 shift=1
[ 390.7s] pivot 1000/9075 shift=1
[ 393.9s] pivot 1008/9075 shift=1
[ 397.2s] pivot 1016/9075 shift=1
[ 400.5s] pivot 1024/9075 shift=1
[ 403.8s] pivot 1032/9075 shift=1
[ 407.1s] pivot 1040/9075 shift=1
[ 410.3s] pivot 1048/9075 shift=1
[ 413.5s] pivot 1056/9075 shift=1
[ 416.9s] pivot 1064/9075 shift=1
[ 420.1s] pivot 1072/9075 shift=1
[ 423.3s] pivot 1080/9075 shift=1
[ 426.6s] pivot 1088/9075 shift=1
[ 429.8s] pivot 1096/9075 shift=1
[ 433.0s] pivot 1104/9075 shift=1
[ 436.2s] pivot 1112/9075 shift=1
[ 439.4s] pivot 1120/9075 shift=1
[ 442.6s] pivot 1128/9075 shift=1
[ 445.9s] pivot 1136/9075 shift=1
[ 449.0s] pivot 1144/9075 shift=1
[ 452.1s] pivot 1152/9075 shift=1
[ 455.6s] pivot 1160/9075 shift=1
[ 458.9s] pivot 1168/9075 shift=1
[ 462.2s] pivot 1176/9075 shift=1
[ 465.4s] pivot 1184/9075 shift=1
[ 468.6s] pivot 1192/9075 shift=1
[ 471.7s] pivot 1199/9075 shift=1
[ 474.9s] pivot 1207/9075 shift=1
[ 478.0s] pivot 1215/9075 shift=1
[ 481.1s] pivot 1222/9075 shift=1
[ 481.2s] checkpoint written (r=1222)
[ 484.3s] pivot 1229/9075 shift=1
[ 487.5s] pivot 1237/9075 shift=1
[ 490.5s] pivot 1244/9075 shift=1
[ 493.9s] pivot 1251/9075 shift=1
[ 496.9s] pivot 1258/9075 shift=1
[ 500.2s] pivot 1266/9075 shift=1
[ 503.4s] pivot 1274/9075 shift=1
[ 506.5s] pivot 1282/9075 shift=1
[ 509.7s] pivot 1290/9075 shift=1
[ 512.9s] pivot 1298/9075 shift=1
[ 516.1s] pivot 1306/9075 shift=1
[ 519.2s] pivot 1314/9075 shift=1
[ 522.4s] pivot 1322/9075 shift=1
[ 525.6s] pivot 1330/9075 shift=1
[ 528.8s] pivot 1338/9075 shift=1
[ 532.0s] pivot 1346/9075 shift=1
[ 535.1s] pivot 1354/9075 shift=1
[ 538.3s] pivot 1362/9075 shift=1
[ 541.3s] pivot 1370/9075 shift=1
[ 544.4s] pivot 1378/9075 shift=1
[ 547.4s] pivot 1386/9075 shift=1
[ 550.5s] pivot 1394/9075 shift=1
[ 553.5s] pivot 1402/9075 shift=1
[ 556.6s] pivot 1410/9075 shift=1
[ 559.6s] pivot 1418/9075 shift=1
[ 562.6s] pivot 1426/9075 shift=1
[ 565.6s] pivot 1434/9075 shift=1
[ 568.9s] pivot 1443/9075 shift=1
[ 572.2s] pivot 1452/9075 shift=1
[ 575.5s] pivot 1461/9075 shift=1
[ 578.8s] pivot 1470/9075 shift=1
[ 582.1s] pivot 1479/9075 shift=1
[ 585.4s] pivot 1488/9075 shift=1
[ 588.6s] pivot 1497/9075 shift=1
[ 591.9s] pivot 1506/9075 shift=1
[ 595.1s] pivot 1515/9075 shift=1
[ 598.3s] pivot 1524/9075 shift=1
[ 601.7s] pivot 1533/9075 shift=1
[ 604.9s] pivot 1542/9075 shift=1
[ 608.2s] pivot 1551/9075 shift=1
[ 611.4s] pivot 1560/9075 shift=1
[ 614.6s] pivot 1569/9075 shift=1
[ 617.8s] pivot 1578/9075 shift=1
[ 621.0s] pivot 1587/9075 shift=1
[ 624.2s] pivot 1596/9075 shift=1
[ 627.4s] pivot 1605/9075 shift=1
[ 630.6s] pivot 1614/9075 shift=1
[ 633.8s] pivot 1623/9075 shift=1
[ 636.9s] pivot 1632/9075 shift=1
[ 640.1s] pivot 1641/9075 shift=1
[ 643.2s] pivot 1650/9075 shift=1
[ 646.3s] pivot 1659/9075 shift=1
[ 649.4s] pivot 1668/9075 shift=1
[ 652.5s] pivot 1677/9075 shift=1
[ 655.6s] pivot 1686/9075 shift=1
[ 658.7s] pivot 1695/9075 shift=1
[ 661.8s] pivot 1704/9075 shift=1
[ 664.8s] pivot 1713/9075 shift=1
[ 667.9s] pivot 1722/9075 shift=1
[ 670.9s] pivot 1731/9075 shift=1
[ 674.0s] pivot 1740/9075 shift=1
[ 677.0s] pivot 1749/9075 shift=1
[ 680.0s] pivot 1758/9075 shift=1
[ 683.3s] pivot 1768/9075 shift=1
[ 686.3s] pivot 1777/9075 shift=1
[ 689.6s] pivot 1787/9075 shift=1
[ 692.7s] pivot 1796/9075 shift=1
[ 696.0s] pivot 1806/9075 shift=1
[ 699.0s] pivot 1815/9075 shift=1
[ 702.3s] pivot 1825/9075 shift=1
[ 705.5s] pivot 1835/9075 shift=1
[ 708.8s] pivot 1845/9075 shift=1
[ 711.9s] pivot 1854/9075 shift=1
[ 715.1s] pivot 1864/9075 shift=1
[ 718.4s] pivot 1874/9075 shift=1
[ 721.6s] checkpoint written (r=1883)
[ 721.9s] pivot 1884/9075 shift=1
[ 725.1s] pivot 1893/9075 shift=1
[ 728.2s] pivot 1902/9075 shift=1
[ 731.3s] pivot 1911/9075 shift=1
[ 734.4s] pivot 1920/9075 shift=1
[ 737.4s] pivot 1929/9075 shift=1
[ 740.7s] pivot 1939/9075 shift=1
[ 744.0s] pivot 1949/9075 shift=1
[ 747.3s] pivot 1959/9075 shift=1
[ 750.6s] pivot 1969/9075 shift=1
[ 753.9s] pivot 1979/9075 shift=1
[ 757.2s] pivot 1989/9075 shift=1
[ 760.5s] pivot 1999/9075 shift=1
[ 763.7s] pivot 2009/9075 shift=1
[ 766.9s] pivot 2019/9075 shift=1
[ 770.1s] pivot 2029/9075 shift=1
[ 773.3s] pivot 2039/9075 shift=1
[ 776.5s] pivot 2049/9075 shift=1
[ 779.8s] pivot 2059/9075 shift=1
[ 783.0s] pivot 2069/9075 shift=1
[ 786.2s] pivot 2079/9075 shift=1
[ 789.4s] pivot 2089/9075 shift=1
[ 792.5s] pivot 2099/9075 shift=1
[ 795.7s] pivot 2109/9075 shift=1
[ 798.9s] pivot 2119/9075 shift=1
[ 802.0s] pivot 2129/9075 shift=1
[ 805.2s] pivot 2139/9075 shift=1
[ 808.3s] pivot 2149/9075 shift=1
[ 811.4s] pivot 2159/9075 shift=1
[ 814.5s] pivot 2169/9075 shift=1
[ 817.6s] pivot 2179/9075 shift=1
[ 820.9s] pivot 2189/9075 shift=1
[ 823.9s] pivot 2199/9075 shift=1
[ 827.0s] pivot 2209/9075 shift=1
[ 830.0s] pivot 2219/9075 shift=1
[ 833.1s] pivot 2229/9075 shift=1
[ 836.1s] pivot 2239/9075 shift=1
[ 839.1s] pivot 2249/9075 shift=1
[ 842.1s] pivot 2259/9075 shift=1
[ 845.1s] pivot 2269/9075 shift=1
[ 848.2s] pivot 2279/9075 shift=1
[ 851.2s] pivot 2289/9075 shift=1
[ 854.5s] pivot 2300/9075 shift=1
[ 857.5s] pivot 2310/9075 shift=1
[ 860.8s] pivot 2321/9075 shift=1
[ 864.0s] pivot 2332/9075 shift=1
[ 867.3s] pivot 2343/9075 shift=1
[ 870.5s] pivot 2354/9075 shift=1
[ 873.7s] pivot 2365/9075 shift=1
[ 876.8s] pivot 2376/9075 shift=1
[ 880.0s] pivot 2387/9075 shift=1
[ 883.2s] pivot 2398/9075 shift=1
[ 886.3s] pivot 2409/9075 shift=1
[ 889.5s] pivot 2420/9075 shift=1
[ 892.6s] pivot 2431/9075 shift=1
[ 895.7s] pivot 2442/9075 shift=1
[ 898.9s] pivot 2453/9075 shift=1
[ 902.0s] pivot 2464/9075 shift=1
[ 905.1s] pivot 2475/9075 shift=1
[ 908.2s] pivot 2486/9075 shift=1
[ 911.3s] pivot 2497/9075 shift=1
[ 914.4s] pivot 2508/9075 shift=1
[ 917.4s] pivot 2519/9075 shift=1
[ 920.5s] pivot 2530/9075 shift=1
[ 923.5s] pivot 2541/9075 shift=1
[ 926.6s] pivot 2552/9075 shift=1
[ 929.8s] pivot 2564/9075 shift=1
[ 933.0s] pivot 2576/9075 shift=1
[ 936.2s] pivot 2587/9075 shift=1
[ 939.5s] pivot 2599/9075 shift=1
[ 942.7s] pivot 2611/9075 shift=1
[ 945.9s] pivot 2623/9075 shift=1
[ 949.1s] pivot 2635/9075 shift=1
[ 952.3s] pivot 2647/9075 shift=1
[ 955.6s] pivot 2659/9075 shift=1
[ 958.7s] pivot 2671/9075 shift=1
[ 961.8s] checkpoint written (r=2682)
[ 962.0s] pivot 2683/9075 shift=1
[ 965.2s] pivot 2694/9075 shift=1
[ 968.3s] pivot 2706/9075 shift=1
[ 971.4s] pivot 2717/9075 shift=1
[ 974.5s] pivot 2729/9075 shift=1
[ 977.6s] pivot 2741/9075 shift=1
[ 980.7s] pivot 2753/9075 shift=1
[ 983.8s] pivot 2765/9075 shift=1
[ 986.9s] pivot 2777/9075 shift=1
[ 989.9s] pivot 2789/9075 shift=1
[ 993.0s] pivot 2801/9075 shift=1
[ 996.0s] pivot 2813/9075 shift=1
[ 999.0s] pivot 2825/9075 shift=1
[1002.0s] pivot 2837/9075 shift=1
[1005.2s] pivot 2850/9075 shift=1
[1008.5s] pivot 2863/9075 shift=1
[1011.7s] pivot 2876/9075 shift=1
[1014.8s] pivot 2889/9075 shift=1
[1018.0s] pivot 2902/9075 shift=1
[1021.1s] pivot 2915/9075 shift=1
[1024.3s] pivot 2928/9075 shift=1
[1027.4s] pivot 2941/9075 shift=1
[1030.5s] pivot 2954/9075 shift=1
[1033.6s] pivot 2967/9075 shift=1
[1036.7s] pivot 2980/9075 shift=1
[1039.8s] pivot 2993/9075 shift=1
[1042.9s] pivot 3006/9075 shift=1
[1045.9s] pivot 3019/9075 shift=1
[1049.0s] pivot 3032/9075 shift=1
[1052.1s] pivot 3045/9075 shift=1
[1055.1s] pivot 3058/9075 shift=1
[1058.1s] pivot 3071/9075 shift=1
[1061.2s] pivot 3084/9075 shift=1
[1064.4s] pivot 3098/9075 shift=1
[1067.5s] pivot 3112/9075 shift=1
[1070.7s] pivot 3126/9075 shift=1
[1073.8s] pivot 3140/9075 shift=1
[1077.0s] pivot 3154/9075 shift=1
[1080.1s] pivot 3168/9075 shift=1
[1083.2s] pivot 3182/9075 shift=1
[1086.3s] pivot 3196/9075 shift=1
[1089.4s] pivot 3210/9075 shift=1
[1092.5s] pivot 3224/9075 shift=1
[1095.6s] pivot 3238/9075 shift=1
[1098.6s] pivot 3252/9075 shift=1
[1101.7s] pivot 3266/9075 shift=1
[1104.7s] pivot 3280/9075 shift=1
[1107.7s] pivot 3294/9075 shift=1
[1110.9s] pivot 3309/9075 shift=1
[1113.9s] pivot 3323/9075 shift=1
[1117.1s] pivot 3338/9075 shift=1
[1120.3s] pivot 3353/9075 shift=1
[1123.4s] pivot 3368/9075 shift=1
[1126.5s] pivot 3383/9075 shift=1
[1129.7s] pivot 3398/9075 shift=1
[1132.7s] pivot 3413/9075 shift=1
[1135.8s] pivot 3428/9075 shift=1
[1138.9s] pivot 3443/9075 shift=1
[1141.9s] pivot 3458/9075 shift=1
[1145.0s] pivot 3473/9075 shift=1
[1148.0s] pivot 3488/9075 shift=1
[1151.1s] pivot 3503/9075 shift=1
[1154.1s] pivot 3518/9075 shift=1
[1157.1s] pivot 3533/9075 shift=1
[1160.3s] pivot 3549/9075 shift=1
[1163.5s] pivot 3565/9075 shift=1
[1166.7s] pivot 3581/9075 shift=1
[1169.8s] pivot 3597/9075 shift=1
[1172.9s] pivot 3613/9075 shift=1
[1176.1s] pivot 3629/9075 shift=1
[1179.2s] pivot 3645/9075 shift=1
[1182.3s] pivot 3661/9075 shift=1
[1185.4s] pivot 3677/9075 shift=1
[1188.5s] pivot 3693/9075 shift=1
[1191.6s] pivot 3709/9075 shift=1
[1194.7s] pivot 3725/9075 shift=1
[1197.8s] pivot 3742/9075 shift=1
[1200.8s] pivot 3758/9075 shift=1
[1201.9s] checkpoint written (r=3763)
[1203.9s] pivot 3773/9075 shift=1
[1207.0s] pivot 3789/9075 shift=1
[1210.1s] pivot 3805/9075 shift=1
[1213.1s] pivot 3821/9075 shift=1
[1216.2s] pivot 3837/9075 shift=1
[1219.3s] pivot 3854/9075 shift=1
[1222.4s] pivot 3871/9075 shift=1
[1225.5s] pivot 3888/9075 shift=1
[1228.5s] pivot 3905/9075 shift=1
[1231.5s] pivot 3922/9075 shift=1
[1234.5s] pivot 3939/9075 shift=1
[1237.7s] pivot 3957/9075 shift=1
[1240.9s] pivot 3975/9075 shift=1
[1244.0s] pivot 3993/9075 shift=1
[1247.1s] pivot 4011/9075 shift=1
[1250.2s] pivot 4029/9075 shift=1
[1253.3s] pivot 4047/9075 shift=1
[1256.3s] pivot 4065/9075 shift=1
[1259.3s] pivot 4083/9075 shift=1
[1262.3s] pivot 4101/9075 shift=1
[1265.5s] pivot 4120/9075 shift=1
[1268.6s] pivot 4139/9075 shift=1
[1271.7s] pivot 4158/9075 shift=1
[1274.8s] pivot 4177/9075 shift=1
[1277.9s] pivot 4197/9075 shift=1
[1281.0s] pivot 4216/9075 shift=1
[1284.1s] pivot 4235/9075 shift=1
[1287.1s] pivot 4254/9075 shift=1
[1290.2s] pivot 4274/9075 shift=1
[1293.3s] pivot 4294/9075 shift=1
[1296.4s] pivot 4314/9075 shift=1
[1299.5s] pivot 4334/9075 shift=1
[1302.5s] pivot 4354/9075 shift=1
[1305.6s] pivot 4375/9075 shift=1
[1308.7s] pivot 4396/9075 shift=1
[1311.8s] pivot 4417/9075 shift=1
[1314.9s] pivot 4438/9075 shift=1
[1317.9s] pivot 4459/9075 shift=1
[1320.9s] pivot 4480/9075 shift=1
[1323.9s] pivot 4501/9075 shift=1
[1327.0s] pivot 4523/9075 shift=1
[1330.1s] pivot 4545/9075 shift=1
[1333.1s] pivot 4567/9075 shift=1
[1336.1s] pivot 4589/9075 shift=1
[1339.1s] pivot 4611/9075 shift=1
[1342.1s] pivot 4636/9075 shift=1
[1345.3s] pivot 4655/9075 shift=1
[1348.4s] pivot 4674/9075 shift=1
[1351.5s] pivot 4696/9075 shift=1
[1354.5s] pivot 4719/9075 shift=1
[1357.6s] pivot 4742/9075 shift=1
[1360.6s] pivot 4766/9075 shift=1
[1363.7s] pivot 4790/9075 shift=1
[1366.7s] pivot 4815/9075 shift=1
[1369.8s] pivot 4840/9075 shift=1
[1372.9s] pivot 4865/9075 shift=1
[1375.9s] pivot 4891/9075 shift=1
[1378.9s] pivot 4917/9075 shift=1
[1382.0s] pivot 4944/9075 shift=1
[1385.0s] pivot 4971/9075 shift=1
[1388.1s] pivot 4999/9075 shift=1
[1391.2s] pivot 5027/9075 shift=1
[1394.3s] pivot 5056/9075 shift=1
[1397.3s] pivot 5085/9075 shift=1
[1400.3s] pivot 5114/9075 shift=1
[1403.4s] pivot 5144/9075 shift=1
[1406.4s] pivot 5174/9075 shift=1
[1409.4s] pivot 5204/9075 shift=1
[1412.5s] pivot 5235/9075 shift=1
[1415.5s] pivot 5267/9075 shift=1
[1418.5s] pivot 5299/9075 shift=1
[1421.5s] pivot 5332/9075 shift=1
[1424.6s] pivot 5366/9075 shift=1
[1427.6s] pivot 5400/9075 shift=1
[1430.7s] pivot 5435/9075 shift=1
[1433.7s] pivot 5471/9075 shift=1
[1436.7s] pivot 5508/9075 shift=1
[1439.8s] pivot 5546/9075 shift=1
[1442.1s] checkpoint written (r=5574)
[1442.9s] pivot 5583/9075 shift=1
[1445.9s] pivot 5619/9075 shift=1
[1448.9s] pivot 5659/9075 shift=1
[1452.0s] pivot 5698/9075 shift=1
[1455.0s] pivot 5740/9075 shift=1
[1458.0s] pivot 5783/9075 shift=1
[1461.0s] pivot 5827/9075 shift=1
[1464.1s] pivot 5873/9075 shift=1
[1467.1s] pivot 5920/9075 shift=1
[1470.1s] pivot 5970/9075 shift=1
[1473.1s] pivot 6021/9075 shift=1
[1476.2s] pivot 6075/9075 shift=1
[1479.2s] pivot 6131/9075 shift=1
[1482.3s] pivot 6189/9075 shift=1
[1485.3s] pivot 6249/9075 shift=1
[1488.3s] pivot 6319/9075 shift=1
[1491.3s] pivot 6375/9075 shift=1
[1494.4s] pivot 6444/9075 shift=1
[1497.4s] pivot 6521/9075 shift=1
[1500.4s] pivot 6604/9075 shift=1
[1503.4s] pivot 6694/9075 shift=1
[1506.5s] pivot 6795/9075 shift=1
[1509.5s] pivot 6913/9075 shift=1
[1512.5s] pivot 7055/9075 shift=1
[1515.5s] pivot 7247/9075 shift=1
[1518.5s] pivot 7582/9075 shift=1
RESULT m=55 p=11: profile { 0:624 1:7814 2:149 } rank 8587 exp 8112
