[   0.0s] GANDALF ELIMINATOR: m=55 (n=9075 lines), p=5, K=13 (mod 1220703125)
[   0.4s] Gram built
[   3.4s] pivot 25/9075 shift=0
[   6.4s] pivot 36/9075 shift=0
[   9.7s] pivot 45/9075 shift=0
[  12.8s] pivot 52/9075 shift=0
[  16.2s] pivot 59/9075 shift=0
[  19.3s] pivot 66/9075 shift=0
[  22.5s] pivot 74/9075 shift=0
[  25.8s] pivot 84/9075 shift=0
[  28.9s] pivot 97/9075 shift=0
[  32.0s] pivot 113/9075 shift=0
[  35.2s] pivot 123/9075 shift=0
[  38.2s] pivot 133/9075 shift=0
[  41.3s] pivot 144/9075 shift=0
[  44.3s] pivot 156/9075 shift=0
[  47.4s] pivot 170/9075 shift=0
[  50.4s] pivot 185/9075 shift=0
[  53.4s] pivot 201/9075 shift=0
[  56.7s] pivot 216/9075 shift=0
[  59.9s] pivot 224/9075 shift=0
[  63.0s] pivot 231/9075 shift=0
[  66.3s] pivot 238/9075 shift=0
[  69.6s] pivot 245/9075 shift=0
[  73.1s] pivot 252/9075 shift=0
[  76.6s] pivot 259/9075 shift=0
[  79.7s] pivot 265/9075 shift=0
[  82.8s] pivot 271/9075 shift=0
[  85.9s] pivot 277/9075 shift=0
[  89.1s] pivot 283/9075 shift=0
[  92.1s] pivot 289/9075 shift=0
[  95.3s] pivot 295/9075 shift=0
[  98.5s] pivot 301/9075 shift=0
[ 101.5s] pivot 307/9075 shift=0
[ 104.6s] pivot 313/9075 shift=0
[ 107.7s] pivot 319/9075 shift=0
[ 110.8s] pivot 325/9075 shift=0
[ 113.9s] pivot 331/9075 shift=0
[ 117.0s] pivot 337/9075 shift=0
[ 120.0s] pivot 343/9075 shift=0
[ 123.1s] pivot 349/9075 shift=0
[ 126.5s] pivot 356/9075 shift=0
[ 129.9s] pivot 363/9075 shift=0
[ 133.3s] pivot 370/9075 shift=0
[ 136.6s] pivot 377/9075 shift=0
[ 139.8s] pivot 384/9075 shift=0
[ 143.1s] pivot 391/9075 shift=0
[ 146.5s] pivot 398/9075 shift=0
[ 149.9s] pivot 405/9075 shift=0
[ 153.3s] pivot 412/9075 shift=0
[ 156.7s] pivot 419/9075 shift=0
[ 159.9s] pivot 425/9075 shift=0
[ 163.1s] pivot 431/9075 shift=0
[ 166.4s] pivot 437/9075 shift=0
[ 169.8s] pivot 443/9075 shift=0
[ 173.2s] pivot 449/9075 shift=0
[ 176.5s] pivot 455/9075 shift=0
[ 180.0s] pivot 461/9075 shift=0
[ 183.3s] pivot 467/9075 shift=0
[ 186.5s] pivot 472/9075 shift=0
[ 190.0s] pivot 478/9075 shift=0
[ 193.4s] pivot 484/9075 shift=0
[ 196.8s] pivot 489/9075 shift=0
[ 200.1s] pivot 494/9075 shift=0
[ 203.2s] pivot 499/9075 shift=0
[ 206.7s] pivot 505/9075 shift=0
[ 210.2s] pivot 511/9075 shift=0
[ 213.8s] pivot 517/9075 shift=0
[ 216.8s] pivot 522/9075 shift=0
[ 220.4s] pivot 528/9075 shift=0
[ 224.0s] pivot 534/9075 shift=0
[ 227.6s] pivot 540/9075 shift=0
[ 231.1s] pivot 546/9075 shift=0
[ 234.7s] pivot 552/9075 shift=0
[ 238.3s] pivot 558/9075 shift=0
[ 240.7s] checkpoint written (r=562)
[ 241.4s] pivot 563/9075 shift=0
[ 244.6s] pivot 568/9075 shift=0
[ 247.7s] pivot 573/9075 shift=0
[ 251.1s] pivot 578/9075 shift=0
[ 254.3s] pivot 583/9075 shift=0
[ 257.3s] pivot 588/9075 shift=0
[ 260.9s] pivot 594/9075 shift=0
[ 264.5s] pivot 600/9075 shift=0
[ 268.1s] pivot 606/9075 shift=0
[ 271.1s] pivot 611/9075 shift=0
[ 274.7s] pivot 617/9075 shift=0
[ 278.2s] pivot 623/9075 shift=0
[ 281.3s] pivot 628/9075 shift=1
[ 284.5s] pivot 634/9075 shift=1
[ 287.7s] pivot 640/9075 shift=1
[ 290.9s] pivot 646/9075 shift=1
[ 294.1s] pivot 652/9075 shift=1
[ 297.2s] pivot 658/9075 shift=1
[ 300.4s] pivot 664/9075 shift=1
[ 303.5s] pivot 670/9075 shift=1
[ 306.6s] pivot 676/9075 shift=1
[ 309.8s] pivot 682/9075 shift=1
[ 312.9s] pivot 688/9075 shift=1
[ 316.0s] pivot 694/9075 shift=1
[ 319.1s] pivot 700/9075 shift=1
[ 322.2s] pivot 706/9075 shift=1
[ 325.3s] pivot 712/9075 shift=1
[ 328.4s] pivot 718/9075 shift=1
[ 331.5s] pivot 724/9075 shift=1
[ 334.5s] pivot 730/9075 shift=1
[ 337.6s] pivot 736/9075 shift=1
[ 340.7s] pivot 742/9075 shift=1
[ 343.7s] pivot 748/9075 shift=1
[ 346.7s] pivot 754/9075 shift=1
[ 350.1s] pivot 761/9075 shift=1
[ 353.6s] pivot 768/9075 shift=1
[ 357.1s] pivot 775/9075 shift=1
[ 360.6s] pivot 782/9075 shift=1
[ 364.0s] pivot 789/9075 shift=1
[ 367.4s] pivot 796/9075 shift=1
[ 370.8s] pivot 803/9075 shift=1
[ 374.3s] pivot 810/9075 shift=1
[ 377.7s] pivot 817/9075 shift=1
[ 381.0s] pivot 824/9075 shift=1
[ 384.4s] pivot 831/9075 shift=1
[ 387.8s] pivot 838/9075 shift=1
[ 391.2s] pivot 845/9075 shift=1
[ 394.5s] pivot 852/9075 shift=1
[ 397.8s] pivot 859/9075 shift=1
[ 401.2s] pivot 866/9075 shift=1
[ 404.5s] pivot 873/9075 shift=1
[ 407.8s] pivot 880/9075 shift=1
[ 411.1s] pivot 887/9075 shift=1
[ 414.4s] pivot 894/9075 shift=1
[ 417.6s] pivot 901/9075 shift=1
[ 420.9s] pivot 908/9075 shift=1
[ 424.2s] pivot 915/9075 shift=1
[ 427.4s] pivot 922/9075 shift=1
[ 430.6s] pivot 929/9075 shift=1
[ 433.9s] pivot 936/9075 shift=1
[ 437.1s] pivot 943/9075 shift=1
[ 440.3s] pivot 950/9075 shift=1
[ 443.5s] pivot 957/9075 shift=1
[ 446.7s] pivot 964/9075 shift=1
[ 449.9s] pivot 971/9075 shift=1
[ 453.1s] pivot 978/9075 shift=1
[ 456.3s] pivot 985/9075 shift=1
[ 459.4s] pivot 992/9075 shift=1
[ 462.6s] pivot 999/9075 shift=1
[ 465.7s] pivot 1006/9075 shift=1
[ 468.9s] pivot 1013/9075 shift=1
[ 472.0s] pivot 1020/9075 shift=1
[ 475.1s] pivot 1027/9075 shift=1
[ 478.2s] pivot 1034/9075 shift=1
[ 481.0s] checkpoint written (r=1040)
[ 481.5s] pivot 1041/9075 shift=1
[ 484.9s] pivot 1048/9075 shift=1
[ 488.0s] pivot 1055/9075 shift=1
[ 491.1s] pivot 1062/9075 shift=1
[ 494.2s] pivot 1069/9075 shift=1
[ 497.3s] pivot 1076/9075 shift=1
[ 500.4s] pivot 1083/9075 shift=1
[ 503.5s] pivot 1090/9075 shift=1
[ 506.6s] pivot 1097/9075 shift=1
[ 509.6s] pivot 1104/9075 shift=1
[ 512.7s] pivot 1111/9075 shift=1
[ 515.8s] pivot 1118/9075 shift=1
[ 518.8s] pivot 1125/9075 shift=1
[ 521.8s] pivot 1132/9075 shift=1
[ 524.9s] pivot 1139/9075 shift=1
[ 527.9s] pivot 1146/9075 shift=1
[ 530.9s] pivot 1153/9075 shift=1
[ 533.9s] pivot 1160/9075 shift=1
[ 537.4s] pivot 1168/9075 shift=1
[ 540.8s] pivot 1176/9075 shift=1
[ 544.2s] pivot 1184/9075 shift=1
[ 547.2s] pivot 1191/9075 shift=1
[ 550.6s] pivot 1199/9075 shift=1
[ 553.6s] pivot 1206/9075 shift=1
[ 557.1s] pivot 1214/9075 shift=1
[ 560.5s] pivot 1222/9075 shift=1
[ 563.9s] pivot 1230/9075 shift=1
[ 567.3s] pivot 1238/9075 shift=1
[ 570.7s] pivot 1246/9075 shift=1
[ 574.1s] pivot 1254/9075 shift=1
[ 577.5s] pivot 1262/9075 shift=1
[ 580.9s] pivot 1270/9075 shift=1
[ 584.2s] pivot 1278/9075 shift=1
[ 587.6s] pivot 1286/9075 shift=1
[ 590.9s] pivot 1294/9075 shift=1
[ 594.3s] pivot 1302/9075 shift=1
[ 597.6s] pivot 1310/9075 shift=1
[ 600.9s] pivot 1318/9075 shift=1
[ 604.2s] pivot 1326/9075 shift=1
[ 607.5s] pivot 1334/9075 shift=1
[ 610.9s] pivot 1342/9075 shift=1
[ 614.2s] pivot 1350/9075 shift=1
[ 617.4s] pivot 1358/9075 shift=1
[ 620.8s] pivot 1366/9075 shift=1
[ 624.1s] pivot 1374/9075 shift=1
[ 627.4s] pivot 1382/9075 shift=1
[ 630.6s] pivot 1390/9075 shift=1
[ 633.9s] pivot 1398/9075 shift=1
[ 637.2s] pivot 1406/9075 shift=1
[ 640.5s] pivot 1414/9075 shift=1
[ 643.8s] pivot 1422/9075 shift=1
[ 647.0s] pivot 1430/9075 shift=1
[ 650.3s] pivot 1438/9075 shift=1
[ 653.5s] pivot 1446/9075 shift=1
[ 656.8s] pivot 1454/9075 shift=1
[ 660.0s] pivot 1462/9075 shift=1
[ 663.3s] pivot 1470/9075 shift=1
[ 666.5s] pivot 1478/9075 shift=1
[ 669.7s] pivot 1486/9075 shift=1
[ 672.9s] pivot 1494/9075 shift=1
[ 676.1s] pivot 1502/9075 shift=1
[ 679.3s] pivot 1510/9075 shift=1
[ 682.5s] pivot 1518/9075 shift=1
[ 685.7s] pivot 1526/9075 shift=1
[ 688.9s] pivot 1534/9075 shift=1
[ 692.0s] pivot 1542/9075 shift=1
[ 695.2s] pivot 1550/9075 shift=1
[ 698.4s] pivot 1558/9075 shift=1
[ 701.5s] pivot 1566/9075 shift=1
[ 704.7s] pivot 1574/9075 shift=1
[ 707.8s] pivot 1582/9075 shift=1
[ 711.0s] pivot 1590/9075 shift=1
[ 714.1s] pivot 1598/9075 shift=1
[ 717.2s] pivot 1606/9075 shift=1
[ 720.3s] pivot 1614/9075 shift=1
[ 721.2s] checkpoint written (r=1616)
[ 723.4s] pivot 1621/9075 shift=1
[ 726.5s] pivot 1629/9075 shift=1
[ 729.9s] pivot 1637/9075 shift=1
[ 733.2s] pivot 1645/9075 shift=1
[ 736.3s] pivot 1653/9075 shift=1
[ 739.5s] pivot 1661/9075 shift=1
[ 742.6s] pivot 1669/9075 shift=1
[ 745.7s] pivot 1677/9075 shift=1
[ 748.8s] pivot 1685/9075 shift=1
[ 751.9s] pivot 1693/9075 shift=1
[ 754.9s] pivot 1701/9075 shift=1
[ 758.0s] pivot 1709/9075 shift=1
[ 761.1s] pivot 1717/9075 shift=1
[ 764.2s] pivot 1725/9075 shift=1
[ 767.2s] pivot 1733/9075 shift=1
[ 770.3s] pivot 1741/9075 shift=1
[ 773.4s] pivot 1749/9075 shift=1
[ 776.4s] pivot 1757/9075 shift=1
[ 779.5s] pivot 1765/9075 shift=1
[ 782.6s] pivot 1773/9075 shift=1
[ 785.6s] pivot 1781/9075 shift=1
[ 788.6s] pivot 1789/9075 shift=1
[ 791.7s] pivot 1797/9075 shift=1
[ 794.7s] pivot 1805/9075 shift=1
[ 797.7s] pivot 1813/9075 shift=1
[ 800.7s] pivot 1821/9075 shift=1
[ 804.1s] pivot 1830/9075 shift=1
[ 807.1s] pivot 1838/9075 shift=1
[ 810.4s] pivot 1847/9075 shift=1
[ 813.8s] pivot 1856/9075 shift=1
[ 817.1s] pivot 1865/9075 shift=1
[ 820.5s] pivot 1874/9075 shift=1
[ 823.8s] pivot 1883/9075 shift=1
[ 827.1s] pivot 1892/9075 shift=1
[ 830.5s] pivot 1901/9075 shift=1
[ 833.8s] pivot 1910/9075 shift=1
[ 837.1s] pivot 1919/9075 shift=1
[ 840.4s] pivot 1928/9075 shift=1
[ 843.6s] pivot 1937/9075 shift=1
[ 846.9s] pivot 1946/9075 shift=1
[ 850.2s] pivot 1955/9075 shift=1
[ 853.4s] pivot 1964/9075 shift=1
[ 856.7s] pivot 1973/9075 shift=1
[ 860.0s] pivot 1982/9075 shift=1
[ 863.2s] pivot 1991/9075 shift=1
[ 866.5s] pivot 2000/9075 shift=1
[ 869.8s] pivot 2009/9075 shift=1
[ 873.0s] pivot 2018/9075 shift=1
[ 876.2s] pivot 2027/9075 shift=1
[ 879.4s] pivot 2036/9075 shift=1
[ 882.6s] pivot 2045/9075 shift=1
[ 885.8s] pivot 2054/9075 shift=1
[ 889.0s] pivot 2063/9075 shift=1
[ 892.2s] pivot 2072/9075 shift=1
[ 895.3s] pivot 2081/9075 shift=1
[ 898.5s] pivot 2090/9075 shift=1
[ 901.6s] pivot 2099/9075 shift=1
[ 904.8s] pivot 2108/9075 shift=1
[ 907.9s] pivot 2117/9075 shift=1
[ 911.1s] pivot 2126/9075 shift=1
[ 914.2s] pivot 2135/9075 shift=1
[ 917.3s] pivot 2144/9075 shift=1
[ 920.4s] pivot 2153/9075 shift=1
[ 923.5s] pivot 2162/9075 shift=1
[ 926.6s] pivot 2171/9075 shift=1
[ 929.7s] pivot 2180/9075 shift=1
[ 932.8s] pivot 2189/9075 shift=1
[ 935.9s] pivot 2198/9075 shift=1
[ 939.0s] pivot 2207/9075 shift=1
[ 942.1s] pivot 2216/9075 shift=1
[ 945.1s] pivot 2225/9075 shift=1
[ 948.2s] pivot 2234/9075 shift=1
[ 951.2s] pivot 2243/9075 shift=1
[ 954.2s] pivot 2252/9075 shift=1
[ 957.3s] pivot 2261/9075 shift=1
[ 960.3s] pivot 2270/9075 shift=1
[ 961.4s] checkpoint written (r=2273)
[ 963.6s] pivot 2279/9075 shift=1
[ 966.6s] pivot 2288/9075 shift=1
[ 969.6s] pivot 2296/9075 shift=1
[ 972.8s] pivot 2305/9075 shift=1
[ 975.9s] pivot 2314/9075 shift=1
[ 978.9s] pivot 2323/9075 shift=1
[ 982.0s] pivot 2332/9075 shift=1
[ 985.0s] pivot 2341/9075 shift=1
[ 988.0s] pivot 2350/9075 shift=1
[ 991.3s] pivot 2360/9075 shift=1
[ 994.7s] pivot 2370/9075 shift=1
[ 997.9s] pivot 2380/9075 shift=1
[1001.2s] pivot 2390/9075 shift=1
[1004.5s] pivot 2400/9075 shift=1
[1007.7s] pivot 2410/9075 shift=1
[1011.0s] pivot 2420/9075 shift=1
[1014.3s] pivot 2430/9075 shift=1
[1017.5s] pivot 2440/9075 shift=1
[1020.7s] pivot 2450/9075 shift=1
[1023.9s] pivot 2460/9075 shift=1
[1027.1s] pivot 2470/9075 shift=1
[1030.3s] pivot 2480/9075 shift=1
[1033.5s] pivot 2490/9075 shift=1
[1036.6s] pivot 2500/9075 shift=1
[1039.8s] pivot 2510/9075 shift=1
[1043.0s] pivot 2520/9075 shift=1
[1046.1s] pivot 2530/9075 shift=1
[1049.2s] pivot 2540/9075 shift=1
[1052.3s] pivot 2550/9075 shift=1
[1055.4s] pivot 2560/9075 shift=1
[1058.6s] pivot 2570/9075 shift=1
[1061.7s] pivot 2580/9075 shift=1
[1064.8s] pivot 2590/9075 shift=1
[1067.8s] pivot 2600/9075 shift=1
[1070.9s] pivot 2610/9075 shift=1
[1073.9s] pivot 2620/9075 shift=1
[1077.0s] pivot 2630/9075 shift=1
[1080.0s] pivot 2640/9075 shift=1
[1083.0s] pivot 2650/9075 shift=1
[1086.0s] pivot 2660/9075 shift=1
[1089.3s] pivot 2671/9075 shift=1
[1092.3s] pivot 2681/9075 shift=1
[1095.6s] pivot 2692/9075 shift=1
[1098.9s] pivot 2703/9075 shift=1
[1102.1s] pivot 2714/9075 shift=1
[1105.4s] pivot 2725/9075 shift=1
[1108.6s] pivot 2736/9075 shift=1
[1111.8s] pivot 2747/9075 shift=1
[1115.0s] pivot 2758/9075 shift=1
[1118.2s] pivot 2769/9075 shift=1
[1121.3s] pivot 2780/9075 shift=1
[1124.5s] pivot 2791/9075 shift=1
[1127.7s] pivot 2802/9075 shift=1
[1130.8s] pivot 2813/9075 shift=1
[1134.0s] pivot 2824/9075 shift=1
[1137.1s] pivot 2835/9075 shift=1
[1140.2s] pivot 2846/9075 shift=1
[1143.4s] pivot 2857/9075 shift=1
[1146.4s] pivot 2868/9075 shift=1
[1149.5s] pivot 2879/9075 shift=1
[1152.6s] pivot 2890/9075 shift=1
[1155.7s] pivot 2901/9075 shift=1
[1158.7s] pivot 2912/9075 shift=1
[1161.7s] pivot 2923/9075 shift=1
[1164.8s] pivot 2934/9075 shift=1
[1167.8s] pivot 2945/9075 shift=1
[1171.0s] pivot 2957/9075 shift=1
[1174.3s] pivot 2969/9075 shift=1
[1177.5s] pivot 2981/9075 shift=1
[1180.7s] pivot 2993/9075 shift=1
[1183.9s] pivot 3005/9075 shift=1
[1187.1s] pivot 3017/9075 shift=1
[1190.2s] pivot 3029/9075 shift=1
[1193.4s] pivot 3041/9075 shift=1
[1196.5s] pivot 3053/9075 shift=1
[1199.7s] pivot 3065/9075 shift=1
[1201.6s] checkpoint written (r=3072)
[1202.7s] pivot 3076/9075 shift=1
[1205.7s] pivot 3087/9075 shift=1
[1208.9s] pivot 3099/9075 shift=1
[1212.0s] pivot 3110/9075 shift=1
[1215.1s] pivot 3122/9075 shift=1
[1218.3s] pivot 3134/9075 shift=1
[1221.3s] pivot 3146/9075 shift=1
[1224.4s] pivot 3158/9075 shift=1
[1227.5s] pivot 3170/9075 shift=1
[1230.5s] pivot 3182/9075 shift=1
[1233.8s] pivot 3195/9075 shift=1
[1237.0s] pivot 3208/9075 shift=1
[1240.2s] pivot 3221/9075 shift=1
[1243.5s] pivot 3234/9075 shift=1
[1246.6s] pivot 3247/9075 shift=1
[1249.8s] pivot 3260/9075 shift=1
[1253.0s] pivot 3273/9075 shift=1
[1256.1s] pivot 3286/9075 shift=1
[1259.2s] pivot 3299/9075 shift=1
[1262.3s] pivot 3312/9075 shift=1
[1265.4s] pivot 3325/9075 shift=1
[1268.5s] pivot 3338/9075 shift=1
[1271.6s] pivot 3351/9075 shift=1
[1274.6s] pivot 3364/9075 shift=1
[1277.6s] pivot 3377/9075 shift=1
[1280.6s] pivot 3390/9075 shift=1
[1283.9s] pivot 3404/9075 shift=1
[1287.0s] pivot 3418/9075 shift=1
[1290.2s] pivot 3432/9075 shift=1
[1293.4s] pivot 3446/9075 shift=1
[1296.6s] pivot 3460/9075 shift=1
[1299.7s] pivot 3474/9075 shift=1
[1302.8s] pivot 3488/9075 shift=1
[1306.0s] pivot 3502/9075 shift=1
[1309.0s] pivot 3516/9075 shift=1
[1312.1s] pivot 3530/9075 shift=1
[1315.1s] pivot 3544/9075 shift=1
[1318.1s] pivot 3558/9075 shift=1
[1321.2s] pivot 3572/9075 shift=1
[1324.3s] pivot 3587/9075 shift=1
[1327.5s] pivot 3602/9075 shift=1
[1330.7s] pivot 3617/9075 shift=1
[1333.8s] pivot 3632/9075 shift=1
[1336.9s] pivot 3647/9075 shift=1
[1340.0s] pivot 3662/9075 shift=1
[1343.1s] pivot 3677/9075 shift=1
[1346.2s] pivot 3692/9075 shift=1
[1349.2s] pivot 3707/9075 shift=1
[1352.3s] pivot 3722/9075 shift=1
[1355.3s] pivot 3737/9075 shift=1
[1358.3s] pivot 3752/9075 shift=1
[1361.4s] pivot 3768/9075 shift=1
[1364.6s] pivot 3784/9075 shift=1
[1367.7s] pivot 3800/9075 shift=1
[1370.8s] pivot 3816/9075 shift=1
[1374.0s] pivot 3832/9075 shift=1
[1377.0s] pivot 3848/9075 shift=1
[1380.1s] pivot 3864/9075 shift=1
[1383.1s] pivot 3880/9075 shift=1
[1386.3s] pivot 3897/9075 shift=1
[1389.5s] pivot 3914/9075 shift=1
[1392.6s] pivot 3931/9075 shift=1
[1395.7s] pivot 3948/9075 shift=1
[1398.8s] pivot 3965/9075 shift=1
[1401.9s] pivot 3982/9075 shift=1
[1404.9s] pivot 3999/9075 shift=1
[1407.9s] pivot 4016/9075 shift=1
[1411.1s] pivot 4034/9075 shift=1
[1414.3s] pivot 4052/9075 shift=1
[1417.4s] pivot 4070/9075 shift=1
[1420.5s] pivot 4088/9075 shift=1
[1423.6s] pivot 4106/9075 shift=1
[1426.6s] pivot 4124/9075 shift=1
[1429.7s] pivot 4142/9075 shift=1
[1432.7s] pivot 4160/9075 shift=1
[1435.8s] pivot 4179/9075 shift=1
[1439.0s] pivot 4198/9075 shift=1
[1441.9s] checkpoint written (r=4215)
[1442.0s] pivot 4216/9075 shift=1
[1445.1s] pivot 4234/9075 shift=1
[1448.2s] pivot 4253/9075 shift=1
[1451.2s] pivot 4270/9075 shift=1
[1454.3s] pivot 4289/9075 shift=1
[1457.3s] pivot 4308/9075 shift=1
[1460.5s] pivot 4328/9075 shift=1
[1463.5s] pivot 4348/9075 shift=1
[1466.6s] pivot 4368/9075 shift=1
[1469.6s] pivot 4388/9075 shift=1
[1472.8s] pivot 4409/9075 shift=1
[1475.9s] pivot 4430/9075 shift=1
[1479.0s] pivot 4451/9075 shift=1
[1482.1s] pivot 4472/9075 shift=1
[1485.2s] pivot 4493/9075 shift=1
[1488.2s] pivot 4514/9075 shift=1
[1491.3s] pivot 4536/9075 shift=1
[1494.4s] pivot 4558/9075 shift=1
[1497.5s] pivot 4580/9075 shift=1
[1500.5s] pivot 4602/9075 shift=1
[1503.6s] pivot 4625/9075 shift=1
[1506.7s] pivot 4648/9075 shift=1
[1509.8s] pivot 4671/9075 shift=1
[1512.8s] pivot 4694/9075 shift=1
[1515.9s] pivot 4718/9075 shift=1
[1519.0s] pivot 4742/9075 shift=1
[1522.0s] pivot 4766/9075 shift=1
[1525.0s] pivot 4790/9075 shift=1
[1528.1s] pivot 4815/9075 shift=1
[1531.2s] pivot 4840/9075 shift=1
[1534.2s] pivot 4865/9075 shift=1
[1537.2s] pivot 4891/9075 shift=1
[1540.3s] pivot 4917/9075 shift=1
[1543.3s] pivot 4943/9075 shift=1
[1546.4s] pivot 4970/9075 shift=1
[1549.4s] pivot 4997/9075 shift=1
[1552.4s] pivot 5024/9075 shift=1
[1555.5s] pivot 5052/9075 shift=1
[1558.6s] pivot 5080/9075 shift=1
[1561.6s] pivot 5109/9075 shift=1
[1564.7s] pivot 5138/9075 shift=1
[1567.7s] pivot 5168/9075 shift=1
[1570.8s] pivot 5198/9075 shift=1
[1573.8s] pivot 5229/9075 shift=1
[1576.9s] pivot 5260/9075 shift=1
[1579.9s] pivot 5292/9075 shift=1
[1582.9s] pivot 5324/9075 shift=1
[1585.9s] pivot 5357/9075 shift=1
[1589.0s] pivot 5391/9075 shift=1
[1592.0s] pivot 5425/9075 shift=1
[1595.1s] pivot 5460/9075 shift=1
[1598.1s] pivot 5496/9075 shift=1
[1601.2s] pivot 5533/9075 shift=1
[1604.2s] pivot 5570/9075 shift=1
[1607.2s] pivot 5608/9075 shift=1
[1610.3s] pivot 5647/9075 shift=1
[1613.3s] pivot 5687/9075 shift=1
[1616.3s] pivot 5728/9075 shift=1
[1619.4s] pivot 5770/9075 shift=1
[1622.4s] pivot 5813/9075 shift=1
[1625.4s] pivot 5857/9075 shift=1
[1628.4s] pivot 5903/9075 shift=1
[1631.4s] pivot 5951/9075 shift=1
[1634.5s] pivot 6000/9075 shift=1
[1637.5s] pivot 6051/9075 shift=1
[1640.5s] pivot 6104/9075 shift=1
[1643.5s] pivot 6159/9075 shift=1
[1646.6s] pivot 6217/9075 shift=1
[1649.6s] pivot 6278/9075 shift=1
[1652.7s] pivot 6342/9075 shift=1
[1655.7s] pivot 6409/9075 shift=1
[1658.7s] pivot 6481/9075 shift=1
[1661.7s] pivot 6560/9075 shift=1
[1664.7s] pivot 6645/9075 shift=1
[1667.7s] pivot 6738/9075 shift=1
[1670.7s] pivot 6842/9075 shift=1
[1673.8s] pivot 6964/9075 shift=1
[1676.8s] pivot 7114/9075 shift=1
[1679.8s] pivot 7328/9075 shift=1
[1682.0s] checkpoint written (r=7568)
[1682.8s] pivot 7681/9075 shift=1
RESULT m=55 p=5: profile { 0:626 1:7810 2:151 } rank 8587 exp 8112
