================ HOUDINI HYPER SPARK  n=8 m=5  DIM=262144  partitions=945 ================
Author: Rafael Amichis Luengo (Madrid). Method: Degtyarev-Shimada (arXiv:1405.4683 §5).
char-p: Jordan-mould starter + TURBINE flow + HYPER-SPARK dense-rebound fold.

[METHOD A] dim_C via eigenbasis, cross-prime (primes = 1 mod m):
   P=1000081 -> dim_C = 198640
   P=1000121 -> dim_C = 198640
   P=1000151 -> dim_C = 198640
   P=1000171 -> dim_C = 198640
   P=1000211 -> dim_C = 198640
   cross-prime: CONSISTENT   dim_C = 198640   [Method A time 2.40 s over 5 primes]

[METHOD B] dim_Fp via TURBINE + HYPER-SPARK (primes dividing m: 5)

  char 5 : turbine flow + hyper-spark
  [SPARK start] streaming 945 partitions, char 5
  [SPARK ..flow] part=13/945 rank=6400 echelon_nz=6290480 peak=6930480(~0.08GB) t=5s
  [SPARK ..flow] part=26/945 rank=10912 echelon_nz=11617832 peak=12257832(~0.15GB) t=11s
  [SPARK ..flow] part=37/945 rank=13888 echelon_nz=15794132 peak=16434132(~0.20GB) t=16s
  [SPARK ..flow] part=46/945 rank=15328 echelon_nz=18310004 peak=18950004(~0.23GB) t=21s
  [SPARK ..flow] part=55/945 rank=16816 echelon_nz=21210616 peak=21850616(~0.26GB) t=26s
  [SPARK ..flow] part=62/945 rank=17616 echelon_nz=22965492 peak=23605492(~0.28GB) t=31s
  [SPARK ..flow] part=70/945 rank=18352 echelon_nz=24938664 peak=25578664(~0.31GB) t=37s
  [SPARK ..flow] part=75/945 rank=18672 echelon_nz=25986248 peak=26626248(~0.32GB) t=42s
  [SPARK ..flow] part=83/945 rank=19184 echelon_nz=27630088 peak=28270088(~0.34GB) t=48s
  [SPARK ..flow] part=88/945 rank=19280 echelon_nz=28266088 peak=28906088(~0.35GB) t=54s
  [SPARK ..flow] part=95/945 rank=19568 echelon_nz=29327236 peak=29967236(~0.36GB) t=60s
  [SPARK ..flow] part=100/945 rank=19600 echelon_nz=29477100 peak=30117100(~0.36GB) t=65s
  [SPARK ..flow] part=104/945 rank=19600 echelon_nz=29477100 peak=30117100(~0.36GB) t=70s
  [SPARK ..flow] part=117/945 rank=24304 echelon_nz=34002000 peak=34642000(~0.42GB) t=75s
  [SPARK ..flow] part=128/945 rank=27352 echelon_nz=37426311 peak=38066311(~0.46GB) t=80s
  [SPARK ..flow] part=137/945 rank=28864 echelon_nz=39567582 peak=40207582(~0.48GB) t=85s
  [SPARK ..flow] part=145/945 rank=30376 echelon_nz=42002514 peak=42642514(~0.51GB) t=90s
  [SPARK ..flow] part=152/945 rank=31240 echelon_nz=43437177 peak=44077177(~0.53GB) t=95s
  [SPARK ..flow] part=160/945 rank=32212 echelon_nz=45385062 peak=46025062(~0.55GB) t=101s
  [SPARK ..flow] part=165/945 rank=32548 echelon_nz=46231047 peak=46871047(~0.56GB) t=106s
  [SPARK ..flow] part=172/945 rank=33196 echelon_nz=47594760 peak=48234760(~0.58GB) t=112s
  [SPARK ..flow] part=176/945 rank=33388 echelon_nz=48309648 peak=48949648(~0.59GB) t=117s
  [SPARK ..flow] part=181/945 rank=33700 echelon_nz=49222209 peak=49862209(~0.60GB) t=122s
  [SPARK ..flow] part=187/945 rank=33964 echelon_nz=50113032 peak=50753032(~0.61GB) t=128s
  [SPARK ..flow] part=191/945 rank=33988 echelon_nz=50199666 peak=50839666(~0.61GB) t=134s
  [SPARK ..flow] part=195/945 rank=34156 echelon_nz=50985735 peak=51625735(~0.62GB) t=139s
  [SPARK ..flow] part=201/945 rank=34276 echelon_nz=51472527 peak=52112527(~0.63GB) t=145s
  [SPARK ..flow] part=205/945 rank=34300 echelon_nz=51584925 peak=52224925(~0.63GB) t=150s
  [SPARK ..flow] part=209/945 rank=34300 echelon_nz=51584925 peak=52224925(~0.63GB) t=156s
  [SPARK ..flow] part=220/945 rank=37244 echelon_nz=57724177 peak=58364177(~0.70GB) t=161s
  [SPARK ..flow] part=229/945 rank=39096 echelon_nz=60704711 peak=61344711(~0.74GB) t=166s
  [SPARK ..flow] part=235/945 rank=40076 echelon_nz=62545277 peak=63185277(~0.76GB) t=172s
  [SPARK ..flow] part=239/945 rank=40300 echelon_nz=63288557 peak=63928557(~0.77GB) t=177s
  [SPARK ..flow] part=247/945 rank=41812 echelon_nz=65792423 peak=66432423(~0.80GB) t=183s
  [SPARK ..flow] part=251/945 rank=42164 echelon_nz=66860385 peak=67500385(~0.81GB) t=191s
  [SPARK ..flow] part=254/945 rank=42284 echelon_nz=67364774 peak=68004774(~0.82GB) t=197s
  [SPARK ..flow] part=261/945 rank=43100 echelon_nz=68701354 peak=69341354(~0.83GB) t=202s
  [SPARK ..flow] part=264/945 rank=43400 echelon_nz=69698839 peak=70338839(~0.84GB) t=208s
  [SPARK ..flow] part=266/945 rank=43520 echelon_nz=70227956 peak=70867956(~0.85GB) t=214s
  [SPARK ..flow] part=269/945 rank=43608 echelon_nz=70764217 peak=71404217(~0.86GB) t=222s
  [SPARK ..flow] part=274/945 rank=44056 echelon_nz=71596383 peak=72236383(~0.87GB) t=228s
  [SPARK ..flow] part=277/945 rank=44168 echelon_nz=71885359 peak=72525359(~0.87GB) t=233s
  [SPARK ..flow] part=279/945 rank=44272 echelon_nz=72375741 peak=73015741(~0.88GB) t=239s
  [SPARK ..flow] part=281/945 rank=44344 echelon_nz=72925205 peak=73565205(~0.88GB) t=246s
  [SPARK ..flow] part=283/945 rank=44416 echelon_nz=73511383 peak=74151383(~0.89GB) t=252s
  [SPARK ..flow] part=285/945 rank=44512 echelon_nz=73712025 peak=74352025(~0.89GB) t=257s
  [SPARK ..flow] part=289/945 rank=44688 echelon_nz=74218829 peak=74858829(~0.90GB) t=264s
  [SPARK ..flow] part=292/945 rank=44752 echelon_nz=74476189 peak=75116189(~0.90GB) t=271s
  [SPARK ..flow] part=294/945 rank=44768 echelon_nz=74533945 peak=75173945(~0.90GB) t=278s
  [SPARK ..flow] part=296/945 rank=44768 echelon_nz=74533945 peak=75173945(~0.90GB) t=286s
  [SPARK ..flow] part=298/945 rank=44840 echelon_nz=75270026 peak=75910026(~0.91GB) t=292s
  [SPARK ..flow] part=300/945 rank=44904 echelon_nz=75476072 peak=76116072(~0.91GB) t=298s
  [SPARK ..flow] part=303/945 rank=44968 echelon_nz=75728604 peak=76368604(~0.92GB) t=303s
  [SPARK ..flow] part=305/945 rank=44984 echelon_nz=75800600 peak=76440600(~0.92GB) t=309s
  [SPARK ..flow] part=308/945 rank=45000 echelon_nz=75875532 peak=76515532(~0.92GB) t=317s
  [SPARK ..flow] part=310/945 rank=45000 echelon_nz=75875532 peak=76515532(~0.92GB) t=323s
  [SPARK ..flow] part=312/945 rank=45000 echelon_nz=75875532 peak=76515532(~0.92GB) t=331s
  [SPARK ..flow] part=314/945 rank=45000 echelon_nz=75875532 peak=76515532(~0.92GB) t=339s
  [SPARK ..flow] part=323/945 rank=46968 echelon_nz=81177337 peak=81817337(~0.98GB) t=345s
  [SPARK ..flow] part=328/945 rank=47400 echelon_nz=83317621 peak=83957621(~1.01GB) t=351s
  [SPARK ..flow] part=334/945 rank=48312 echelon_nz=86105439 peak=86745439(~1.04GB) t=356s
  [SPARK ..flow] part=338/945 rank=48712 echelon_nz=87971572 peak=88611572(~1.06GB) t=362s
  [SPARK ..flow] part=341/945 rank=48904 echelon_nz=89193753 peak=89833753(~1.08GB) t=368s
  [SPARK ..flow] part=344/945 rank=49000 echelon_nz=90044175 peak=90684175(~1.09GB) t=375s
  [SPARK ..flow] part=350/945 rank=49828 echelon_nz=91860988 peak=92500988(~1.11GB) t=381s
  [SPARK ..flow] part=353/945 rank=50192 echelon_nz=92911096 peak=93551096(~1.12GB) t=388s
  [SPARK ..flow] part=355/945 rank=50352 echelon_nz=93292320 peak=93932320(~1.13GB) t=393s
  [SPARK ..flow] part=357/945 rank=50472 echelon_nz=93906409 peak=94546409(~1.13GB) t=400s
  [SPARK ..flow] part=359/945 rank=50504 echelon_nz=94031403 peak=94671403(~1.14GB) t=409s
  [SPARK ..flow] part=364/945 rank=50944 echelon_nz=95119550 peak=95759550(~1.15GB) t=415s
  [SPARK ..flow] part=367/945 rank=51204 echelon_nz=96002133 peak=96642133(~1.16GB) t=423s
  [SPARK ..flow] part=369/945 rank=51324 echelon_nz=96511526 peak=97151526(~1.17GB) t=429s
  [SPARK ..flow] part=371/945 rank=51428 echelon_nz=97083090 peak=97723090(~1.17GB) t=441s
  [SPARK ..flow] part=373/945 rank=51492 echelon_nz=97447732 peak=98087732(~1.18GB) t=449s
  [SPARK ..flow] part=374/945 rank=51492 echelon_nz=97447732 peak=98087732(~1.18GB) t=456s
  [SPARK ..flow] part=377/945 rank=51644 echelon_nz=97981412 peak=98621412(~1.18GB) t=462s
  [SPARK ..flow] part=379/945 rank=51788 echelon_nz=98462100 peak=99102100(~1.19GB) t=467s
  [SPARK ..flow] part=381/945 rank=51836 echelon_nz=98698466 peak=99338466(~1.19GB) t=473s
  [SPARK ..flow] part=383/945 rank=51932 echelon_nz=99044778 peak=99684778(~1.20GB) t=483s
  [SPARK ..flow] part=385/945 rank=52012 echelon_nz=99567958 peak=100207958(~1.20GB) t=495s
  [SPARK ..flow] part=386/945 rank=52036 echelon_nz=99876386 peak=100516386(~1.21GB) t=503s
  [SPARK ..flow] part=387/945 rank=52068 echelon_nz=100183528 peak=100823528(~1.21GB) t=508s
  [SPARK ..flow] part=388/945 rank=52084 echelon_nz=100293488 peak=100933488(~1.21GB) t=515s
  [SPARK ..flow] part=389/945 rank=52084 echelon_nz=100293488 peak=100933488(~1.21GB) t=524s
  [SPARK ..flow] part=392/945 rank=52180 echelon_nz=100716732 peak=101356732(~1.22GB) t=531s
  [SPARK ..flow] part=394/945 rank=52260 echelon_nz=101074005 peak=101714005(~1.22GB) t=538s
  [SPARK ..flow] part=395/945 rank=52292 echelon_nz=101316671 peak=101956671(~1.22GB) t=543s
  [SPARK ..flow] part=397/945 rank=52324 echelon_nz=101510024 peak=102150024(~1.23GB) t=551s
  [SPARK ..flow] part=398/945 rank=52340 echelon_nz=101627735 peak=102267735(~1.23GB) t=558s
  [SPARK ..flow] part=399/945 rank=52340 echelon_nz=101627735 peak=102267735(~1.23GB) t=564s
  [SPARK ..flow] part=400/945 rank=52340 echelon_nz=101627735 peak=102267735(~1.23GB) t=571s
  [SPARK ..flow] part=401/945 rank=52340 echelon_nz=101627735 peak=102267735(~1.23GB) t=580s
  [SPARK ..flow] part=402/945 rank=52372 echelon_nz=101997953 peak=102637953(~1.23GB) t=587s
  [SPARK ..flow] part=403/945 rank=52388 echelon_nz=102199267 peak=102839267(~1.23GB) t=595s
  [SPARK ..flow] part=404/945 rank=52388 echelon_nz=102199267 peak=102839267(~1.23GB) t=604s
  [SPARK ..flow] part=407/945 rank=52436 echelon_nz=102477752 peak=103117752(~1.24GB) t=613s
  [SPARK ..flow] part=409/945 rank=52484 echelon_nz=102798032 peak=103438032(~1.24GB) t=621s
  [SPARK ..flow] part=410/945 rank=52484 echelon_nz=102798032 peak=103438032(~1.24GB) t=627s
  [SPARK ..flow] part=412/945 rank=52500 echelon_nz=102913549 peak=103553549(~1.24GB) t=637s
  [SPARK ..flow] part=413/945 rank=52500 echelon_nz=102913549 peak=103553549(~1.24GB) t=645s
  [SPARK ..flow] part=414/945 rank=52500 echelon_nz=102913549 peak=103553549(~1.24GB) t=650s
  [SPARK ..flow] part=415/945 rank=52500 echelon_nz=102913549 peak=103553549(~1.24GB) t=658s
  [SPARK ..flow] part=416/945 rank=52500 echelon_nz=102913549 peak=103553549(~1.24GB) t=667s
  [SPARK ..flow] part=417/945 rank=52500 echelon_nz=102913549 peak=103553549(~1.24GB) t=674s
  [SPARK ..flow] part=418/945 rank=52500 echelon_nz=102913549 peak=103553549(~1.24GB) t=682s
  [SPARK ..flow] part=419/945 rank=52500 echelon_nz=102913549 peak=103553549(~1.24GB) t=690s
  [SPARK ..flow] part=427/945 rank=53844 echelon_nz=107749699 peak=108389699(~1.30GB) t=696s
  [SPARK ..flow] part=431/945 rank=54132 echelon_nz=109368407 peak=110008407(~1.32GB) t=702s
  [SPARK ..flow] part=434/945 rank=54228 echelon_nz=109930827 peak=110570827(~1.33GB) t=708s
  [SPARK ..flow] part=440/945 rank=54876 echelon_nz=113317933 peak=113957933(~1.37GB) t=714s
  [SPARK ..flow] part=443/945 rank=55124 echelon_nz=115011257 peak=115651257(~1.39GB) t=720s
  [SPARK ..flow] part=446/945 rank=55276 echelon_nz=116279020 peak=116919020(~1.40GB) t=730s
  [SPARK ..flow] part=448/945 rank=55348 echelon_nz=116984357 peak=117624357(~1.41GB) t=736s
  [SPARK ..flow] part=449/945 rank=55348 echelon_nz=116984357 peak=117624357(~1.41GB) t=741s
  [SPARK ..flow] part=455/945 rank=55636 echelon_nz=118766625 peak=119406625(~1.43GB) t=748s
  [SPARK ..flow] part=458/945 rank=55828 echelon_nz=120275852 peak=120915852(~1.45GB) t=757s
  [SPARK ..flow] part=460/945 rank=55908 echelon_nz=120775608 peak=121415608(~1.46GB) t=763s
  [SPARK ..flow] part=461/945 rank=55940 echelon_nz=121301323 peak=121941323(~1.46GB) t=769s
  [SPARK ..flow] part=463/945 rank=55988 echelon_nz=121738831 peak=122378831(~1.47GB) t=776s
  [SPARK ..flow] part=464/945 rank=55988 echelon_nz=121738831 peak=122378831(~1.47GB) t=782s
  [SPARK ..flow] part=468/945 rank=56268 echelon_nz=123749604 peak=124389604(~1.49GB) t=788s
  [SPARK ..flow] part=471/945 rank=56380 echelon_nz=124737698 peak=125377698(~1.50GB) t=794s
  [SPARK ..flow] part=472/945 rank=56504 echelon_nz=125406730 peak=126046730(~1.51GB) t=800s
  [SPARK ..flow] part=473/945 rank=56568 echelon_nz=125714846 peak=126354846(~1.52GB) t=805s
  [SPARK ..flow] part=475/945 rank=56656 echelon_nz=126369621 peak=127009621(~1.52GB) t=814s
  [SPARK ..flow] part=476/945 rank=56688 echelon_nz=126696997 peak=127336997(~1.53GB) t=822s
  [SPARK ..flow] part=478/945 rank=56736 echelon_nz=127279302 peak=127919302(~1.54GB) t=833s
  [SPARK ..flow] part=479/945 rank=56736 echelon_nz=127279302 peak=127919302(~1.54GB) t=842s
  [SPARK ..flow] part=482/945 rank=56888 echelon_nz=128374880 peak=129014880(~1.55GB) t=850s
  [SPARK ..flow] part=484/945 rank=56960 echelon_nz=129019709 peak=129659709(~1.56GB) t=856s
  [SPARK ..flow] part=485/945 rank=56984 echelon_nz=129216687 peak=129856687(~1.56GB) t=861s
  [SPARK ..flow] part=487/945 rank=57048 echelon_nz=129612026 peak=130252026(~1.56GB) t=869s
  [SPARK ..flow] part=488/945 rank=57080 echelon_nz=129785074 peak=130425074(~1.57GB) t=876s
  [SPARK ..flow] part=489/945 rank=57104 echelon_nz=130161805 peak=130801805(~1.57GB) t=882s
  [SPARK ..flow] part=490/945 rank=57136 echelon_nz=130656648 peak=131296648(~1.58GB) t=891s
  [SPARK ..flow] part=491/945 rank=57152 echelon_nz=130890297 peak=131530297(~1.58GB) t=902s
  [SPARK ..flow] part=492/945 rank=57168 echelon_nz=131205829 peak=131845829(~1.58GB) t=908s
  [SPARK ..flow] part=493/945 rank=57184 echelon_nz=131442799 peak=132082799(~1.58GB) t=918s
  [SPARK ..flow] part=494/945 rank=57184 echelon_nz=131442799 peak=132082799(~1.58GB) t=929s
  [SPARK ..flow] part=496/945 rank=57264 echelon_nz=131875312 peak=132515312(~1.59GB) t=935s
  [SPARK ..flow] part=497/945 rank=57280 echelon_nz=132038890 peak=132678890(~1.59GB) t=941s
  [SPARK ..flow] part=499/945 rank=57320 echelon_nz=132280142 peak=132920142(~1.60GB) t=948s
  [SPARK ..flow] part=500/945 rank=57336 echelon_nz=132501453 peak=133141453(~1.60GB) t=956s
  [SPARK ..flow] part=502/945 rank=57368 echelon_nz=132815703 peak=133455703(~1.60GB) t=966s
  [SPARK ..flow] part=503/945 rank=57384 echelon_nz=132980085 peak=133620085(~1.60GB) t=975s
  [SPARK ..flow] part=504/945 rank=57384 echelon_nz=132980085 peak=133620085(~1.60GB) t=982s
  [SPARK ..flow] part=505/945 rank=57384 echelon_nz=132980085 peak=133620085(~1.60GB) t=991s
  [SPARK ..flow] part=506/945 rank=57384 echelon_nz=132980085 peak=133620085(~1.60GB) t=1003s
  [SPARK ..flow] part=507/945 rank=57400 echelon_nz=133357766 peak=133997766(~1.61GB) t=1012s
  [SPARK ..flow] part=508/945 rank=57416 echelon_nz=133726590 peak=134366590(~1.61GB) t=1022s
  [SPARK ..flow] part=509/945 rank=57416 echelon_nz=133726590 peak=134366590(~1.61GB) t=1034s
  [SPARK ..flow] part=511/945 rank=57464 echelon_nz=134080811 peak=134720811(~1.62GB) t=1041s
  [SPARK ..flow] part=512/945 rank=57464 echelon_nz=134080811 peak=134720811(~1.62GB) t=1047s
  [SPARK ..flow] part=514/945 rank=57488 echelon_nz=134284725 peak=134924725(~1.62GB) t=1057s
  [SPARK ..flow] part=515/945 rank=57488 echelon_nz=134284725 peak=134924725(~1.62GB) t=1064s
  [SPARK ..flow] part=517/945 rank=57504 echelon_nz=134456900 peak=135096900(~1.62GB) t=1076s
  [SPARK ..flow] part=518/945 rank=57504 echelon_nz=134456900 peak=135096900(~1.62GB) t=1086s
  [SPARK ..flow] part=519/945 rank=57504 echelon_nz=134456900 peak=135096900(~1.62GB) t=1093s
  [SPARK ..flow] part=520/945 rank=57504 echelon_nz=134456900 peak=135096900(~1.62GB) t=1102s
  [SPARK ..flow] part=521/945 rank=57504 echelon_nz=134456900 peak=135096900(~1.62GB) t=1113s
  [SPARK ..flow] part=522/945 rank=57504 echelon_nz=134456900 peak=135096900(~1.62GB) t=1122s
  [SPARK ..flow] part=523/945 rank=57504 echelon_nz=134456900 peak=135096900(~1.62GB) t=1132s
  [SPARK ..flow] part=524/945 rank=57504 echelon_nz=134456900 peak=135096900(~1.62GB) t=1143s
  [SPARK ..flow] part=531/945 rank=58288 echelon_nz=138835651 peak=139475651(~1.67GB) t=1149s
  [SPARK ..flow] part=534/945 rank=58520 echelon_nz=140372786 peak=141012786(~1.69GB) t=1154s
  [SPARK ..flow] part=536/945 rank=58616 echelon_nz=141160364 peak=141800364(~1.70GB) t=1160s
  [SPARK ..flow] part=539/945 rank=58680 echelon_nz=141811390 peak=142451390(~1.71GB) t=1168s
  [SPARK ..flow] part=545/945 rank=59040 echelon_nz=144661482 peak=145301482(~1.74GB) t=1175s
  [SPARK ..flow] part=548/945 rank=59240 echelon_nz=146496849 peak=147136849(~1.77GB) t=1185s
  [SPARK ..flow] part=550/945 rank=59336 echelon_nz=147606166 peak=148246166(~1.78GB) t=1192s
  [SPARK ..flow] part=551/945 rank=59360 echelon_nz=147945096 peak=148585096(~1.78GB) t=1198s
  [SPARK ..flow] part=553/945 rank=59416 echelon_nz=148783123 peak=149423123(~1.79GB) t=1207s
  [SPARK ..flow] part=554/945 rank=59416 echelon_nz=148783123 peak=149423123(~1.79GB) t=1214s
  [SPARK ..flow] part=559/945 rank=59528 echelon_nz=150032906 peak=150672906(~1.81GB) t=1220s
  [SPARK ..flow] part=562/945 rank=59664 echelon_nz=151608203 peak=152248203(~1.83GB) t=1230s
  [SPARK ..flow] part=563/945 rank=59704 echelon_nz=152197575 peak=152837575(~1.83GB) t=1237s
  [SPARK ..flow] part=565/945 rank=59760 echelon_nz=152730915 peak=153370915(~1.84GB) t=1246s
  [SPARK ..flow] part=566/945 rank=59784 echelon_nz=153220306 peak=153860306(~1.85GB) t=1255s
  [SPARK ..flow] part=568/945 rank=59816 echelon_nz=153681534 peak=154321534(~1.85GB) t=1267s
  [SPARK ..flow] part=569/945 rank=59816 echelon_nz=153681534 peak=154321534(~1.85GB) t=1277s
  [SPARK ..flow] part=572/945 rank=59816 echelon_nz=153681534 peak=154321534(~1.85GB) t=1282s
  [SPARK ..flow] part=575/945 rank=59816 echelon_nz=153681534 peak=154321534(~1.85GB) t=1289s
  [SPARK ..flow] part=577/945 rank=59880 echelon_nz=154464711 peak=155104711(~1.86GB) t=1298s
  [SPARK ..flow] part=578/945 rank=59912 echelon_nz=154863345 peak=155503345(~1.87GB) t=1307s
  [SPARK ..flow] part=580/945 rank=59944 echelon_nz=155309953 peak=155949953(~1.87GB) t=1319s
  [SPARK ..flow] part=581/945 rank=59960 echelon_nz=155588929 peak=156228929(~1.87GB) t=1329s
  [SPARK ..flow] part=583/945 rank=59976 echelon_nz=155888047 peak=156528047(~1.88GB) t=1344s
  [SPARK ..flow] part=584/945 rank=59976 echelon_nz=155888047 peak=156528047(~1.88GB) t=1355s
  [SPARK ..flow] part=586/945 rank=60096 echelon_nz=157249812 peak=157889812(~1.89GB) t=1361s
  [SPARK ..flow] part=587/945 rank=60128 echelon_nz=157537715 peak=158177715(~1.90GB) t=1367s
  [SPARK ..flow] part=589/945 rank=60200 echelon_nz=158522118 peak=159162118(~1.91GB) t=1376s
  [SPARK ..flow] part=590/945 rank=60224 echelon_nz=158838283 peak=159478283(~1.91GB) t=1384s
  [SPARK ..flow] part=592/945 rank=60256 echelon_nz=159508335 peak=160148335(~1.92GB) t=1395s
  [SPARK ..flow] part=593/945 rank=60272 echelon_nz=159627271 peak=160267271(~1.92GB) t=1405s
  [SPARK ..flow] part=594/945 rank=60296 echelon_nz=160140530 peak=160780530(~1.93GB) t=1414s
  [SPARK ..flow] part=595/945 rank=60312 echelon_nz=160480589 peak=161120589(~1.93GB) t=1426s
  [SPARK ..flow] part=596/945 rank=60320 echelon_nz=160647051 peak=161287051(~1.94GB) t=1440s
  [SPARK ..flow] part=597/945 rank=60336 echelon_nz=161082232 peak=161722232(~1.94GB) t=1450s
  [SPARK ..flow] part=598/945 rank=60344 echelon_nz=161249648 peak=161889648(~1.94GB) t=1463s
  [SPARK ..flow] part=599/945 rank=60344 echelon_nz=161249648 peak=161889648(~1.94GB) t=1477s
  [SPARK ..flow] part=601/945 rank=60424 echelon_nz=162129709 peak=162769709(~1.95GB) t=1485s
  [SPARK ..flow] part=602/945 rank=60440 echelon_nz=162362131 peak=163002131(~1.96GB) t=1493s
  [SPARK ..flow] part=604/945 rank=60480 echelon_nz=162841581 peak=163481581(~1.96GB) t=1503s
  [SPARK ..flow] part=605/945 rank=60496 echelon_nz=163161072 peak=163801072(~1.97GB) t=1514s
  [SPARK ..flow] part=607/945 rank=60512 echelon_nz=163338752 peak=163978752(~1.97GB) t=1527s
  [SPARK ..flow] part=608/945 rank=60520 echelon_nz=163449979 peak=164089979(~1.97GB) t=1539s
  [SPARK ..flow] part=609/945 rank=60520 echelon_nz=163449979 peak=164089979(~1.97GB) t=1549s
  [SPARK ..flow] part=610/945 rank=60520 echelon_nz=163449979 peak=164089979(~1.97GB) t=1561s
  [SPARK ..flow] part=611/945 rank=60520 echelon_nz=163449979 peak=164089979(~1.97GB) t=1576s
  [SPARK ..flow] part=612/945 rank=60536 echelon_nz=163935729 peak=164575729(~1.97GB) t=1588s
  [SPARK ..flow] part=613/945 rank=60544 echelon_nz=164140993 peak=164780993(~1.98GB) t=1602s
  [SPARK ..flow] part=614/945 rank=60544 echelon_nz=164140993 peak=164780993(~1.98GB) t=1618s
  [SPARK ..flow] part=616/945 rank=60592 echelon_nz=164885085 peak=165525085(~1.99GB) t=1628s
  [SPARK ..flow] part=617/945 rank=60592 echelon_nz=164885085 peak=165525085(~1.99GB) t=1636s
  [SPARK ..flow] part=619/945 rank=60616 echelon_nz=165304113 peak=165944113(~1.99GB) t=1649s
  [SPARK ..flow] part=620/945 rank=60616 echelon_nz=165304113 peak=165944113(~1.99GB) t=1660s
  [SPARK ..flow] part=622/945 rank=60624 echelon_nz=165423389 peak=166063389(~1.99GB) t=1676s
  [SPARK ..flow] part=623/945 rank=60624 echelon_nz=165423389 peak=166063389(~1.99GB) t=1689s
  [SPARK ..flow] part=624/945 rank=60624 echelon_nz=165423389 peak=166063389(~1.99GB) t=1700s
  [SPARK ..flow] part=625/945 rank=60624 echelon_nz=165423389 peak=166063389(~1.99GB) t=1714s
  [SPARK ..flow] part=626/945 rank=60624 echelon_nz=165423389 peak=166063389(~1.99GB) t=1730s
  [SPARK ..flow] part=627/945 rank=60624 echelon_nz=165423389 peak=166063389(~1.99GB) t=1743s
  [SPARK ..flow] part=628/945 rank=60624 echelon_nz=165423389 peak=166063389(~1.99GB) t=1758s
  [SPARK ..flow] part=629/945 rank=60624 echelon_nz=165423389 peak=166063389(~1.99GB) t=1774s
  [SPARK ..flow] part=634/945 rank=61072 echelon_nz=168659198 peak=169299198(~2.03GB) t=1780s
  [SPARK ..flow] part=637/945 rank=61184 echelon_nz=169850384 peak=170490384(~2.05GB) t=1786s
  [SPARK ..flow] part=639/945 rank=61264 echelon_nz=170811013 peak=171451013(~2.06GB) t=1792s
  [SPARK ..flow] part=641/945 rank=61312 echelon_nz=171593819 peak=172233819(~2.07GB) t=1801s
  [SPARK ..flow] part=643/945 rank=61360 echelon_nz=172234735 peak=172874735(~2.07GB) t=1809s
  [SPARK ..flow] part=644/945 rank=61360 echelon_nz=172234735 peak=172874735(~2.07GB) t=1814s
  [SPARK ..flow] part=648/945 rank=61544 echelon_nz=173871986 peak=174511986(~2.09GB) t=1820s
  [SPARK ..flow] part=650/945 rank=61608 echelon_nz=174747468 peak=175387468(~2.10GB) t=1828s
  [SPARK ..flow] part=652/945 rank=61640 echelon_nz=175243713 peak=175883713(~2.11GB) t=1834s
  [SPARK ..flow] part=653/945 rank=61656 echelon_nz=175434143 peak=176074143(~2.11GB) t=1840s
  [SPARK ..flow] part=654/945 rank=61704 echelon_nz=176404017 peak=177044017(~2.12GB) t=1845s
  [SPARK ..flow] part=655/945 rank=61736 echelon_nz=177168200 peak=177808200(~2.13GB) t=1853s
  [SPARK ..flow] part=656/945 rank=61752 echelon_nz=177564506 peak=178204506(~2.14GB) t=1862s
  [SPARK ..flow] part=657/945 rank=61784 echelon_nz=178131113 peak=178771113(~2.15GB) t=1868s
  [SPARK ..flow] part=658/945 rank=61800 echelon_nz=178402792 peak=179042792(~2.15GB) t=1876s
  [SPARK ..flow] part=659/945 rank=61800 echelon_nz=178402792 peak=179042792(~2.15GB) t=1886s
  [SPARK ..flow] part=662/945 rank=61800 echelon_nz=178402792 peak=179042792(~2.15GB) t=1891s
  [SPARK ..flow] part=664/945 rank=61872 echelon_nz=179451608 peak=180091608(~2.16GB) t=1898s
  [SPARK ..flow] part=665/945 rank=61896 echelon_nz=179952734 peak=180592734(~2.17GB) t=1905s
  [SPARK ..flow] part=667/945 rank=61928 echelon_nz=180597239 peak=181237239(~2.17GB) t=1914s
  [SPARK ..flow] part=668/945 rank=61944 echelon_nz=180924554 peak=181564554(~2.18GB) t=1923s
  [SPARK ..flow] part=669/945 rank=61968 echelon_nz=181388348 peak=182028348(~2.18GB) t=1930s
  [SPARK ..flow] part=670/945 rank=61984 echelon_nz=181684977 peak=182324977(~2.19GB) t=1940s
  [SPARK ..flow] part=671/945 rank=62000 echelon_nz=182189276 peak=182829276(~2.19GB) t=1953s
  [SPARK ..flow] part=672/945 rank=62016 echelon_nz=182475272 peak=183115272(~2.20GB) t=1961s
  [SPARK ..flow] part=673/945 rank=62024 echelon_nz=182588540 peak=183228540(~2.20GB) t=1971s
  [SPARK ..flow] part=674/945 rank=62024 echelon_nz=182588540 peak=183228540(~2.20GB) t=1985s
  [SPARK ..flow] part=676/945 rank=62024 echelon_nz=182588540 peak=183228540(~2.20GB) t=1991s
  [SPARK ..flow] part=677/945 rank=62024 echelon_nz=182588540 peak=183228540(~2.20GB) t=1996s
  [SPARK ..flow] part=679/945 rank=62024 echelon_nz=182588540 peak=183228540(~2.20GB) t=2004s
  [SPARK ..flow] part=680/945 rank=62024 echelon_nz=182588540 peak=183228540(~2.20GB) t=2011s
  [SPARK ..flow] part=682/945 rank=62056 echelon_nz=183345413 peak=183985413(~2.21GB) t=2023s
  [SPARK ..flow] part=683/945 rank=62072 echelon_nz=183653783 peak=184293783(~2.21GB) t=2035s
  [SPARK ..flow] part=684/945 rank=62072 echelon_nz=183653783 peak=184293783(~2.21GB) t=2043s
  [SPARK ..flow] part=685/945 rank=62088 echelon_nz=184087483 peak=184727483(~2.22GB) t=2056s
  [SPARK ..flow] part=686/945 rank=62096 echelon_nz=184315706 peak=184955706(~2.22GB) t=2072s
  [SPARK ..flow] part=687/945 rank=62096 echelon_nz=184315706 peak=184955706(~2.22GB) t=2081s
  [SPARK ..flow] part=688/945 rank=62104 echelon_nz=184512021 peak=185152021(~2.22GB) t=2095s
  [SPARK ..flow] part=689/945 rank=62104 echelon_nz=184512021 peak=185152021(~2.22GB) t=2111s
  [SPARK ..flow] part=691/945 rank=62104 echelon_nz=184512021 peak=185152021(~2.22GB) t=2118s
  [SPARK ..flow] part=692/945 rank=62104 echelon_nz=184512021 peak=185152021(~2.22GB) t=2125s
  [SPARK ..flow] part=694/945 rank=62104 echelon_nz=184512021 peak=185152021(~2.22GB) t=2136s
  [SPARK ..flow] part=695/945 rank=62104 echelon_nz=184512021 peak=185152021(~2.22GB) t=2146s
  [SPARK ..flow] part=697/945 rank=62104 echelon_nz=184512021 peak=185152021(~2.22GB) t=2159s
  [SPARK ..flow] part=698/945 rank=62104 echelon_nz=184512021 peak=185152021(~2.22GB) t=2171s
  [SPARK ..flow] part=699/945 rank=62104 echelon_nz=184512021 peak=185152021(~2.22GB) t=2182s
  [SPARK ..flow] part=700/945 rank=62104 echelon_nz=184512021 peak=185152021(~2.22GB) t=2196s
  [SPARK ..flow] part=701/945 rank=62104 echelon_nz=184512021 peak=185152021(~2.22GB) t=2213s
  [SPARK ..flow] part=702/945 rank=62104 echelon_nz=184512021 peak=185152021(~2.22GB) t=2226s
  [SPARK ..flow] part=703/945 rank=62104 echelon_nz=184512021 peak=185152021(~2.22GB) t=2241s
  [SPARK ..flow] part=704/945 rank=62104 echelon_nz=184512021 peak=185152021(~2.22GB) t=2258s
  [SPARK ..flow] part=705/945 rank=62152 echelon_nz=185577310 peak=186217310(~2.23GB) t=2264s
  [SPARK ..flow] part=706/945 rank=62184 echelon_nz=186436304 peak=187076304(~2.24GB) t=2272s
  [SPARK ..flow] part=707/945 rank=62200 echelon_nz=186872188 peak=187512188(~2.25GB) t=2282s
  [SPARK ..flow] part=708/945 rank=62224 echelon_nz=187490727 peak=188130727(~2.26GB) t=2289s
  [SPARK ..flow] part=709/945 rank=62240 echelon_nz=187966949 peak=188606949(~2.26GB) t=2299s
  [SPARK ..flow] part=710/945 rank=62256 echelon_nz=188517955 peak=189157955(~2.27GB) t=2313s
  [SPARK ..flow] part=711/945 rank=62256 echelon_nz=188517955 peak=189157955(~2.27GB) t=2320s
  [SPARK ..flow] part=712/945 rank=62272 echelon_nz=189082643 peak=189722643(~2.28GB) t=2334s
  [SPARK ..flow] part=713/945 rank=62280 echelon_nz=189345907 peak=189985907(~2.28GB) t=2351s
  [SPARK ..flow] part=714/945 rank=62280 echelon_nz=189345907 peak=189985907(~2.28GB) t=2362s
  [SPARK ..flow] part=715/945 rank=62280 echelon_nz=189345907 peak=189985907(~2.28GB) t=2377s
  [SPARK ..flow] part=716/945 rank=62280 echelon_nz=189345907 peak=189985907(~2.28GB) t=2396s
  [SPARK ..flow] part=717/945 rank=62296 echelon_nz=189963746 peak=190603746(~2.29GB) t=2412s
  [SPARK ..flow] part=718/945 rank=62304 echelon_nz=190279664 peak=190919664(~2.29GB) t=2430s
  [SPARK ..flow] part=719/945 rank=62304 echelon_nz=190279664 peak=190919664(~2.29GB) t=2449s
  [SPARK ..flow] part=720/945 rank=62336 echelon_nz=190907128 peak=191547128(~2.30GB) t=2455s
  [SPARK ..flow] part=721/945 rank=62352 echelon_nz=191199988 peak=191839988(~2.30GB) t=2463s
  [SPARK ..flow] part=722/945 rank=62352 echelon_nz=191199988 peak=191839988(~2.30GB) t=2473s
  [SPARK ..flow] part=723/945 rank=62368 echelon_nz=191583344 peak=192223344(~2.31GB) t=2481s
  [SPARK ..flow] part=724/945 rank=62376 echelon_nz=191732774 peak=192372774(~2.31GB) t=2492s
  [SPARK ..flow] part=725/945 rank=62376 echelon_nz=191732774 peak=192372774(~2.31GB) t=2507s
  [SPARK ..flow] part=726/945 rank=62376 echelon_nz=191732774 peak=192372774(~2.31GB) t=2515s
  [SPARK ..flow] part=727/945 rank=62384 echelon_nz=191956641 peak=192596641(~2.31GB) t=2530s
  [SPARK ..flow] part=728/945 rank=62384 echelon_nz=191956641 peak=192596641(~2.31GB) t=2546s
  [SPARK ..flow] part=729/945 rank=62384 echelon_nz=191956641 peak=192596641(~2.31GB) t=2559s
  [SPARK ..flow] part=730/945 rank=62384 echelon_nz=191956641 peak=192596641(~2.31GB) t=2575s
  [SPARK ..flow] part=731/945 rank=62384 echelon_nz=191956641 peak=192596641(~2.31GB) t=2593s
  [SPARK ..flow] part=732/945 rank=62384 echelon_nz=191956641 peak=192596641(~2.31GB) t=2609s
  [SPARK ..flow] part=733/945 rank=62384 echelon_nz=191956641 peak=192596641(~2.31GB) t=2628s
  [SPARK ..flow] part=734/945 rank=62384 echelon_nz=191956641 peak=192596641(~2.31GB) t=2647s
  [SPARK ..flow] part=738/945 rank=62624 echelon_nz=194424616 peak=195064616(~2.34GB) t=2652s
  [SPARK ..flow] part=740/945 rank=62688 echelon_nz=195463231 peak=196103231(~2.35GB) t=2658s
  [SPARK ..flow] part=743/945 rank=62736 echelon_nz=196318722 peak=196958722(~2.36GB) t=2667s
  [SPARK ..flow] part=745/945 rank=62736 echelon_nz=196318722 peak=196958722(~2.36GB) t=2674s
  [SPARK ..flow] part=746/945 rank=62736 echelon_nz=196318722 peak=196958722(~2.36GB) t=2679s
  [SPARK ..flow] part=748/945 rank=62784 echelon_nz=197443338 peak=198083338(~2.38GB) t=2688s
  [SPARK ..flow] part=749/945 rank=62784 echelon_nz=197443338 peak=198083338(~2.38GB) t=2694s
  [SPARK ..flow] part=752/945 rank=62880 echelon_nz=198781041 peak=199421041(~2.39GB) t=2701s
  [SPARK ..flow] part=754/945 rank=62920 echelon_nz=199382542 peak=200022542(~2.40GB) t=2707s
  [SPARK ..flow] part=755/945 rank=62936 echelon_nz=199762505 peak=200402505(~2.40GB) t=2713s
  [SPARK ..flow] part=757/945 rank=62952 echelon_nz=200146690 peak=200786690(~2.41GB) t=2722s
  [SPARK ..flow] part=758/945 rank=62960 echelon_nz=200319459 peak=200959459(~2.41GB) t=2729s
  [SPARK ..flow] part=759/945 rank=62960 echelon_nz=200319459 peak=200959459(~2.41GB) t=2735s
  [SPARK ..flow] part=760/945 rank=62960 echelon_nz=200319459 peak=200959459(~2.41GB) t=2743s
  [SPARK ..flow] part=761/945 rank=62960 echelon_nz=200319459 peak=200959459(~2.41GB) t=2752s
  [SPARK ..flow] part=762/945 rank=62992 echelon_nz=201199368 peak=201839368(~2.42GB) t=2759s
  [SPARK ..flow] part=763/945 rank=63008 echelon_nz=201768252 peak=202408252(~2.43GB) t=2768s
  [SPARK ..flow] part=764/945 rank=63008 echelon_nz=201768252 peak=202408252(~2.43GB) t=2777s
  [SPARK ..flow] part=767/945 rank=63008 echelon_nz=201768252 peak=202408252(~2.43GB) t=2785s
  [SPARK ..flow] part=769/945 rank=63048 echelon_nz=202496907 peak=203136907(~2.44GB) t=2794s
  [SPARK ..flow] part=770/945 rank=63064 echelon_nz=202952751 peak=203592751(~2.44GB) t=2803s
  [SPARK ..flow] part=772/945 rank=63080 echelon_nz=203418070 peak=204058070(~2.45GB) t=2814s
  [SPARK ..flow] part=773/945 rank=63088 echelon_nz=203693631 peak=204333631(~2.45GB) t=2825s
  [SPARK ..flow] part=774/945 rank=63088 echelon_nz=203693631 peak=204333631(~2.45GB) t=2832s
  [SPARK ..flow] part=775/945 rank=63088 echelon_nz=203693631 peak=204333631(~2.45GB) t=2842s
  [SPARK ..flow] part=776/945 rank=63088 echelon_nz=203693631 peak=204333631(~2.45GB) t=2856s
  [SPARK ..flow] part=777/945 rank=63104 echelon_nz=204118843 peak=204758843(~2.46GB) t=2865s
  [SPARK ..flow] part=778/945 rank=63112 echelon_nz=204340117 peak=204980117(~2.46GB) t=2877s
  [SPARK ..flow] part=779/945 rank=63112 echelon_nz=204340117 peak=204980117(~2.46GB) t=2891s
  [SPARK ..flow] part=781/945 rank=63112 echelon_nz=204340117 peak=204980117(~2.46GB) t=2899s
  [SPARK ..flow] part=782/945 rank=63112 echelon_nz=204340117 peak=204980117(~2.46GB) t=2906s
  [SPARK ..flow] part=784/945 rank=63112 echelon_nz=204340117 peak=204980117(~2.46GB) t=2916s
  [SPARK ..flow] part=785/945 rank=63112 echelon_nz=204340117 peak=204980117(~2.46GB) t=2925s
  [SPARK ..flow] part=787/945 rank=63128 echelon_nz=204852985 peak=205492985(~2.47GB) t=2941s
  [SPARK ..flow] part=788/945 rank=63136 echelon_nz=205086443 peak=205726443(~2.47GB) t=2955s
  [SPARK ..flow] part=789/945 rank=63136 echelon_nz=205086443 peak=205726443(~2.47GB) t=2963s
  [SPARK ..flow] part=790/945 rank=63136 echelon_nz=205086443 peak=205726443(~2.47GB) t=2977s
  [SPARK ..flow] part=791/945 rank=63136 echelon_nz=205086443 peak=205726443(~2.47GB) t=2993s
  [SPARK ..flow] part=792/945 rank=63136 echelon_nz=205086443 peak=205726443(~2.47GB) t=3004s
  [SPARK ..flow] part=793/945 rank=63144 echelon_nz=205355922 peak=205995922(~2.47GB) t=3020s
  [SPARK ..flow] part=794/945 rank=63144 echelon_nz=205355922 peak=205995922(~2.47GB) t=3037s
  [SPARK ..flow] part=796/945 rank=63144 echelon_nz=205355922 peak=205995922(~2.47GB) t=3047s
  [SPARK ..flow] part=797/945 rank=63144 echelon_nz=205355922 peak=205995922(~2.47GB) t=3057s
  [SPARK ..flow] part=799/945 rank=63144 echelon_nz=205355922 peak=205995922(~2.47GB) t=3070s
  [SPARK ..flow] part=800/945 rank=63144 echelon_nz=205355922 peak=205995922(~2.47GB) t=3083s
  [SPARK ..flow] part=802/945 rank=63144 echelon_nz=205355922 peak=205995922(~2.47GB) t=3100s
  [SPARK ..flow] part=803/945 rank=63144 echelon_nz=205355922 peak=205995922(~2.47GB) t=3115s
  [SPARK ..flow] part=804/945 rank=63144 echelon_nz=205355922 peak=205995922(~2.47GB) t=3127s
  [SPARK ..flow] part=805/945 rank=63144 echelon_nz=205355922 peak=205995922(~2.47GB) t=3142s
  [SPARK ..flow] part=806/945 rank=63144 echelon_nz=205355922 peak=205995922(~2.47GB) t=3160s
  [SPARK ..flow] part=807/945 rank=63144 echelon_nz=205355922 peak=205995922(~2.47GB) t=3173s
  [SPARK ..flow] part=808/945 rank=63144 echelon_nz=205355922 peak=205995922(~2.47GB) t=3190s
  [SPARK ..flow] part=809/945 rank=63144 echelon_nz=205355922 peak=205995922(~2.47GB) t=3208s
  [SPARK ..flow] part=810/945 rank=63144 echelon_nz=205355922 peak=205995922(~2.47GB) t=3213s
  [SPARK ..flow] part=811/945 rank=63144 echelon_nz=205355922 peak=205995922(~2.47GB) t=3221s
  [SPARK ..flow] part=812/945 rank=63144 echelon_nz=205355922 peak=205995922(~2.47GB) t=3231s
  [SPARK ..flow] part=813/945 rank=63144 echelon_nz=205355922 peak=205995922(~2.47GB) t=3238s
  [SPARK ..flow] part=814/945 rank=63144 echelon_nz=205355922 peak=205995922(~2.47GB) t=3248s
  [SPARK ..flow] part=815/945 rank=63144 echelon_nz=205355922 peak=205995922(~2.47GB) t=3262s
  [SPARK ..flow] part=816/945 rank=63144 echelon_nz=205355922 peak=205995922(~2.47GB) t=3269s
  [SPARK ..flow] part=817/945 rank=63144 echelon_nz=205355922 peak=205995922(~2.47GB) t=3283s
  [SPARK ..flow] part=818/945 rank=63144 echelon_nz=205355922 peak=205995922(~2.47GB) t=3299s
  [SPARK ..flow] part=819/945 rank=63144 echelon_nz=205355922 peak=205995922(~2.47GB) t=3310s
  [SPARK ..flow] part=820/945 rank=63144 echelon_nz=205355922 peak=205995922(~2.47GB) t=3324s
  [SPARK ..flow] part=821/945 rank=63144 echelon_nz=205355922 peak=205995922(~2.47GB) t=3341s
  [SPARK ..flow] part=822/945 rank=63144 echelon_nz=205355922 peak=205995922(~2.47GB) t=3357s
  [SPARK ..flow] part=823/945 rank=63144 echelon_nz=205355922 peak=205995922(~2.47GB) t=3375s
  [SPARK ..flow] part=824/945 rank=63144 echelon_nz=205355922 peak=205995922(~2.47GB) t=3394s
  [SPARK ..flow] part=825/945 rank=63176 echelon_nz=206287347 peak=206927347(~2.48GB) t=3401s
  [SPARK ..flow] part=826/945 rank=63192 echelon_nz=206940594 peak=207580594(~2.49GB) t=3410s
  [SPARK ..flow] part=827/945 rank=63192 echelon_nz=206940594 peak=207580594(~2.49GB) t=3421s
  [SPARK ..flow] part=828/945 rank=63208 echelon_nz=207490594 peak=208130594(~2.50GB) t=3430s
  [SPARK ..flow] part=829/945 rank=63216 echelon_nz=207838213 peak=208478213(~2.50GB) t=3443s
  [SPARK ..flow] part=830/945 rank=63216 echelon_nz=207838213 peak=208478213(~2.50GB) t=3459s
  [SPARK ..flow] part=831/945 rank=63216 echelon_nz=207838213 peak=208478213(~2.50GB) t=3469s
  [SPARK ..flow] part=832/945 rank=63224 echelon_nz=208236231 peak=208876231(~2.51GB) t=3484s
  [SPARK ..flow] part=833/945 rank=63224 echelon_nz=208236231 peak=208876231(~2.51GB) t=3501s
  [SPARK ..flow] part=834/945 rank=63224 echelon_nz=208236231 peak=208876231(~2.51GB) t=3515s
  [SPARK ..flow] part=835/945 rank=63224 echelon_nz=208236231 peak=208876231(~2.51GB) t=3531s
  [SPARK ..flow] part=836/945 rank=63224 echelon_nz=208236231 peak=208876231(~2.51GB) t=3549s
  [SPARK ..flow] part=837/945 rank=63224 echelon_nz=208236231 peak=208876231(~2.51GB) t=3565s
  [SPARK ..flow] part=838/945 rank=63224 echelon_nz=208236231 peak=208876231(~2.51GB) t=3585s
  [SPARK ..flow] part=839/945 rank=63224 echelon_nz=208236231 peak=208876231(~2.51GB) t=3606s
  [SPARK ..flow] part=843/945 rank=63352 echelon_nz=210055966 peak=210695966(~2.53GB) t=3611s
  [SPARK ..flow] part=845/945 rank=63368 echelon_nz=210339968 peak=210979968(~2.53GB) t=3617s
  [SPARK ..flow] part=848/945 rank=63384 echelon_nz=210650606 peak=211290606(~2.54GB) t=3625s
  [SPARK ..flow] part=850/945 rank=63384 echelon_nz=210650606 peak=211290606(~2.54GB) t=3632s
  [SPARK ..flow] part=852/945 rank=63384 echelon_nz=210650606 peak=211290606(~2.54GB) t=3641s
  [SPARK ..flow] part=854/945 rank=63384 echelon_nz=210650606 peak=211290606(~2.54GB) t=3651s
  [SPARK ..flow] part=857/945 rank=63432 echelon_nz=211524780 peak=212164780(~2.55GB) t=3658s
  [SPARK ..flow] part=859/945 rank=63456 echelon_nz=211996777 peak=212636777(~2.55GB) t=3665s
  [SPARK ..flow] part=860/945 rank=63456 echelon_nz=211996777 peak=212636777(~2.55GB) t=3671s
  [SPARK ..flow] part=862/945 rank=63464 echelon_nz=212178537 peak=212818537(~2.55GB) t=3680s
  [SPARK ..flow] part=863/945 rank=63464 echelon_nz=212178537 peak=212818537(~2.55GB) t=3688s
  [SPARK ..flow] part=864/945 rank=63464 echelon_nz=212178537 peak=212818537(~2.55GB) t=3693s
  [SPARK ..flow] part=865/945 rank=63464 echelon_nz=212178537 peak=212818537(~2.55GB) t=3701s
  [SPARK ..flow] part=866/945 rank=63464 echelon_nz=212178537 peak=212818537(~2.55GB) t=3710s
  [SPARK ..flow] part=867/945 rank=63464 echelon_nz=212178537 peak=212818537(~2.55GB) t=3717s
  [SPARK ..flow] part=868/945 rank=63464 echelon_nz=212178537 peak=212818537(~2.55GB) t=3725s
  [SPARK ..flow] part=869/945 rank=63464 echelon_nz=212178537 peak=212818537(~2.55GB) t=3734s
  [SPARK ..flow] part=872/945 rank=63464 echelon_nz=212178537 peak=212818537(~2.55GB) t=3742s
  [SPARK ..flow] part=874/945 rank=63488 echelon_nz=212729978 peak=213369978(~2.56GB) t=3752s
  [SPARK ..flow] part=875/945 rank=63488 echelon_nz=212729978 peak=213369978(~2.56GB) t=3760s
  [SPARK ..flow] part=877/945 rank=63496 echelon_nz=212984242 peak=213624242(~2.56GB) t=3773s
  [SPARK ..flow] part=878/945 rank=63496 echelon_nz=212984242 peak=213624242(~2.56GB) t=3783s
  [SPARK ..flow] part=879/945 rank=63496 echelon_nz=212984242 peak=213624242(~2.56GB) t=3790s
  [SPARK ..flow] part=880/945 rank=63496 echelon_nz=212984242 peak=213624242(~2.56GB) t=3800s
  [SPARK ..flow] part=881/945 rank=63496 echelon_nz=212984242 peak=213624242(~2.56GB) t=3813s
  [SPARK ..flow] part=882/945 rank=63496 echelon_nz=212984242 peak=213624242(~2.56GB) t=3822s
  [SPARK ..flow] part=883/945 rank=63496 echelon_nz=212984242 peak=213624242(~2.56GB) t=3833s
  [SPARK ..flow] part=884/945 rank=63496 echelon_nz=212984242 peak=213624242(~2.56GB) t=3846s
  [SPARK ..flow] part=886/945 rank=63496 echelon_nz=212984242 peak=213624242(~2.56GB) t=3854s
  [SPARK ..flow] part=887/945 rank=63496 echelon_nz=212984242 peak=213624242(~2.56GB) t=3861s
  [SPARK ..flow] part=889/945 rank=63496 echelon_nz=212984242 peak=213624242(~2.56GB) t=3872s
  [SPARK ..flow] part=890/945 rank=63496 echelon_nz=212984242 peak=213624242(~2.56GB) t=3881s
  [SPARK ..flow] part=892/945 rank=63504 echelon_nz=213249446 peak=213889446(~2.57GB) t=3897s
  [SPARK ..flow] part=893/945 rank=63504 echelon_nz=213249446 peak=213889446(~2.57GB) t=3910s
  [SPARK ..flow] part=894/945 rank=63504 echelon_nz=213249446 peak=213889446(~2.57GB) t=3919s
  [SPARK ..flow] part=895/945 rank=63504 echelon_nz=213249446 peak=213889446(~2.57GB) t=3933s
  [SPARK ..flow] part=896/945 rank=63504 echelon_nz=213249446 peak=213889446(~2.57GB) t=3950s
  [SPARK ..flow] part=897/945 rank=63504 echelon_nz=213249446 peak=213889446(~2.57GB) t=3961s
  [SPARK ..flow] part=898/945 rank=63504 echelon_nz=213249446 peak=213889446(~2.57GB) t=3977s
  [SPARK ..flow] part=899/945 rank=63504 echelon_nz=213249446 peak=213889446(~2.57GB) t=3995s
  [SPARK ..flow] part=901/945 rank=63504 echelon_nz=213249446 peak=213889446(~2.57GB) t=4006s
  [SPARK ..flow] part=902/945 rank=63504 echelon_nz=213249446 peak=213889446(~2.57GB) t=4015s
  [SPARK ..flow] part=904/945 rank=63504 echelon_nz=213249446 peak=213889446(~2.57GB) t=4030s
  [SPARK ..flow] part=905/945 rank=63504 echelon_nz=213249446 peak=213889446(~2.57GB) t=4042s
  [SPARK ..flow] part=907/945 rank=63504 echelon_nz=213249446 peak=213889446(~2.57GB) t=4061s
  [SPARK ..flow] part=908/945 rank=63504 echelon_nz=213249446 peak=213889446(~2.57GB) t=4076s
  [SPARK ..flow] part=909/945 rank=63504 echelon_nz=213249446 peak=213889446(~2.57GB) t=4088s
  [SPARK ..flow] part=910/945 rank=63504 echelon_nz=213249446 peak=213889446(~2.57GB) t=4103s
  [SPARK ..flow] part=911/945 rank=63504 echelon_nz=213249446 peak=213889446(~2.57GB) t=4122s
  [SPARK ..flow] part=912/945 rank=63504 echelon_nz=213249446 peak=213889446(~2.57GB) t=4135s
  [SPARK ..flow] part=913/945 rank=63504 echelon_nz=213249446 peak=213889446(~2.57GB) t=4152s
  [SPARK ..flow] part=914/945 rank=63504 echelon_nz=213249446 peak=213889446(~2.57GB) t=4171s
  [SPARK ..flow] part=915/945 rank=63504 echelon_nz=213249446 peak=213889446(~2.57GB) t=4178s
  [SPARK ..flow] part=916/945 rank=63504 echelon_nz=213249446 peak=213889446(~2.57GB) t=4187s
  [SPARK ..flow] part=917/945 rank=63504 echelon_nz=213249446 peak=213889446(~2.57GB) t=4197s
  [SPARK ..flow] part=918/945 rank=63504 echelon_nz=213249446 peak=213889446(~2.57GB) t=4205s
  [SPARK ..flow] part=919/945 rank=63504 echelon_nz=213249446 peak=213889446(~2.57GB) t=4216s
  [SPARK ..flow] part=920/945 rank=63504 echelon_nz=213249446 peak=213889446(~2.57GB) t=4230s
  [SPARK ..flow] part=921/945 rank=63504 echelon_nz=213249446 peak=213889446(~2.57GB) t=4239s
  [SPARK ..flow] part=922/945 rank=63504 echelon_nz=213249446 peak=213889446(~2.57GB) t=4253s
  [SPARK ..flow] part=923/945 rank=63504 echelon_nz=213249446 peak=213889446(~2.57GB) t=4270s
  [SPARK ..flow] part=924/945 rank=63504 echelon_nz=213249446 peak=213889446(~2.57GB) t=4283s
  [SPARK ..flow] part=925/945 rank=63504 echelon_nz=213249446 peak=213889446(~2.57GB) t=4299s
  [SPARK ..flow] part=926/945 rank=63504 echelon_nz=213249446 peak=213889446(~2.57GB) t=4318s
  [SPARK ..flow] part=927/945 rank=63504 echelon_nz=213249446 peak=213889446(~2.57GB) t=4335s
  [SPARK ..flow] part=928/945 rank=63504 echelon_nz=213249446 peak=213889446(~2.57GB) t=4354s
  [SPARK ..flow] part=929/945 rank=63504 echelon_nz=213249446 peak=213889446(~2.57GB) t=4374s
  [SPARK ..flow] part=930/945 rank=63504 echelon_nz=213249446 peak=213889446(~2.57GB) t=4383s
  [SPARK ..flow] part=931/945 rank=63504 echelon_nz=213249446 peak=213889446(~2.57GB) t=4392s
  [SPARK ..flow] part=932/945 rank=63504 echelon_nz=213249446 peak=213889446(~2.57GB) t=4403s
  [SPARK ..flow] part=933/945 rank=63504 echelon_nz=213249446 peak=213889446(~2.57GB) t=4412s
  [SPARK ..flow] part=934/945 rank=63504 echelon_nz=213249446 peak=213889446(~2.57GB) t=4425s
  [SPARK ..flow] part=935/945 rank=63504 echelon_nz=213249446 peak=213889446(~2.57GB) t=4440s
  [SPARK ..flow] part=936/945 rank=63504 echelon_nz=213249446 peak=213889446(~2.57GB) t=4451s
  [SPARK ..flow] part=937/945 rank=63504 echelon_nz=213249446 peak=213889446(~2.57GB) t=4468s
  [SPARK ..flow] part=938/945 rank=63504 echelon_nz=213249446 peak=213889446(~2.57GB) t=4487s
  [SPARK ..flow] part=939/945 rank=63504 echelon_nz=213249446 peak=213889446(~2.57GB) t=4501s
  [SPARK ..flow] part=940/945 rank=63504 echelon_nz=213249446 peak=213889446(~2.57GB) t=4520s
  [SPARK ..flow] part=941/945 rank=63504 echelon_nz=213249446 peak=213889446(~2.57GB) t=4541s
  [SPARK ..flow] part=942/945 rank=63504 echelon_nz=213249446 peak=213889446(~2.57GB) t=4560s
  [SPARK ..flow] part=943/945 rank=63504 echelon_nz=213249446 peak=213889446(~2.57GB) t=4581s
  [SPARK ..flow] part=944/945 rank=63504 echelon_nz=213249446 peak=213889446(~2.57GB) t=4601s
  [SPARK done] rank=63504 echelon_nz=213249446 peak=213889446(~2.57GB) t=4601s
  char 5 COMPLETE: rank_p=63504 dim_F5=198640  TURBINE LIVE PEAK nz=213889446 (~2.57 GB)

================ VERDICT ================
dim_C  = 198640   (Method A eigenbasis, cross-prime)
dim_F5 = 198640
VERDICT = PRIMITIVE
=> L(X) primitive. Standard linear cycles GENERATE the integral Hodge lattice.
