================ LETHAL DUAL ENGINE  n=4 m=4  DIM=243  partitions=15 ================
Author: Rafael Amichis Luengo (Madrid). Method: Degtyarev-Shimada (arXiv:1405.4683 S5).
char-p: CRT block split of F_p[t]/phi = A x B (phi = (t-1)^a * g^b). Blocks reduced one at a
        time and released; RAM peak = largest single block. No extension-field arithmetic.
GATE every run: sum of per-block ranks must equal the monolithic rank, else VOID.

[METHOD A] dim_C via eigenbasis, cross-prime (primes = 1 mod m):
   P=1000033 -> dim_C = 102
   P=1000037 -> dim_C = 102
   P=1000081 -> dim_C = 102
   P=1000117 -> dim_C = 102
   P=1000121 -> dim_C = 102
   cross-prime: CONSISTENT   dim_C = 102   [0.00 s over 5 primes]

[METHOD B] dim_Fp via LETHAL DUAL (CRT block split, primes dividing m: 2)

  char 2 : LETHAL DUAL CRT block split
  [CRT] char 2 : phi splits  dimA=3  dimB=0  idempotents VALID
  [LDE start] char 2 : 32 CRT blocks, sequential (peak = largest single block)
  [LDE done] char 2 rank_total=141 peak=134219240(~0.134GB) biggest_block=#0 rank=141 (~0.067GB) t=0s
  char 2 COMPLETE: rank_p=141 dim_F2=102  PEAK bytes=134219240 (~0.134 GB)

================ VERDICT ================
dim_C  = 102   (Method A eigenbasis, cross-prime)
dim_F2 = 102
VERDICT = PRIMITIVE
=> L(X) primitive. Standard linear cycles GENERATE the integral Hodge lattice.
